[0.030s] Invoking command in '/home/v120506/rmitbot_v4/lesson5_ws/build/rmitbot_bringup': CMAKE_PREFIX_PATH=${CMAKE_PREFIX_PATH}:/opt/ros/jazzy DEBUGINFOD_URLS=https://debuginfod.ubuntu.com /usr/bin/cmake /home/v120506/rmitbot_v4/lesson5_ws/src/rmitbot_bringup -DCMAKE_INSTALL_PREFIX=/home/v120506/rmitbot_v4/lesson5_ws/install/rmitbot_bringup
[0.202s] -- The C compiler identification is GNU 13.3.0
[0.357s] -- The CXX compiler identification is GNU 13.3.0
[0.380s] -- Detecting C compiler ABI info
[0.519s] -- Detecting C compiler ABI info - done
[0.557s] -- Check for working C compiler: /usr/bin/cc - skipped
[0.557s] -- Detecting C compile features
[0.557s] -- Detecting C compile features - done
[0.581s] -- Detecting CXX compiler ABI info
[0.754s] -- Detecting CXX compiler ABI info - done
[0.773s] -- Check for working CXX compiler: /usr/bin/c++ - skipped
[0.774s] -- Detecting CXX compile features
[0.775s] -- Detecting CXX compile features - done
[0.783s] -- Found ament_cmake: 2.5.4 (/opt/ros/jazzy/share/ament_cmake/cmake)
[1.039s] -- Found Python3: /usr/bin/python3 (found version "3.12.3") found components: Interpreter 
[1.395s] -- Configuring done (1.4s)
[1.403s] -- Generating done (0.0s)
[1.403s] -- Build files have been written to: /home/v120506/rmitbot_v4/lesson5_ws/build/rmitbot_bringup
[1.418s] Invoked command in '/home/v120506/rmitbot_v4/lesson5_ws/build/rmitbot_bringup' returned '0': CMAKE_PREFIX_PATH=${CMAKE_PREFIX_PATH}:/opt/ros/jazzy DEBUGINFOD_URLS=https://debuginfod.ubuntu.com /usr/bin/cmake /home/v120506/rmitbot_v4/lesson5_ws/src/rmitbot_bringup -DCMAKE_INSTALL_PREFIX=/home/v120506/rmitbot_v4/lesson5_ws/install/rmitbot_bringup
[1.424s] Invoking command in '/home/v120506/rmitbot_v4/lesson5_ws/build/rmitbot_bringup': CMAKE_PREFIX_PATH=${CMAKE_PREFIX_PATH}:/opt/ros/jazzy DEBUGINFOD_URLS=https://debuginfod.ubuntu.com /usr/bin/cmake --build /home/v120506/rmitbot_v4/lesson5_ws/build/rmitbot_bringup -- -j8 -l8
[1.489s] Invoked command in '/home/v120506/rmitbot_v4/lesson5_ws/build/rmitbot_bringup' returned '0': CMAKE_PREFIX_PATH=${CMAKE_PREFIX_PATH}:/opt/ros/jazzy DEBUGINFOD_URLS=https://debuginfod.ubuntu.com /usr/bin/cmake --build /home/v120506/rmitbot_v4/lesson5_ws/build/rmitbot_bringup -- -j8 -l8
[1.511s] Invoking command in '/home/v120506/rmitbot_v4/lesson5_ws/build/rmitbot_bringup': CMAKE_PREFIX_PATH=${CMAKE_PREFIX_PATH}:/opt/ros/jazzy DEBUGINFOD_URLS=https://debuginfod.ubuntu.com /usr/bin/cmake --install /home/v120506/rmitbot_v4/lesson5_ws/build/rmitbot_bringup
[1.524s] -- Install configuration: ""
[1.525s] -- Installing: /home/v120506/rmitbot_v4/lesson5_ws/install/rmitbot_bringup/share/rmitbot_bringup/launch
[1.526s] -- Installing: /home/v120506/rmitbot_v4/lesson5_ws/install/rmitbot_bringup/share/rmitbot_bringup/launch/rmitbot.launch.py
[1.526s] -- Installing: /home/v120506/rmitbot_v4/lesson5_ws/install/rmitbot_bringup/share/ament_index/resource_index/package_run_dependencies/rmitbot_bringup
[1.529s] -- Installing: /home/v120506/rmitbot_v4/lesson5_ws/install/rmitbot_bringup/share/ament_index/resource_index/parent_prefix_path/rmitbot_bringup
[1.529s] -- Installing: /home/v120506/rmitbot_v4/lesson5_ws/install/rmitbot_bringup/share/rmitbot_bringup/environment/ament_prefix_path.sh
[1.529s] -- Installing: /home/v120506/rmitbot_v4/lesson5_ws/install/rmitbot_bringup/share/rmitbot_bringup/environment/ament_prefix_path.dsv
[1.530s] -- Installing: /home/v120506/rmitbot_v4/lesson5_ws/install/rmitbot_bringup/share/rmitbot_bringup/environment/path.sh
[1.530s] -- Installing: /home/v120506/rmitbot_v4/lesson5_ws/install/rmitbot_bringup/share/rmitbot_bringup/environment/path.dsv
[1.530s] -- Installing: /home/v120506/rmitbot_v4/lesson5_ws/install/rmitbot_bringup/share/rmitbot_bringup/local_setup.bash
[1.530s] -- Installing: /home/v120506/rmitbot_v4/lesson5_ws/install/rmitbot_bringup/share/rmitbot_bringup/local_setup.sh
[1.530s] -- Installing: /home/v120506/rmitbot_v4/lesson5_ws/install/rmitbot_bringup/share/rmitbot_bringup/local_setup.zsh
[1.530s] -- Installing: /home/v120506/rmitbot_v4/lesson5_ws/install/rmitbot_bringup/share/rmitbot_bringup/local_setup.dsv
[1.531s] -- Installing: /home/v120506/rmitbot_v4/lesson5_ws/install/rmitbot_bringup/share/rmitbot_bringup/package.dsv
[1.531s] -- Installing: /home/v120506/rmitbot_v4/lesson5_ws/install/rmitbot_bringup/share/ament_index/resource_index/packages/rmitbot_bringup
[1.531s] -- Installing: /home/v120506/rmitbot_v4/lesson5_ws/install/rmitbot_bringup/share/rmitbot_bringup/cmake/rmitbot_bringupConfig.cmake
[1.531s] -- Installing: /home/v120506/rmitbot_v4/lesson5_ws/install/rmitbot_bringup/share/rmitbot_bringup/cmake/rmitbot_bringupConfig-version.cmake
[1.531s] -- Installing: /home/v120506/rmitbot_v4/lesson5_ws/install/rmitbot_bringup/share/rmitbot_bringup/package.xml
[1.537s] Invoked command in '/home/v120506/rmitbot_v4/lesson5_ws/build/rmitbot_bringup' returned '0': CMAKE_PREFIX_PATH=${CMAKE_PREFIX_PATH}:/opt/ros/jazzy DEBUGINFOD_URLS=https://debuginfod.ubuntu.com /usr/bin/cmake --install /home/v120506/rmitbot_v4/lesson5_ws/build/rmitbot_bringup
