[0.288s] DEBUG:colcon:Command line arguments: ['/usr/bin/colcon', 'build']
[0.289s] DEBUG:colcon:Parsed command line arguments: Namespace(log_base=None, log_level=None, verb_name='build', build_base='build', install_base='install', merge_install=False, symlink_install=False, test_result_base=None, continue_on_error=False, executor='parallel', parallel_workers=8, event_handlers=None, ignore_user_meta=False, metas=['./colcon.meta'], base_paths=['.'], packages_ignore=None, packages_ignore_regex=None, paths=None, packages_up_to=None, packages_up_to_regex=None, packages_above=None, packages_above_and_dependencies=None, packages_above_depth=None, packages_select_by_dep=None, packages_skip_by_dep=None, packages_skip_up_to=None, packages_select_build_failed=False, packages_skip_build_finished=False, packages_select_test_failures=False, packages_skip_test_passed=False, packages_select=None, packages_skip=None, packages_select_regex=None, packages_skip_regex=None, packages_start=None, packages_end=None, allow_overriding=[], cmake_args=None, cmake_target=None, cmake_target_skip_unavailable=False, cmake_clean_cache=False, cmake_clean_first=False, cmake_force_configure=False, ament_cmake_args=None, catkin_cmake_args=None, catkin_skip_building_tests=False, mixin_files=None, mixin=None, verb_parser=<colcon_mixin.mixin.mixin_argument.MixinArgumentDecorator object at 0x7bd58b49ede0>, verb_extension=<colcon_core.verb.build.BuildVerb object at 0x7bd58b5c7410>, main=<bound method BuildVerb.main of <colcon_core.verb.build.BuildVerb object at 0x7bd58b5c7410>>, mixin_verb=('build',))
[0.394s] Level 1:colcon.colcon_core.package_discovery:discover_packages(colcon_meta) check parameters
[0.395s] Level 1:colcon.colcon_core.package_discovery:discover_packages(recursive) check parameters
[0.395s] Level 1:colcon.colcon_core.package_discovery:discover_packages(ignore) check parameters
[0.395s] Level 1:colcon.colcon_core.package_discovery:discover_packages(path) check parameters
[0.395s] Level 1:colcon.colcon_core.package_discovery:discover_packages(colcon_meta) discover
[0.395s] Level 1:colcon.colcon_core.package_discovery:discover_packages(recursive) discover
[0.396s] INFO:colcon.colcon_core.package_discovery:Crawling recursively for packages in '/home/v120506/rmitbot_v4/lesson5_ws'
[0.396s] Level 1:colcon.colcon_core.package_identification:_identify(.) by extensions ['ignore', 'ignore_ament_install']
[0.396s] Level 1:colcon.colcon_core.package_identification:_identify(.) by extension 'ignore'
[0.396s] Level 1:colcon.colcon_core.package_identification:_identify(.) by extension 'ignore_ament_install'
[0.396s] Level 1:colcon.colcon_core.package_identification:_identify(.) by extensions ['colcon_pkg']
[0.396s] Level 1:colcon.colcon_core.package_identification:_identify(.) by extension 'colcon_pkg'
[0.396s] Level 1:colcon.colcon_core.package_identification:_identify(.) by extensions ['colcon_meta']
[0.396s] Level 1:colcon.colcon_core.package_identification:_identify(.) by extension 'colcon_meta'
[0.397s] Level 1:colcon.colcon_core.package_identification:_identify(.) by extensions ['ros']
[0.397s] Level 1:colcon.colcon_core.package_identification:_identify(.) by extension 'ros'
[0.478s] Level 1:colcon.colcon_core.package_identification:_identify(.) by extensions ['cmake', 'python']
[0.479s] Level 1:colcon.colcon_core.package_identification:_identify(.) by extension 'cmake'
[0.479s] Level 1:colcon.colcon_core.package_identification:_identify(.) by extension 'python'
[0.479s] Level 1:colcon.colcon_core.package_identification:_identify(.) by extensions ['python_setup_py']
[0.479s] Level 1:colcon.colcon_core.package_identification:_identify(.) by extension 'python_setup_py'
[0.479s] Level 1:colcon.colcon_core.package_identification:_identify(build) by extensions ['ignore', 'ignore_ament_install']
[0.479s] Level 1:colcon.colcon_core.package_identification:_identify(build) by extension 'ignore'
[0.479s] Level 1:colcon.colcon_core.package_identification:_identify(build) ignored
[0.480s] Level 1:colcon.colcon_core.package_identification:_identify(install) by extensions ['ignore', 'ignore_ament_install']
[0.480s] Level 1:colcon.colcon_core.package_identification:_identify(install) by extension 'ignore'
[0.480s] Level 1:colcon.colcon_core.package_identification:_identify(install) ignored
[0.480s] Level 1:colcon.colcon_core.package_identification:_identify(log) by extensions ['ignore', 'ignore_ament_install']
[0.481s] Level 1:colcon.colcon_core.package_identification:_identify(log) by extension 'ignore'
[0.481s] Level 1:colcon.colcon_core.package_identification:_identify(log) ignored
[0.481s] Level 1:colcon.colcon_core.package_identification:_identify(src) by extensions ['ignore', 'ignore_ament_install']
[0.481s] Level 1:colcon.colcon_core.package_identification:_identify(src) by extension 'ignore'
[0.482s] Level 1:colcon.colcon_core.package_identification:_identify(src) by extension 'ignore_ament_install'
[0.482s] Level 1:colcon.colcon_core.package_identification:_identify(src) by extensions ['colcon_pkg']
[0.482s] Level 1:colcon.colcon_core.package_identification:_identify(src) by extension 'colcon_pkg'
[0.483s] Level 1:colcon.colcon_core.package_identification:_identify(src) by extensions ['colcon_meta']
[0.486s] Level 1:colcon.colcon_core.package_identification:_identify(src) by extension 'colcon_meta'
[0.486s] Level 1:colcon.colcon_core.package_identification:_identify(src) by extensions ['ros']
[0.486s] Level 1:colcon.colcon_core.package_identification:_identify(src) by extension 'ros'
[0.486s] Level 1:colcon.colcon_core.package_identification:_identify(src) by extensions ['cmake', 'python']
[0.486s] Level 1:colcon.colcon_core.package_identification:_identify(src) by extension 'cmake'
[0.486s] Level 1:colcon.colcon_core.package_identification:_identify(src) by extension 'python'
[0.486s] Level 1:colcon.colcon_core.package_identification:_identify(src) by extensions ['python_setup_py']
[0.486s] Level 1:colcon.colcon_core.package_identification:_identify(src) by extension 'python_setup_py'
[0.487s] Level 1:colcon.colcon_core.package_identification:_identify(src/rmitbot_bringup) by extensions ['ignore', 'ignore_ament_install']
[0.487s] Level 1:colcon.colcon_core.package_identification:_identify(src/rmitbot_bringup) by extension 'ignore'
[0.487s] Level 1:colcon.colcon_core.package_identification:_identify(src/rmitbot_bringup) by extension 'ignore_ament_install'
[0.487s] Level 1:colcon.colcon_core.package_identification:_identify(src/rmitbot_bringup) by extensions ['colcon_pkg']
[0.487s] Level 1:colcon.colcon_core.package_identification:_identify(src/rmitbot_bringup) by extension 'colcon_pkg'
[0.487s] Level 1:colcon.colcon_core.package_identification:_identify(src/rmitbot_bringup) by extensions ['colcon_meta']
[0.487s] Level 1:colcon.colcon_core.package_identification:_identify(src/rmitbot_bringup) by extension 'colcon_meta'
[0.487s] Level 1:colcon.colcon_core.package_identification:_identify(src/rmitbot_bringup) by extensions ['ros']
[0.488s] Level 1:colcon.colcon_core.package_identification:_identify(src/rmitbot_bringup) by extension 'ros'
[0.497s] DEBUG:colcon.colcon_core.package_identification:Package 'src/rmitbot_bringup' with type 'ros.ament_cmake' and name 'rmitbot_bringup'
[0.498s] Level 1:colcon.colcon_core.package_identification:_identify(src/rmitbot_controller) by extensions ['ignore', 'ignore_ament_install']
[0.499s] Level 1:colcon.colcon_core.package_identification:_identify(src/rmitbot_controller) by extension 'ignore'
[0.500s] Level 1:colcon.colcon_core.package_identification:_identify(src/rmitbot_controller) by extension 'ignore_ament_install'
[0.500s] Level 1:colcon.colcon_core.package_identification:_identify(src/rmitbot_controller) by extensions ['colcon_pkg']
[0.500s] Level 1:colcon.colcon_core.package_identification:_identify(src/rmitbot_controller) by extension 'colcon_pkg'
[0.500s] Level 1:colcon.colcon_core.package_identification:_identify(src/rmitbot_controller) by extensions ['colcon_meta']
[0.501s] Level 1:colcon.colcon_core.package_identification:_identify(src/rmitbot_controller) by extension 'colcon_meta'
[0.501s] Level 1:colcon.colcon_core.package_identification:_identify(src/rmitbot_controller) by extensions ['ros']
[0.501s] Level 1:colcon.colcon_core.package_identification:_identify(src/rmitbot_controller) by extension 'ros'
[0.502s] DEBUG:colcon.colcon_core.package_identification:Package 'src/rmitbot_controller' with type 'ros.ament_cmake' and name 'rmitbot_controller'
[0.502s] Level 1:colcon.colcon_core.package_identification:_identify(src/rmitbot_description) by extensions ['ignore', 'ignore_ament_install']
[0.503s] Level 1:colcon.colcon_core.package_identification:_identify(src/rmitbot_description) by extension 'ignore'
[0.503s] Level 1:colcon.colcon_core.package_identification:_identify(src/rmitbot_description) by extension 'ignore_ament_install'
[0.503s] Level 1:colcon.colcon_core.package_identification:_identify(src/rmitbot_description) by extensions ['colcon_pkg']
[0.503s] Level 1:colcon.colcon_core.package_identification:_identify(src/rmitbot_description) by extension 'colcon_pkg'
[0.503s] Level 1:colcon.colcon_core.package_identification:_identify(src/rmitbot_description) by extensions ['colcon_meta']
[0.504s] Level 1:colcon.colcon_core.package_identification:_identify(src/rmitbot_description) by extension 'colcon_meta'
[0.504s] Level 1:colcon.colcon_core.package_identification:_identify(src/rmitbot_description) by extensions ['ros']
[0.504s] Level 1:colcon.colcon_core.package_identification:_identify(src/rmitbot_description) by extension 'ros'
[0.505s] DEBUG:colcon.colcon_core.package_identification:Package 'src/rmitbot_description' with type 'ros.ament_cmake' and name 'rmitbot_description'
[0.505s] Level 1:colcon.colcon_core.package_identification:_identify(src/rmitbot_localization) by extensions ['ignore', 'ignore_ament_install']
[0.506s] Level 1:colcon.colcon_core.package_identification:_identify(src/rmitbot_localization) by extension 'ignore'
[0.506s] Level 1:colcon.colcon_core.package_identification:_identify(src/rmitbot_localization) by extension 'ignore_ament_install'
[0.506s] Level 1:colcon.colcon_core.package_identification:_identify(src/rmitbot_localization) by extensions ['colcon_pkg']
[0.506s] Level 1:colcon.colcon_core.package_identification:_identify(src/rmitbot_localization) by extension 'colcon_pkg'
[0.509s] Level 1:colcon.colcon_core.package_identification:_identify(src/rmitbot_localization) by extensions ['colcon_meta']
[0.509s] Level 1:colcon.colcon_core.package_identification:_identify(src/rmitbot_localization) by extension 'colcon_meta'
[0.510s] Level 1:colcon.colcon_core.package_identification:_identify(src/rmitbot_localization) by extensions ['ros']
[0.510s] Level 1:colcon.colcon_core.package_identification:_identify(src/rmitbot_localization) by extension 'ros'
[0.511s] DEBUG:colcon.colcon_core.package_identification:Package 'src/rmitbot_localization' with type 'ros.ament_cmake' and name 'rmitbot_localization'
[0.512s] Level 1:colcon.colcon_core.package_identification:_identify(src/rmitbot_mapping) by extensions ['ignore', 'ignore_ament_install']
[0.512s] Level 1:colcon.colcon_core.package_identification:_identify(src/rmitbot_mapping) by extension 'ignore'
[0.512s] Level 1:colcon.colcon_core.package_identification:_identify(src/rmitbot_mapping) by extension 'ignore_ament_install'
[0.512s] Level 1:colcon.colcon_core.package_identification:_identify(src/rmitbot_mapping) by extensions ['colcon_pkg']
[0.512s] Level 1:colcon.colcon_core.package_identification:_identify(src/rmitbot_mapping) by extension 'colcon_pkg'
[0.512s] Level 1:colcon.colcon_core.package_identification:_identify(src/rmitbot_mapping) by extensions ['colcon_meta']
[0.512s] Level 1:colcon.colcon_core.package_identification:_identify(src/rmitbot_mapping) by extension 'colcon_meta'
[0.512s] Level 1:colcon.colcon_core.package_identification:_identify(src/rmitbot_mapping) by extensions ['ros']
[0.512s] Level 1:colcon.colcon_core.package_identification:_identify(src/rmitbot_mapping) by extension 'ros'
[0.514s] DEBUG:colcon.colcon_core.package_identification:Package 'src/rmitbot_mapping' with type 'ros.ament_cmake' and name 'rmitbot_mapping'
[0.514s] Level 1:colcon.colcon_core.package_identification:_identify(src/rmitbot_navigation) by extensions ['ignore', 'ignore_ament_install']
[0.515s] Level 1:colcon.colcon_core.package_identification:_identify(src/rmitbot_navigation) by extension 'ignore'
[0.515s] Level 1:colcon.colcon_core.package_identification:_identify(src/rmitbot_navigation) by extension 'ignore_ament_install'
[0.516s] Level 1:colcon.colcon_core.package_identification:_identify(src/rmitbot_navigation) by extensions ['colcon_pkg']
[0.516s] Level 1:colcon.colcon_core.package_identification:_identify(src/rmitbot_navigation) by extension 'colcon_pkg'
[0.516s] Level 1:colcon.colcon_core.package_identification:_identify(src/rmitbot_navigation) by extensions ['colcon_meta']
[0.517s] Level 1:colcon.colcon_core.package_identification:_identify(src/rmitbot_navigation) by extension 'colcon_meta'
[0.518s] Level 1:colcon.colcon_core.package_identification:_identify(src/rmitbot_navigation) by extensions ['ros']
[0.518s] Level 1:colcon.colcon_core.package_identification:_identify(src/rmitbot_navigation) by extension 'ros'
[0.519s] DEBUG:colcon.colcon_core.package_identification:Package 'src/rmitbot_navigation' with type 'ros.ament_cmake' and name 'rmitbot_navigation'
[0.519s] Level 1:colcon.colcon_core.package_discovery:discover_packages(recursive) using defaults
[0.519s] Level 1:colcon.colcon_core.package_discovery:discover_packages(ignore) discover
[0.519s] Level 1:colcon.colcon_core.package_discovery:discover_packages(ignore) using defaults
[0.519s] Level 1:colcon.colcon_core.package_discovery:discover_packages(path) discover
[0.519s] Level 1:colcon.colcon_core.package_discovery:discover_packages(path) using defaults
[0.575s] Level 1:colcon.colcon_core.package_discovery:discover_packages(prefix_path) check parameters
[0.576s] Level 1:colcon.colcon_core.package_discovery:discover_packages(prefix_path) discover
[0.583s] DEBUG:colcon.colcon_installed_package_information.package_discovery:Found 6 installed packages in /home/v120506/rmitbot_v4/lesson5_ws/install
[0.591s] DEBUG:colcon.colcon_installed_package_information.package_discovery:Found 444 installed packages in /opt/ros/jazzy
[0.597s] Level 1:colcon.colcon_core.package_discovery:discover_packages(prefix_path) using defaults
[0.788s] Level 5:colcon.colcon_core.verb:set package 'rmitbot_bringup' build argument 'cmake_args' from command line to 'None'
[0.788s] Level 5:colcon.colcon_core.verb:set package 'rmitbot_bringup' build argument 'cmake_target' from command line to 'None'
[0.788s] Level 5:colcon.colcon_core.verb:set package 'rmitbot_bringup' build argument 'cmake_target_skip_unavailable' from command line to 'False'
[0.788s] Level 5:colcon.colcon_core.verb:set package 'rmitbot_bringup' build argument 'cmake_clean_cache' from command line to 'False'
[0.788s] Level 5:colcon.colcon_core.verb:set package 'rmitbot_bringup' build argument 'cmake_clean_first' from command line to 'False'
[0.789s] Level 5:colcon.colcon_core.verb:set package 'rmitbot_bringup' build argument 'cmake_force_configure' from command line to 'False'
[0.789s] Level 5:colcon.colcon_core.verb:set package 'rmitbot_bringup' build argument 'ament_cmake_args' from command line to 'None'
[0.789s] Level 5:colcon.colcon_core.verb:set package 'rmitbot_bringup' build argument 'catkin_cmake_args' from command line to 'None'
[0.789s] Level 5:colcon.colcon_core.verb:set package 'rmitbot_bringup' build argument 'catkin_skip_building_tests' from command line to 'False'
[0.789s] DEBUG:colcon.colcon_core.verb:Building package 'rmitbot_bringup' with the following arguments: {'ament_cmake_args': None, 'build_base': '/home/v120506/rmitbot_v4/lesson5_ws/build/rmitbot_bringup', 'catkin_cmake_args': None, 'catkin_skip_building_tests': False, 'cmake_args': None, 'cmake_clean_cache': False, 'cmake_clean_first': False, 'cmake_force_configure': False, 'cmake_target': None, 'cmake_target_skip_unavailable': False, 'install_base': '/home/v120506/rmitbot_v4/lesson5_ws/install/rmitbot_bringup', 'merge_install': False, 'path': '/home/v120506/rmitbot_v4/lesson5_ws/src/rmitbot_bringup', 'symlink_install': False, 'test_result_base': None}
[0.790s] Level 5:colcon.colcon_core.verb:set package 'rmitbot_controller' build argument 'cmake_args' from command line to 'None'
[0.790s] Level 5:colcon.colcon_core.verb:set package 'rmitbot_controller' build argument 'cmake_target' from command line to 'None'
[0.790s] Level 5:colcon.colcon_core.verb:set package 'rmitbot_controller' build argument 'cmake_target_skip_unavailable' from command line to 'False'
[0.790s] Level 5:colcon.colcon_core.verb:set package 'rmitbot_controller' build argument 'cmake_clean_cache' from command line to 'False'
[0.790s] Level 5:colcon.colcon_core.verb:set package 'rmitbot_controller' build argument 'cmake_clean_first' from command line to 'False'
[0.790s] Level 5:colcon.colcon_core.verb:set package 'rmitbot_controller' build argument 'cmake_force_configure' from command line to 'False'
[0.790s] Level 5:colcon.colcon_core.verb:set package 'rmitbot_controller' build argument 'ament_cmake_args' from command line to 'None'
[0.790s] Level 5:colcon.colcon_core.verb:set package 'rmitbot_controller' build argument 'catkin_cmake_args' from command line to 'None'
[0.790s] Level 5:colcon.colcon_core.verb:set package 'rmitbot_controller' build argument 'catkin_skip_building_tests' from command line to 'False'
[0.790s] DEBUG:colcon.colcon_core.verb:Building package 'rmitbot_controller' with the following arguments: {'ament_cmake_args': None, 'build_base': '/home/v120506/rmitbot_v4/lesson5_ws/build/rmitbot_controller', 'catkin_cmake_args': None, 'catkin_skip_building_tests': False, 'cmake_args': None, 'cmake_clean_cache': False, 'cmake_clean_first': False, 'cmake_force_configure': False, 'cmake_target': None, 'cmake_target_skip_unavailable': False, 'install_base': '/home/v120506/rmitbot_v4/lesson5_ws/install/rmitbot_controller', 'merge_install': False, 'path': '/home/v120506/rmitbot_v4/lesson5_ws/src/rmitbot_controller', 'symlink_install': False, 'test_result_base': None}
[0.791s] Level 5:colcon.colcon_core.verb:set package 'rmitbot_description' build argument 'cmake_args' from command line to 'None'
[0.791s] Level 5:colcon.colcon_core.verb:set package 'rmitbot_description' build argument 'cmake_target' from command line to 'None'
[0.792s] Level 5:colcon.colcon_core.verb:set package 'rmitbot_description' build argument 'cmake_target_skip_unavailable' from command line to 'False'
[0.792s] Level 5:colcon.colcon_core.verb:set package 'rmitbot_description' build argument 'cmake_clean_cache' from command line to 'False'
[0.792s] Level 5:colcon.colcon_core.verb:set package 'rmitbot_description' build argument 'cmake_clean_first' from command line to 'False'
[0.792s] Level 5:colcon.colcon_core.verb:set package 'rmitbot_description' build argument 'cmake_force_configure' from command line to 'False'
[0.792s] Level 5:colcon.colcon_core.verb:set package 'rmitbot_description' build argument 'ament_cmake_args' from command line to 'None'
[0.792s] Level 5:colcon.colcon_core.verb:set package 'rmitbot_description' build argument 'catkin_cmake_args' from command line to 'None'
[0.792s] Level 5:colcon.colcon_core.verb:set package 'rmitbot_description' build argument 'catkin_skip_building_tests' from command line to 'False'
[0.792s] DEBUG:colcon.colcon_core.verb:Building package 'rmitbot_description' with the following arguments: {'ament_cmake_args': None, 'build_base': '/home/v120506/rmitbot_v4/lesson5_ws/build/rmitbot_description', 'catkin_cmake_args': None, 'catkin_skip_building_tests': False, 'cmake_args': None, 'cmake_clean_cache': False, 'cmake_clean_first': False, 'cmake_force_configure': False, 'cmake_target': None, 'cmake_target_skip_unavailable': False, 'install_base': '/home/v120506/rmitbot_v4/lesson5_ws/install/rmitbot_description', 'merge_install': False, 'path': '/home/v120506/rmitbot_v4/lesson5_ws/src/rmitbot_description', 'symlink_install': False, 'test_result_base': None}
[0.793s] Level 5:colcon.colcon_core.verb:set package 'rmitbot_localization' build argument 'cmake_args' from command line to 'None'
[0.794s] Level 5:colcon.colcon_core.verb:set package 'rmitbot_localization' build argument 'cmake_target' from command line to 'None'
[0.794s] Level 5:colcon.colcon_core.verb:set package 'rmitbot_localization' build argument 'cmake_target_skip_unavailable' from command line to 'False'
[0.794s] Level 5:colcon.colcon_core.verb:set package 'rmitbot_localization' build argument 'cmake_clean_cache' from command line to 'False'
[0.794s] Level 5:colcon.colcon_core.verb:set package 'rmitbot_localization' build argument 'cmake_clean_first' from command line to 'False'
[0.794s] Level 5:colcon.colcon_core.verb:set package 'rmitbot_localization' build argument 'cmake_force_configure' from command line to 'False'
[0.794s] Level 5:colcon.colcon_core.verb:set package 'rmitbot_localization' build argument 'ament_cmake_args' from command line to 'None'
[0.795s] Level 5:colcon.colcon_core.verb:set package 'rmitbot_localization' build argument 'catkin_cmake_args' from command line to 'None'
[0.795s] Level 5:colcon.colcon_core.verb:set package 'rmitbot_localization' build argument 'catkin_skip_building_tests' from command line to 'False'
[0.795s] DEBUG:colcon.colcon_core.verb:Building package 'rmitbot_localization' with the following arguments: {'ament_cmake_args': None, 'build_base': '/home/v120506/rmitbot_v4/lesson5_ws/build/rmitbot_localization', 'catkin_cmake_args': None, 'catkin_skip_building_tests': False, 'cmake_args': None, 'cmake_clean_cache': False, 'cmake_clean_first': False, 'cmake_force_configure': False, 'cmake_target': None, 'cmake_target_skip_unavailable': False, 'install_base': '/home/v120506/rmitbot_v4/lesson5_ws/install/rmitbot_localization', 'merge_install': False, 'path': '/home/v120506/rmitbot_v4/lesson5_ws/src/rmitbot_localization', 'symlink_install': False, 'test_result_base': None}
[0.796s] Level 5:colcon.colcon_core.verb:set package 'rmitbot_mapping' build argument 'cmake_args' from command line to 'None'
[0.796s] Level 5:colcon.colcon_core.verb:set package 'rmitbot_mapping' build argument 'cmake_target' from command line to 'None'
[0.796s] Level 5:colcon.colcon_core.verb:set package 'rmitbot_mapping' build argument 'cmake_target_skip_unavailable' from command line to 'False'
[0.796s] Level 5:colcon.colcon_core.verb:set package 'rmitbot_mapping' build argument 'cmake_clean_cache' from command line to 'False'
[0.796s] Level 5:colcon.colcon_core.verb:set package 'rmitbot_mapping' build argument 'cmake_clean_first' from command line to 'False'
[0.796s] Level 5:colcon.colcon_core.verb:set package 'rmitbot_mapping' build argument 'cmake_force_configure' from command line to 'False'
[0.796s] Level 5:colcon.colcon_core.verb:set package 'rmitbot_mapping' build argument 'ament_cmake_args' from command line to 'None'
[0.796s] Level 5:colcon.colcon_core.verb:set package 'rmitbot_mapping' build argument 'catkin_cmake_args' from command line to 'None'
[0.797s] Level 5:colcon.colcon_core.verb:set package 'rmitbot_mapping' build argument 'catkin_skip_building_tests' from command line to 'False'
[0.797s] DEBUG:colcon.colcon_core.verb:Building package 'rmitbot_mapping' with the following arguments: {'ament_cmake_args': None, 'build_base': '/home/v120506/rmitbot_v4/lesson5_ws/build/rmitbot_mapping', 'catkin_cmake_args': None, 'catkin_skip_building_tests': False, 'cmake_args': None, 'cmake_clean_cache': False, 'cmake_clean_first': False, 'cmake_force_configure': False, 'cmake_target': None, 'cmake_target_skip_unavailable': False, 'install_base': '/home/v120506/rmitbot_v4/lesson5_ws/install/rmitbot_mapping', 'merge_install': False, 'path': '/home/v120506/rmitbot_v4/lesson5_ws/src/rmitbot_mapping', 'symlink_install': False, 'test_result_base': None}
[0.798s] Level 5:colcon.colcon_core.verb:set package 'rmitbot_navigation' build argument 'cmake_args' from command line to 'None'
[0.799s] Level 5:colcon.colcon_core.verb:set package 'rmitbot_navigation' build argument 'cmake_target' from command line to 'None'
[0.799s] Level 5:colcon.colcon_core.verb:set package 'rmitbot_navigation' build argument 'cmake_target_skip_unavailable' from command line to 'False'
[0.800s] Level 5:colcon.colcon_core.verb:set package 'rmitbot_navigation' build argument 'cmake_clean_cache' from command line to 'False'
[0.800s] Level 5:colcon.colcon_core.verb:set package 'rmitbot_navigation' build argument 'cmake_clean_first' from command line to 'False'
[0.800s] Level 5:colcon.colcon_core.verb:set package 'rmitbot_navigation' build argument 'cmake_force_configure' from command line to 'False'
[0.800s] Level 5:colcon.colcon_core.verb:set package 'rmitbot_navigation' build argument 'ament_cmake_args' from command line to 'None'
[0.800s] Level 5:colcon.colcon_core.verb:set package 'rmitbot_navigation' build argument 'catkin_cmake_args' from command line to 'None'
[0.800s] Level 5:colcon.colcon_core.verb:set package 'rmitbot_navigation' build argument 'catkin_skip_building_tests' from command line to 'False'
[0.800s] DEBUG:colcon.colcon_core.verb:Building package 'rmitbot_navigation' with the following arguments: {'ament_cmake_args': None, 'build_base': '/home/v120506/rmitbot_v4/lesson5_ws/build/rmitbot_navigation', 'catkin_cmake_args': None, 'catkin_skip_building_tests': False, 'cmake_args': None, 'cmake_clean_cache': False, 'cmake_clean_first': False, 'cmake_force_configure': False, 'cmake_target': None, 'cmake_target_skip_unavailable': False, 'install_base': '/home/v120506/rmitbot_v4/lesson5_ws/install/rmitbot_navigation', 'merge_install': False, 'path': '/home/v120506/rmitbot_v4/lesson5_ws/src/rmitbot_navigation', 'symlink_install': False, 'test_result_base': None}
[0.801s] INFO:colcon.colcon_core.executor:Executing jobs using 'parallel' executor
[0.804s] DEBUG:colcon.colcon_parallel_executor.executor.parallel:run_until_complete
[0.807s] INFO:colcon.colcon_ros.task.ament_cmake.build:Building ROS package in '/home/v120506/rmitbot_v4/lesson5_ws/src/rmitbot_bringup' with build type 'ament_cmake'
[0.807s] INFO:colcon.colcon_cmake.task.cmake.build:Building CMake package in '/home/v120506/rmitbot_v4/lesson5_ws/src/rmitbot_bringup'
[0.815s] INFO:colcon.colcon_core.plugin_system:Skipping extension 'colcon_core.shell.bat': Not used on non-Windows systems
[0.815s] INFO:colcon.colcon_core.shell:Skip shell extension 'powershell' for command environment: Not usable outside of PowerShell
[0.815s] DEBUG:colcon.colcon_core.shell:Skip shell extension 'dsv' for command environment
[0.832s] INFO:colcon.colcon_ros.task.ament_cmake.build:Building ROS package in '/home/v120506/rmitbot_v4/lesson5_ws/src/rmitbot_controller' with build type 'ament_cmake'
[0.833s] INFO:colcon.colcon_cmake.task.cmake.build:Building CMake package in '/home/v120506/rmitbot_v4/lesson5_ws/src/rmitbot_controller'
[0.833s] INFO:colcon.colcon_core.shell:Skip shell extension 'powershell' for command environment: Not usable outside of PowerShell
[0.833s] DEBUG:colcon.colcon_core.shell:Skip shell extension 'dsv' for command environment
[0.853s] INFO:colcon.colcon_ros.task.ament_cmake.build:Building ROS package in '/home/v120506/rmitbot_v4/lesson5_ws/src/rmitbot_description' with build type 'ament_cmake'
[0.853s] INFO:colcon.colcon_cmake.task.cmake.build:Building CMake package in '/home/v120506/rmitbot_v4/lesson5_ws/src/rmitbot_description'
[0.853s] INFO:colcon.colcon_core.shell:Skip shell extension 'powershell' for command environment: Not usable outside of PowerShell
[0.854s] DEBUG:colcon.colcon_core.shell:Skip shell extension 'dsv' for command environment
[0.879s] INFO:colcon.colcon_ros.task.ament_cmake.build:Building ROS package in '/home/v120506/rmitbot_v4/lesson5_ws/src/rmitbot_localization' with build type 'ament_cmake'
[0.882s] INFO:colcon.colcon_cmake.task.cmake.build:Building CMake package in '/home/v120506/rmitbot_v4/lesson5_ws/src/rmitbot_localization'
[0.882s] INFO:colcon.colcon_core.shell:Skip shell extension 'powershell' for command environment: Not usable outside of PowerShell
[0.882s] DEBUG:colcon.colcon_core.shell:Skip shell extension 'dsv' for command environment
[0.920s] INFO:colcon.colcon_ros.task.ament_cmake.build:Building ROS package in '/home/v120506/rmitbot_v4/lesson5_ws/src/rmitbot_mapping' with build type 'ament_cmake'
[0.920s] INFO:colcon.colcon_cmake.task.cmake.build:Building CMake package in '/home/v120506/rmitbot_v4/lesson5_ws/src/rmitbot_mapping'
[0.920s] INFO:colcon.colcon_core.shell:Skip shell extension 'powershell' for command environment: Not usable outside of PowerShell
[0.920s] DEBUG:colcon.colcon_core.shell:Skip shell extension 'dsv' for command environment
[0.948s] INFO:colcon.colcon_ros.task.ament_cmake.build:Building ROS package in '/home/v120506/rmitbot_v4/lesson5_ws/src/rmitbot_navigation' with build type 'ament_cmake'
[0.949s] INFO:colcon.colcon_cmake.task.cmake.build:Building CMake package in '/home/v120506/rmitbot_v4/lesson5_ws/src/rmitbot_navigation'
[0.949s] INFO:colcon.colcon_core.shell:Skip shell extension 'powershell' for command environment: Not usable outside of PowerShell
[0.949s] DEBUG:colcon.colcon_core.shell:Skip shell extension 'dsv' for command environment
[0.988s] DEBUG:colcon.colcon_core.event_handler.log_command:Invoking command in '/home/v120506/rmitbot_v4/lesson5_ws/build/rmitbot_bringup': CMAKE_PREFIX_PATH=${CMAKE_PREFIX_PATH}:/opt/ros/jazzy DEBUGINFOD_URLS=https://debuginfod.ubuntu.com /usr/bin/cmake --build /home/v120506/rmitbot_v4/lesson5_ws/build/rmitbot_bringup -- -j8 -l8
[0.999s] DEBUG:colcon.colcon_core.event_handler.log_command:Invoking command in '/home/v120506/rmitbot_v4/lesson5_ws/build/rmitbot_controller': CMAKE_PREFIX_PATH=${CMAKE_PREFIX_PATH}:/opt/ros/jazzy DEBUGINFOD_URLS=https://debuginfod.ubuntu.com /usr/bin/cmake --build /home/v120506/rmitbot_v4/lesson5_ws/build/rmitbot_controller -- -j8 -l8
[1.020s] DEBUG:colcon.colcon_core.event_handler.log_command:Invoking command in '/home/v120506/rmitbot_v4/lesson5_ws/build/rmitbot_description': CMAKE_PREFIX_PATH=${CMAKE_PREFIX_PATH}:/opt/ros/jazzy DEBUGINFOD_URLS=https://debuginfod.ubuntu.com /usr/bin/cmake --build /home/v120506/rmitbot_v4/lesson5_ws/build/rmitbot_description -- -j8 -l8
[1.036s] DEBUG:colcon.colcon_core.event_handler.log_command:Invoking command in '/home/v120506/rmitbot_v4/lesson5_ws/build/rmitbot_localization': CMAKE_PREFIX_PATH=${CMAKE_PREFIX_PATH}:/opt/ros/jazzy DEBUGINFOD_URLS=https://debuginfod.ubuntu.com /usr/bin/cmake --build /home/v120506/rmitbot_v4/lesson5_ws/build/rmitbot_localization -- -j8 -l8
[1.050s] DEBUG:colcon.colcon_core.event_handler.log_command:Invoking command in '/home/v120506/rmitbot_v4/lesson5_ws/build/rmitbot_mapping': CMAKE_PREFIX_PATH=${CMAKE_PREFIX_PATH}:/opt/ros/jazzy DEBUGINFOD_URLS=https://debuginfod.ubuntu.com /usr/bin/cmake --build /home/v120506/rmitbot_v4/lesson5_ws/build/rmitbot_mapping -- -j8 -l8
[1.094s] DEBUG:colcon.colcon_core.event_handler.log_command:Invoking command in '/home/v120506/rmitbot_v4/lesson5_ws/build/rmitbot_navigation': CMAKE_PREFIX_PATH=${CMAKE_PREFIX_PATH}:/opt/ros/jazzy DEBUGINFOD_URLS=https://debuginfod.ubuntu.com /usr/bin/cmake --build /home/v120506/rmitbot_v4/lesson5_ws/build/rmitbot_navigation -- -j8 -l8
[1.132s] DEBUG:colcon.colcon_core.event_handler.log_command:Invoked command in '/home/v120506/rmitbot_v4/lesson5_ws/build/rmitbot_bringup' returned '0': CMAKE_PREFIX_PATH=${CMAKE_PREFIX_PATH}:/opt/ros/jazzy DEBUGINFOD_URLS=https://debuginfod.ubuntu.com /usr/bin/cmake --build /home/v120506/rmitbot_v4/lesson5_ws/build/rmitbot_bringup -- -j8 -l8
[1.167s] DEBUG:colcon.colcon_core.event_handler.log_command:Invoking command in '/home/v120506/rmitbot_v4/lesson5_ws/build/rmitbot_bringup': CMAKE_PREFIX_PATH=${CMAKE_PREFIX_PATH}:/opt/ros/jazzy DEBUGINFOD_URLS=https://debuginfod.ubuntu.com /usr/bin/cmake --install /home/v120506/rmitbot_v4/lesson5_ws/build/rmitbot_bringup
[1.223s] Level 1:colcon.colcon_core.environment:create_environment_scripts_only(rmitbot_bringup)
[1.227s] DEBUG:colcon.colcon_core.event_handler.log_command:Invoked command in '/home/v120506/rmitbot_v4/lesson5_ws/build/rmitbot_bringup' returned '0': CMAKE_PREFIX_PATH=${CMAKE_PREFIX_PATH}:/opt/ros/jazzy DEBUGINFOD_URLS=https://debuginfod.ubuntu.com /usr/bin/cmake --install /home/v120506/rmitbot_v4/lesson5_ws/build/rmitbot_bringup
[1.239s] Level 1:colcon.colcon_core.environment:checking '/home/v120506/rmitbot_v4/lesson5_ws/install/rmitbot_bringup' for CMake module files
[1.247s] Level 1:colcon.colcon_core.environment:checking '/home/v120506/rmitbot_v4/lesson5_ws/install/rmitbot_bringup' for CMake config files
[1.248s] Level 1:colcon.colcon_core.shell:create_environment_hook('rmitbot_bringup', 'cmake_prefix_path')
[1.248s] INFO:colcon.colcon_core.shell:Creating environment hook '/home/v120506/rmitbot_v4/lesson5_ws/install/rmitbot_bringup/share/rmitbot_bringup/hook/cmake_prefix_path.ps1'
[1.251s] INFO:colcon.colcon_core.shell:Creating environment descriptor '/home/v120506/rmitbot_v4/lesson5_ws/install/rmitbot_bringup/share/rmitbot_bringup/hook/cmake_prefix_path.dsv'
[1.252s] INFO:colcon.colcon_core.shell:Creating environment hook '/home/v120506/rmitbot_v4/lesson5_ws/install/rmitbot_bringup/share/rmitbot_bringup/hook/cmake_prefix_path.sh'
[1.254s] Level 1:colcon.colcon_core.environment:checking '/home/v120506/rmitbot_v4/lesson5_ws/install/rmitbot_bringup/bin'
[1.254s] Level 1:colcon.colcon_core.environment:checking '/home/v120506/rmitbot_v4/lesson5_ws/install/rmitbot_bringup/lib/pkgconfig/rmitbot_bringup.pc'
[1.255s] Level 1:colcon.colcon_core.environment:checking '/home/v120506/rmitbot_v4/lesson5_ws/install/rmitbot_bringup/lib/python3.12/site-packages'
[1.255s] Level 1:colcon.colcon_core.environment:checking '/home/v120506/rmitbot_v4/lesson5_ws/install/rmitbot_bringup/bin'
[1.256s] INFO:colcon.colcon_core.shell:Creating package script '/home/v120506/rmitbot_v4/lesson5_ws/install/rmitbot_bringup/share/rmitbot_bringup/package.ps1'
[1.257s] INFO:colcon.colcon_core.shell:Creating package descriptor '/home/v120506/rmitbot_v4/lesson5_ws/install/rmitbot_bringup/share/rmitbot_bringup/package.dsv'
[1.259s] INFO:colcon.colcon_core.shell:Creating package script '/home/v120506/rmitbot_v4/lesson5_ws/install/rmitbot_bringup/share/rmitbot_bringup/package.sh'
[1.260s] INFO:colcon.colcon_core.shell:Creating package script '/home/v120506/rmitbot_v4/lesson5_ws/install/rmitbot_bringup/share/rmitbot_bringup/package.bash'
[1.262s] INFO:colcon.colcon_core.shell:Creating package script '/home/v120506/rmitbot_v4/lesson5_ws/install/rmitbot_bringup/share/rmitbot_bringup/package.zsh'
[1.263s] Level 1:colcon.colcon_core.environment:create_file_with_runtime_dependencies(/home/v120506/rmitbot_v4/lesson5_ws/install/rmitbot_bringup/share/colcon-core/packages/rmitbot_bringup)
[1.264s] Level 1:colcon.colcon_core.environment:create_environment_scripts_only(rmitbot_bringup)
[1.265s] Level 1:colcon.colcon_core.environment:checking '/home/v120506/rmitbot_v4/lesson5_ws/install/rmitbot_bringup' for CMake module files
[1.266s] Level 1:colcon.colcon_core.environment:checking '/home/v120506/rmitbot_v4/lesson5_ws/install/rmitbot_bringup' for CMake config files
[1.266s] Level 1:colcon.colcon_core.shell:create_environment_hook('rmitbot_bringup', 'cmake_prefix_path')
[1.267s] INFO:colcon.colcon_core.shell:Creating environment hook '/home/v120506/rmitbot_v4/lesson5_ws/install/rmitbot_bringup/share/rmitbot_bringup/hook/cmake_prefix_path.ps1'
[1.268s] INFO:colcon.colcon_core.shell:Creating environment descriptor '/home/v120506/rmitbot_v4/lesson5_ws/install/rmitbot_bringup/share/rmitbot_bringup/hook/cmake_prefix_path.dsv'
[1.268s] INFO:colcon.colcon_core.shell:Creating environment hook '/home/v120506/rmitbot_v4/lesson5_ws/install/rmitbot_bringup/share/rmitbot_bringup/hook/cmake_prefix_path.sh'
[1.270s] Level 1:colcon.colcon_core.environment:checking '/home/v120506/rmitbot_v4/lesson5_ws/install/rmitbot_bringup/bin'
[1.270s] Level 1:colcon.colcon_core.environment:checking '/home/v120506/rmitbot_v4/lesson5_ws/install/rmitbot_bringup/lib/pkgconfig/rmitbot_bringup.pc'
[1.270s] Level 1:colcon.colcon_core.environment:checking '/home/v120506/rmitbot_v4/lesson5_ws/install/rmitbot_bringup/lib/python3.12/site-packages'
[1.271s] Level 1:colcon.colcon_core.environment:checking '/home/v120506/rmitbot_v4/lesson5_ws/install/rmitbot_bringup/bin'
[1.272s] INFO:colcon.colcon_core.shell:Creating package script '/home/v120506/rmitbot_v4/lesson5_ws/install/rmitbot_bringup/share/rmitbot_bringup/package.ps1'
[1.273s] INFO:colcon.colcon_core.shell:Creating package descriptor '/home/v120506/rmitbot_v4/lesson5_ws/install/rmitbot_bringup/share/rmitbot_bringup/package.dsv'
[1.274s] INFO:colcon.colcon_core.shell:Creating package script '/home/v120506/rmitbot_v4/lesson5_ws/install/rmitbot_bringup/share/rmitbot_bringup/package.sh'
[1.275s] INFO:colcon.colcon_core.shell:Creating package script '/home/v120506/rmitbot_v4/lesson5_ws/install/rmitbot_bringup/share/rmitbot_bringup/package.bash'
[1.276s] INFO:colcon.colcon_core.shell:Creating package script '/home/v120506/rmitbot_v4/lesson5_ws/install/rmitbot_bringup/share/rmitbot_bringup/package.zsh'
[1.277s] Level 1:colcon.colcon_core.environment:create_file_with_runtime_dependencies(/home/v120506/rmitbot_v4/lesson5_ws/install/rmitbot_bringup/share/colcon-core/packages/rmitbot_bringup)
[1.284s] DEBUG:colcon.colcon_core.event_handler.log_command:Invoked command in '/home/v120506/rmitbot_v4/lesson5_ws/build/rmitbot_description' returned '0': CMAKE_PREFIX_PATH=${CMAKE_PREFIX_PATH}:/opt/ros/jazzy DEBUGINFOD_URLS=https://debuginfod.ubuntu.com /usr/bin/cmake --build /home/v120506/rmitbot_v4/lesson5_ws/build/rmitbot_description -- -j8 -l8
[1.288s] DEBUG:colcon.colcon_core.event_handler.log_command:Invoking command in '/home/v120506/rmitbot_v4/lesson5_ws/build/rmitbot_description': CMAKE_PREFIX_PATH=${CMAKE_PREFIX_PATH}:/opt/ros/jazzy DEBUGINFOD_URLS=https://debuginfod.ubuntu.com /usr/bin/cmake --install /home/v120506/rmitbot_v4/lesson5_ws/build/rmitbot_description
[1.294s] DEBUG:colcon.colcon_core.event_handler.log_command:Invoked command in '/home/v120506/rmitbot_v4/lesson5_ws/build/rmitbot_mapping' returned '0': CMAKE_PREFIX_PATH=${CMAKE_PREFIX_PATH}:/opt/ros/jazzy DEBUGINFOD_URLS=https://debuginfod.ubuntu.com /usr/bin/cmake --build /home/v120506/rmitbot_v4/lesson5_ws/build/rmitbot_mapping -- -j8 -l8
[1.295s] DEBUG:colcon.colcon_core.event_handler.log_command:Invoking command in '/home/v120506/rmitbot_v4/lesson5_ws/build/rmitbot_mapping': CMAKE_PREFIX_PATH=${CMAKE_PREFIX_PATH}:/opt/ros/jazzy DEBUGINFOD_URLS=https://debuginfod.ubuntu.com /usr/bin/cmake --install /home/v120506/rmitbot_v4/lesson5_ws/build/rmitbot_mapping
[1.306s] DEBUG:colcon.colcon_core.event_handler.log_command:Invoked command in '/home/v120506/rmitbot_v4/lesson5_ws/build/rmitbot_localization' returned '0': CMAKE_PREFIX_PATH=${CMAKE_PREFIX_PATH}:/opt/ros/jazzy DEBUGINFOD_URLS=https://debuginfod.ubuntu.com /usr/bin/cmake --build /home/v120506/rmitbot_v4/lesson5_ws/build/rmitbot_localization -- -j8 -l8
[1.307s] DEBUG:colcon.colcon_core.event_handler.log_command:Invoking command in '/home/v120506/rmitbot_v4/lesson5_ws/build/rmitbot_localization': CMAKE_PREFIX_PATH=${CMAKE_PREFIX_PATH}:/opt/ros/jazzy DEBUGINFOD_URLS=https://debuginfod.ubuntu.com /usr/bin/cmake --install /home/v120506/rmitbot_v4/lesson5_ws/build/rmitbot_localization
[1.326s] DEBUG:colcon.colcon_core.event_handler.log_command:Invoked command in '/home/v120506/rmitbot_v4/lesson5_ws/build/rmitbot_controller' returned '0': CMAKE_PREFIX_PATH=${CMAKE_PREFIX_PATH}:/opt/ros/jazzy DEBUGINFOD_URLS=https://debuginfod.ubuntu.com /usr/bin/cmake --build /home/v120506/rmitbot_v4/lesson5_ws/build/rmitbot_controller -- -j8 -l8
[1.339s] DEBUG:colcon.colcon_core.event_handler.log_command:Invoking command in '/home/v120506/rmitbot_v4/lesson5_ws/build/rmitbot_controller': CMAKE_PREFIX_PATH=${CMAKE_PREFIX_PATH}:/opt/ros/jazzy DEBUGINFOD_URLS=https://debuginfod.ubuntu.com /usr/bin/cmake --install /home/v120506/rmitbot_v4/lesson5_ws/build/rmitbot_controller
[1.339s] DEBUG:colcon.colcon_core.event_handler.log_command:Invoked command in '/home/v120506/rmitbot_v4/lesson5_ws/build/rmitbot_navigation' returned '0': CMAKE_PREFIX_PATH=${CMAKE_PREFIX_PATH}:/opt/ros/jazzy DEBUGINFOD_URLS=https://debuginfod.ubuntu.com /usr/bin/cmake --build /home/v120506/rmitbot_v4/lesson5_ws/build/rmitbot_navigation -- -j8 -l8
[1.342s] DEBUG:colcon.colcon_core.event_handler.log_command:Invoking command in '/home/v120506/rmitbot_v4/lesson5_ws/build/rmitbot_navigation': CMAKE_PREFIX_PATH=${CMAKE_PREFIX_PATH}:/opt/ros/jazzy DEBUGINFOD_URLS=https://debuginfod.ubuntu.com /usr/bin/cmake --install /home/v120506/rmitbot_v4/lesson5_ws/build/rmitbot_navigation
[1.351s] Level 1:colcon.colcon_core.environment:create_environment_scripts_only(rmitbot_description)
[1.351s] Level 1:colcon.colcon_core.environment:checking '/home/v120506/rmitbot_v4/lesson5_ws/install/rmitbot_description' for CMake module files
[1.353s] Level 1:colcon.colcon_core.environment:checking '/home/v120506/rmitbot_v4/lesson5_ws/install/rmitbot_description' for CMake config files
[1.353s] Level 1:colcon.colcon_core.shell:create_environment_hook('rmitbot_description', 'cmake_prefix_path')
[1.354s] INFO:colcon.colcon_core.shell:Creating environment hook '/home/v120506/rmitbot_v4/lesson5_ws/install/rmitbot_description/share/rmitbot_description/hook/cmake_prefix_path.ps1'
[1.357s] INFO:colcon.colcon_core.shell:Creating environment descriptor '/home/v120506/rmitbot_v4/lesson5_ws/install/rmitbot_description/share/rmitbot_description/hook/cmake_prefix_path.dsv'
[1.358s] INFO:colcon.colcon_core.shell:Creating environment hook '/home/v120506/rmitbot_v4/lesson5_ws/install/rmitbot_description/share/rmitbot_description/hook/cmake_prefix_path.sh'
[1.363s] DEBUG:colcon.colcon_core.event_handler.log_command:Invoked command in '/home/v120506/rmitbot_v4/lesson5_ws/build/rmitbot_description' returned '0': CMAKE_PREFIX_PATH=${CMAKE_PREFIX_PATH}:/opt/ros/jazzy DEBUGINFOD_URLS=https://debuginfod.ubuntu.com /usr/bin/cmake --install /home/v120506/rmitbot_v4/lesson5_ws/build/rmitbot_description
[1.363s] Level 1:colcon.colcon_core.environment:checking '/home/v120506/rmitbot_v4/lesson5_ws/install/rmitbot_description/bin'
[1.364s] Level 1:colcon.colcon_core.environment:checking '/home/v120506/rmitbot_v4/lesson5_ws/install/rmitbot_description/lib/pkgconfig/rmitbot_description.pc'
[1.365s] Level 1:colcon.colcon_core.environment:checking '/home/v120506/rmitbot_v4/lesson5_ws/install/rmitbot_description/lib/python3.12/site-packages'
[1.366s] Level 1:colcon.colcon_core.environment:checking '/home/v120506/rmitbot_v4/lesson5_ws/install/rmitbot_description/bin'
[1.366s] INFO:colcon.colcon_core.shell:Creating package script '/home/v120506/rmitbot_v4/lesson5_ws/install/rmitbot_description/share/rmitbot_description/package.ps1'
[1.370s] INFO:colcon.colcon_core.shell:Creating package descriptor '/home/v120506/rmitbot_v4/lesson5_ws/install/rmitbot_description/share/rmitbot_description/package.dsv'
[1.371s] INFO:colcon.colcon_core.shell:Creating package script '/home/v120506/rmitbot_v4/lesson5_ws/install/rmitbot_description/share/rmitbot_description/package.sh'
[1.374s] INFO:colcon.colcon_core.shell:Creating package script '/home/v120506/rmitbot_v4/lesson5_ws/install/rmitbot_description/share/rmitbot_description/package.bash'
[1.375s] INFO:colcon.colcon_core.shell:Creating package script '/home/v120506/rmitbot_v4/lesson5_ws/install/rmitbot_description/share/rmitbot_description/package.zsh'
[1.379s] Level 1:colcon.colcon_core.environment:create_file_with_runtime_dependencies(/home/v120506/rmitbot_v4/lesson5_ws/install/rmitbot_description/share/colcon-core/packages/rmitbot_description)
[1.380s] Level 1:colcon.colcon_core.environment:create_environment_scripts_only(rmitbot_description)
[1.380s] Level 1:colcon.colcon_core.environment:checking '/home/v120506/rmitbot_v4/lesson5_ws/install/rmitbot_description' for CMake module files
[1.403s] Level 1:colcon.colcon_core.environment:checking '/home/v120506/rmitbot_v4/lesson5_ws/install/rmitbot_description' for CMake config files
[1.404s] Level 1:colcon.colcon_core.shell:create_environment_hook('rmitbot_description', 'cmake_prefix_path')
[1.404s] INFO:colcon.colcon_core.shell:Creating environment hook '/home/v120506/rmitbot_v4/lesson5_ws/install/rmitbot_description/share/rmitbot_description/hook/cmake_prefix_path.ps1'
[1.405s] INFO:colcon.colcon_core.shell:Creating environment descriptor '/home/v120506/rmitbot_v4/lesson5_ws/install/rmitbot_description/share/rmitbot_description/hook/cmake_prefix_path.dsv'
[1.408s] INFO:colcon.colcon_core.shell:Creating environment hook '/home/v120506/rmitbot_v4/lesson5_ws/install/rmitbot_description/share/rmitbot_description/hook/cmake_prefix_path.sh'
[1.409s] Level 1:colcon.colcon_core.environment:checking '/home/v120506/rmitbot_v4/lesson5_ws/install/rmitbot_description/bin'
[1.409s] Level 1:colcon.colcon_core.environment:checking '/home/v120506/rmitbot_v4/lesson5_ws/install/rmitbot_description/lib/pkgconfig/rmitbot_description.pc'
[1.410s] Level 1:colcon.colcon_core.environment:checking '/home/v120506/rmitbot_v4/lesson5_ws/install/rmitbot_description/lib/python3.12/site-packages'
[1.410s] Level 1:colcon.colcon_core.environment:checking '/home/v120506/rmitbot_v4/lesson5_ws/install/rmitbot_description/bin'
[1.411s] INFO:colcon.colcon_core.shell:Creating package script '/home/v120506/rmitbot_v4/lesson5_ws/install/rmitbot_description/share/rmitbot_description/package.ps1'
[1.412s] INFO:colcon.colcon_core.shell:Creating package descriptor '/home/v120506/rmitbot_v4/lesson5_ws/install/rmitbot_description/share/rmitbot_description/package.dsv'
[1.415s] INFO:colcon.colcon_core.shell:Creating package script '/home/v120506/rmitbot_v4/lesson5_ws/install/rmitbot_description/share/rmitbot_description/package.sh'
[1.418s] INFO:colcon.colcon_core.shell:Creating package script '/home/v120506/rmitbot_v4/lesson5_ws/install/rmitbot_description/share/rmitbot_description/package.bash'
[1.419s] INFO:colcon.colcon_core.shell:Creating package script '/home/v120506/rmitbot_v4/lesson5_ws/install/rmitbot_description/share/rmitbot_description/package.zsh'
[1.420s] Level 1:colcon.colcon_core.environment:create_file_with_runtime_dependencies(/home/v120506/rmitbot_v4/lesson5_ws/install/rmitbot_description/share/colcon-core/packages/rmitbot_description)
[1.421s] Level 1:colcon.colcon_core.environment:create_environment_scripts_only(rmitbot_mapping)
[1.422s] DEBUG:colcon.colcon_core.event_handler.log_command:Invoked command in '/home/v120506/rmitbot_v4/lesson5_ws/build/rmitbot_mapping' returned '0': CMAKE_PREFIX_PATH=${CMAKE_PREFIX_PATH}:/opt/ros/jazzy DEBUGINFOD_URLS=https://debuginfod.ubuntu.com /usr/bin/cmake --install /home/v120506/rmitbot_v4/lesson5_ws/build/rmitbot_mapping
[1.425s] Level 1:colcon.colcon_core.environment:checking '/home/v120506/rmitbot_v4/lesson5_ws/install/rmitbot_mapping' for CMake module files
[1.426s] Level 1:colcon.colcon_core.environment:checking '/home/v120506/rmitbot_v4/lesson5_ws/install/rmitbot_mapping' for CMake config files
[1.426s] Level 1:colcon.colcon_core.shell:create_environment_hook('rmitbot_mapping', 'cmake_prefix_path')
[1.427s] INFO:colcon.colcon_core.shell:Creating environment hook '/home/v120506/rmitbot_v4/lesson5_ws/install/rmitbot_mapping/share/rmitbot_mapping/hook/cmake_prefix_path.ps1'
[1.428s] INFO:colcon.colcon_core.shell:Creating environment descriptor '/home/v120506/rmitbot_v4/lesson5_ws/install/rmitbot_mapping/share/rmitbot_mapping/hook/cmake_prefix_path.dsv'
[1.429s] INFO:colcon.colcon_core.shell:Creating environment hook '/home/v120506/rmitbot_v4/lesson5_ws/install/rmitbot_mapping/share/rmitbot_mapping/hook/cmake_prefix_path.sh'
[1.432s] Level 1:colcon.colcon_core.environment:checking '/home/v120506/rmitbot_v4/lesson5_ws/install/rmitbot_mapping/bin'
[1.432s] Level 1:colcon.colcon_core.environment:checking '/home/v120506/rmitbot_v4/lesson5_ws/install/rmitbot_mapping/lib/pkgconfig/rmitbot_mapping.pc'
[1.433s] Level 1:colcon.colcon_core.environment:checking '/home/v120506/rmitbot_v4/lesson5_ws/install/rmitbot_mapping/lib/python3.12/site-packages'
[1.436s] Level 1:colcon.colcon_core.environment:checking '/home/v120506/rmitbot_v4/lesson5_ws/install/rmitbot_mapping/bin'
[1.437s] INFO:colcon.colcon_core.shell:Creating package script '/home/v120506/rmitbot_v4/lesson5_ws/install/rmitbot_mapping/share/rmitbot_mapping/package.ps1'
[1.441s] INFO:colcon.colcon_core.shell:Creating package descriptor '/home/v120506/rmitbot_v4/lesson5_ws/install/rmitbot_mapping/share/rmitbot_mapping/package.dsv'
[1.443s] INFO:colcon.colcon_core.shell:Creating package script '/home/v120506/rmitbot_v4/lesson5_ws/install/rmitbot_mapping/share/rmitbot_mapping/package.sh'
[1.449s] INFO:colcon.colcon_core.shell:Creating package script '/home/v120506/rmitbot_v4/lesson5_ws/install/rmitbot_mapping/share/rmitbot_mapping/package.bash'
[1.464s] INFO:colcon.colcon_core.shell:Creating package script '/home/v120506/rmitbot_v4/lesson5_ws/install/rmitbot_mapping/share/rmitbot_mapping/package.zsh'
[1.465s] Level 1:colcon.colcon_core.environment:create_file_with_runtime_dependencies(/home/v120506/rmitbot_v4/lesson5_ws/install/rmitbot_mapping/share/colcon-core/packages/rmitbot_mapping)
[1.466s] Level 1:colcon.colcon_core.environment:create_environment_scripts_only(rmitbot_mapping)
[1.467s] Level 1:colcon.colcon_core.environment:checking '/home/v120506/rmitbot_v4/lesson5_ws/install/rmitbot_mapping' for CMake module files
[1.474s] Level 1:colcon.colcon_core.environment:checking '/home/v120506/rmitbot_v4/lesson5_ws/install/rmitbot_mapping' for CMake config files
[1.474s] Level 1:colcon.colcon_core.shell:create_environment_hook('rmitbot_mapping', 'cmake_prefix_path')
[1.475s] INFO:colcon.colcon_core.shell:Creating environment hook '/home/v120506/rmitbot_v4/lesson5_ws/install/rmitbot_mapping/share/rmitbot_mapping/hook/cmake_prefix_path.ps1'
[1.476s] INFO:colcon.colcon_core.shell:Creating environment descriptor '/home/v120506/rmitbot_v4/lesson5_ws/install/rmitbot_mapping/share/rmitbot_mapping/hook/cmake_prefix_path.dsv'
[1.480s] INFO:colcon.colcon_core.shell:Creating environment hook '/home/v120506/rmitbot_v4/lesson5_ws/install/rmitbot_mapping/share/rmitbot_mapping/hook/cmake_prefix_path.sh'
[1.482s] Level 1:colcon.colcon_core.environment:checking '/home/v120506/rmitbot_v4/lesson5_ws/install/rmitbot_mapping/bin'
[1.485s] Level 1:colcon.colcon_core.environment:checking '/home/v120506/rmitbot_v4/lesson5_ws/install/rmitbot_mapping/lib/pkgconfig/rmitbot_mapping.pc'
[1.486s] Level 1:colcon.colcon_core.environment:checking '/home/v120506/rmitbot_v4/lesson5_ws/install/rmitbot_mapping/lib/python3.12/site-packages'
[1.487s] Level 1:colcon.colcon_core.environment:checking '/home/v120506/rmitbot_v4/lesson5_ws/install/rmitbot_mapping/bin'
[1.488s] INFO:colcon.colcon_core.shell:Creating package script '/home/v120506/rmitbot_v4/lesson5_ws/install/rmitbot_mapping/share/rmitbot_mapping/package.ps1'
[1.489s] INFO:colcon.colcon_core.shell:Creating package descriptor '/home/v120506/rmitbot_v4/lesson5_ws/install/rmitbot_mapping/share/rmitbot_mapping/package.dsv'
[1.490s] INFO:colcon.colcon_core.shell:Creating package script '/home/v120506/rmitbot_v4/lesson5_ws/install/rmitbot_mapping/share/rmitbot_mapping/package.sh'
[1.491s] INFO:colcon.colcon_core.shell:Creating package script '/home/v120506/rmitbot_v4/lesson5_ws/install/rmitbot_mapping/share/rmitbot_mapping/package.bash'
[1.492s] INFO:colcon.colcon_core.shell:Creating package script '/home/v120506/rmitbot_v4/lesson5_ws/install/rmitbot_mapping/share/rmitbot_mapping/package.zsh'
[1.492s] Level 1:colcon.colcon_core.environment:create_file_with_runtime_dependencies(/home/v120506/rmitbot_v4/lesson5_ws/install/rmitbot_mapping/share/colcon-core/packages/rmitbot_mapping)
[1.495s] Level 1:colcon.colcon_core.environment:create_environment_scripts_only(rmitbot_localization)
[1.496s] Level 1:colcon.colcon_core.environment:checking '/home/v120506/rmitbot_v4/lesson5_ws/install/rmitbot_localization' for CMake module files
[1.497s] Level 1:colcon.colcon_core.environment:checking '/home/v120506/rmitbot_v4/lesson5_ws/install/rmitbot_localization' for CMake config files
[1.498s] Level 1:colcon.colcon_core.shell:create_environment_hook('rmitbot_localization', 'cmake_prefix_path')
[1.495s] DEBUG:colcon.colcon_core.event_handler.log_command:Invoked command in '/home/v120506/rmitbot_v4/lesson5_ws/build/rmitbot_localization' returned '0': CMAKE_PREFIX_PATH=${CMAKE_PREFIX_PATH}:/opt/ros/jazzy DEBUGINFOD_URLS=https://debuginfod.ubuntu.com /usr/bin/cmake --install /home/v120506/rmitbot_v4/lesson5_ws/build/rmitbot_localization
[1.498s] INFO:colcon.colcon_core.shell:Creating environment hook '/home/v120506/rmitbot_v4/lesson5_ws/install/rmitbot_localization/share/rmitbot_localization/hook/cmake_prefix_path.ps1'
[1.499s] INFO:colcon.colcon_core.shell:Creating environment descriptor '/home/v120506/rmitbot_v4/lesson5_ws/install/rmitbot_localization/share/rmitbot_localization/hook/cmake_prefix_path.dsv'
[1.500s] INFO:colcon.colcon_core.shell:Creating environment hook '/home/v120506/rmitbot_v4/lesson5_ws/install/rmitbot_localization/share/rmitbot_localization/hook/cmake_prefix_path.sh'
[1.502s] Level 1:colcon.colcon_core.environment:checking '/home/v120506/rmitbot_v4/lesson5_ws/install/rmitbot_localization/bin'
[1.502s] Level 1:colcon.colcon_core.environment:checking '/home/v120506/rmitbot_v4/lesson5_ws/install/rmitbot_localization/lib/pkgconfig/rmitbot_localization.pc'
[1.502s] Level 1:colcon.colcon_core.environment:checking '/home/v120506/rmitbot_v4/lesson5_ws/install/rmitbot_localization/lib/python3.12/site-packages'
[1.503s] Level 1:colcon.colcon_core.environment:checking '/home/v120506/rmitbot_v4/lesson5_ws/install/rmitbot_localization/bin'
[1.504s] INFO:colcon.colcon_core.shell:Creating package script '/home/v120506/rmitbot_v4/lesson5_ws/install/rmitbot_localization/share/rmitbot_localization/package.ps1'
[1.505s] INFO:colcon.colcon_core.shell:Creating package descriptor '/home/v120506/rmitbot_v4/lesson5_ws/install/rmitbot_localization/share/rmitbot_localization/package.dsv'
[1.506s] INFO:colcon.colcon_core.shell:Creating package script '/home/v120506/rmitbot_v4/lesson5_ws/install/rmitbot_localization/share/rmitbot_localization/package.sh'
[1.507s] INFO:colcon.colcon_core.shell:Creating package script '/home/v120506/rmitbot_v4/lesson5_ws/install/rmitbot_localization/share/rmitbot_localization/package.bash'
[1.508s] INFO:colcon.colcon_core.shell:Creating package script '/home/v120506/rmitbot_v4/lesson5_ws/install/rmitbot_localization/share/rmitbot_localization/package.zsh'
[1.508s] Level 1:colcon.colcon_core.environment:create_file_with_runtime_dependencies(/home/v120506/rmitbot_v4/lesson5_ws/install/rmitbot_localization/share/colcon-core/packages/rmitbot_localization)
[1.511s] Level 1:colcon.colcon_core.environment:create_environment_scripts_only(rmitbot_localization)
[1.512s] Level 1:colcon.colcon_core.environment:checking '/home/v120506/rmitbot_v4/lesson5_ws/install/rmitbot_localization' for CMake module files
[1.513s] Level 1:colcon.colcon_core.environment:checking '/home/v120506/rmitbot_v4/lesson5_ws/install/rmitbot_localization' for CMake config files
[1.514s] Level 1:colcon.colcon_core.shell:create_environment_hook('rmitbot_localization', 'cmake_prefix_path')
[1.514s] INFO:colcon.colcon_core.shell:Creating environment hook '/home/v120506/rmitbot_v4/lesson5_ws/install/rmitbot_localization/share/rmitbot_localization/hook/cmake_prefix_path.ps1'
[1.516s] INFO:colcon.colcon_core.shell:Creating environment descriptor '/home/v120506/rmitbot_v4/lesson5_ws/install/rmitbot_localization/share/rmitbot_localization/hook/cmake_prefix_path.dsv'
[1.517s] INFO:colcon.colcon_core.shell:Creating environment hook '/home/v120506/rmitbot_v4/lesson5_ws/install/rmitbot_localization/share/rmitbot_localization/hook/cmake_prefix_path.sh'
[1.520s] Level 1:colcon.colcon_core.environment:checking '/home/v120506/rmitbot_v4/lesson5_ws/install/rmitbot_localization/bin'
[1.520s] Level 1:colcon.colcon_core.environment:checking '/home/v120506/rmitbot_v4/lesson5_ws/install/rmitbot_localization/lib/pkgconfig/rmitbot_localization.pc'
[1.521s] Level 1:colcon.colcon_core.environment:checking '/home/v120506/rmitbot_v4/lesson5_ws/install/rmitbot_localization/lib/python3.12/site-packages'
[1.522s] Level 1:colcon.colcon_core.environment:checking '/home/v120506/rmitbot_v4/lesson5_ws/install/rmitbot_localization/bin'
[1.523s] INFO:colcon.colcon_core.shell:Creating package script '/home/v120506/rmitbot_v4/lesson5_ws/install/rmitbot_localization/share/rmitbot_localization/package.ps1'
[1.524s] INFO:colcon.colcon_core.shell:Creating package descriptor '/home/v120506/rmitbot_v4/lesson5_ws/install/rmitbot_localization/share/rmitbot_localization/package.dsv'
[1.526s] INFO:colcon.colcon_core.shell:Creating package script '/home/v120506/rmitbot_v4/lesson5_ws/install/rmitbot_localization/share/rmitbot_localization/package.sh'
[1.528s] INFO:colcon.colcon_core.shell:Creating package script '/home/v120506/rmitbot_v4/lesson5_ws/install/rmitbot_localization/share/rmitbot_localization/package.bash'
[1.528s] INFO:colcon.colcon_core.shell:Creating package script '/home/v120506/rmitbot_v4/lesson5_ws/install/rmitbot_localization/share/rmitbot_localization/package.zsh'
[1.531s] Level 1:colcon.colcon_core.environment:create_file_with_runtime_dependencies(/home/v120506/rmitbot_v4/lesson5_ws/install/rmitbot_localization/share/colcon-core/packages/rmitbot_localization)
[1.532s] Level 1:colcon.colcon_core.environment:create_environment_scripts_only(rmitbot_controller)
[1.534s] Level 1:colcon.colcon_core.environment:checking '/home/v120506/rmitbot_v4/lesson5_ws/install/rmitbot_controller' for CMake module files
[1.535s] Level 1:colcon.colcon_core.environment:checking '/home/v120506/rmitbot_v4/lesson5_ws/install/rmitbot_controller' for CMake config files
[1.533s] DEBUG:colcon.colcon_core.event_handler.log_command:Invoked command in '/home/v120506/rmitbot_v4/lesson5_ws/build/rmitbot_controller' returned '0': CMAKE_PREFIX_PATH=${CMAKE_PREFIX_PATH}:/opt/ros/jazzy DEBUGINFOD_URLS=https://debuginfod.ubuntu.com /usr/bin/cmake --install /home/v120506/rmitbot_v4/lesson5_ws/build/rmitbot_controller
[1.536s] Level 1:colcon.colcon_core.shell:create_environment_hook('rmitbot_controller', 'cmake_prefix_path')
[1.536s] INFO:colcon.colcon_core.shell:Creating environment hook '/home/v120506/rmitbot_v4/lesson5_ws/install/rmitbot_controller/share/rmitbot_controller/hook/cmake_prefix_path.ps1'
[1.537s] INFO:colcon.colcon_core.shell:Creating environment descriptor '/home/v120506/rmitbot_v4/lesson5_ws/install/rmitbot_controller/share/rmitbot_controller/hook/cmake_prefix_path.dsv'
[1.538s] INFO:colcon.colcon_core.shell:Creating environment hook '/home/v120506/rmitbot_v4/lesson5_ws/install/rmitbot_controller/share/rmitbot_controller/hook/cmake_prefix_path.sh'
[1.539s] Level 1:colcon.colcon_core.environment:checking '/home/v120506/rmitbot_v4/lesson5_ws/install/rmitbot_controller/bin'
[1.539s] Level 1:colcon.colcon_core.environment:checking '/home/v120506/rmitbot_v4/lesson5_ws/install/rmitbot_controller/lib/pkgconfig/rmitbot_controller.pc'
[1.539s] Level 1:colcon.colcon_core.environment:checking '/home/v120506/rmitbot_v4/lesson5_ws/install/rmitbot_controller/lib/python3.12/site-packages'
[1.540s] Level 1:colcon.colcon_core.environment:checking '/home/v120506/rmitbot_v4/lesson5_ws/install/rmitbot_controller/bin'
[1.541s] INFO:colcon.colcon_core.shell:Creating package script '/home/v120506/rmitbot_v4/lesson5_ws/install/rmitbot_controller/share/rmitbot_controller/package.ps1'
[1.542s] INFO:colcon.colcon_core.shell:Creating package descriptor '/home/v120506/rmitbot_v4/lesson5_ws/install/rmitbot_controller/share/rmitbot_controller/package.dsv'
[1.543s] INFO:colcon.colcon_core.shell:Creating package script '/home/v120506/rmitbot_v4/lesson5_ws/install/rmitbot_controller/share/rmitbot_controller/package.sh'
[1.543s] INFO:colcon.colcon_core.shell:Creating package script '/home/v120506/rmitbot_v4/lesson5_ws/install/rmitbot_controller/share/rmitbot_controller/package.bash'
[1.544s] INFO:colcon.colcon_core.shell:Creating package script '/home/v120506/rmitbot_v4/lesson5_ws/install/rmitbot_controller/share/rmitbot_controller/package.zsh'
[1.545s] Level 1:colcon.colcon_core.environment:create_file_with_runtime_dependencies(/home/v120506/rmitbot_v4/lesson5_ws/install/rmitbot_controller/share/colcon-core/packages/rmitbot_controller)
[1.546s] Level 1:colcon.colcon_core.environment:create_environment_scripts_only(rmitbot_controller)
[1.546s] Level 1:colcon.colcon_core.environment:checking '/home/v120506/rmitbot_v4/lesson5_ws/install/rmitbot_controller' for CMake module files
[1.547s] Level 1:colcon.colcon_core.environment:checking '/home/v120506/rmitbot_v4/lesson5_ws/install/rmitbot_controller' for CMake config files
[1.552s] Level 1:colcon.colcon_core.shell:create_environment_hook('rmitbot_controller', 'cmake_prefix_path')
[1.552s] INFO:colcon.colcon_core.shell:Creating environment hook '/home/v120506/rmitbot_v4/lesson5_ws/install/rmitbot_controller/share/rmitbot_controller/hook/cmake_prefix_path.ps1'
[1.554s] INFO:colcon.colcon_core.shell:Creating environment descriptor '/home/v120506/rmitbot_v4/lesson5_ws/install/rmitbot_controller/share/rmitbot_controller/hook/cmake_prefix_path.dsv'
[1.556s] INFO:colcon.colcon_core.shell:Creating environment hook '/home/v120506/rmitbot_v4/lesson5_ws/install/rmitbot_controller/share/rmitbot_controller/hook/cmake_prefix_path.sh'
[1.560s] Level 1:colcon.colcon_core.environment:checking '/home/v120506/rmitbot_v4/lesson5_ws/install/rmitbot_controller/bin'
[1.561s] Level 1:colcon.colcon_core.environment:checking '/home/v120506/rmitbot_v4/lesson5_ws/install/rmitbot_controller/lib/pkgconfig/rmitbot_controller.pc'
[1.562s] Level 1:colcon.colcon_core.environment:checking '/home/v120506/rmitbot_v4/lesson5_ws/install/rmitbot_controller/lib/python3.12/site-packages'
[1.563s] Level 1:colcon.colcon_core.environment:checking '/home/v120506/rmitbot_v4/lesson5_ws/install/rmitbot_controller/bin'
[1.564s] INFO:colcon.colcon_core.shell:Creating package script '/home/v120506/rmitbot_v4/lesson5_ws/install/rmitbot_controller/share/rmitbot_controller/package.ps1'
[1.569s] INFO:colcon.colcon_core.shell:Creating package descriptor '/home/v120506/rmitbot_v4/lesson5_ws/install/rmitbot_controller/share/rmitbot_controller/package.dsv'
[1.571s] INFO:colcon.colcon_core.shell:Creating package script '/home/v120506/rmitbot_v4/lesson5_ws/install/rmitbot_controller/share/rmitbot_controller/package.sh'
[1.572s] INFO:colcon.colcon_core.shell:Creating package script '/home/v120506/rmitbot_v4/lesson5_ws/install/rmitbot_controller/share/rmitbot_controller/package.bash'
[1.577s] INFO:colcon.colcon_core.shell:Creating package script '/home/v120506/rmitbot_v4/lesson5_ws/install/rmitbot_controller/share/rmitbot_controller/package.zsh'
[1.578s] Level 1:colcon.colcon_core.environment:create_file_with_runtime_dependencies(/home/v120506/rmitbot_v4/lesson5_ws/install/rmitbot_controller/share/colcon-core/packages/rmitbot_controller)
[1.581s] Level 1:colcon.colcon_core.environment:create_environment_scripts_only(rmitbot_navigation)
[1.585s] Level 1:colcon.colcon_core.environment:checking '/home/v120506/rmitbot_v4/lesson5_ws/install/rmitbot_navigation' for CMake module files
[1.582s] DEBUG:colcon.colcon_core.event_handler.log_command:Invoked command in '/home/v120506/rmitbot_v4/lesson5_ws/build/rmitbot_navigation' returned '0': CMAKE_PREFIX_PATH=${CMAKE_PREFIX_PATH}:/opt/ros/jazzy DEBUGINFOD_URLS=https://debuginfod.ubuntu.com /usr/bin/cmake --install /home/v120506/rmitbot_v4/lesson5_ws/build/rmitbot_navigation
[1.589s] Level 1:colcon.colcon_core.environment:checking '/home/v120506/rmitbot_v4/lesson5_ws/install/rmitbot_navigation' for CMake config files
[1.590s] Level 1:colcon.colcon_core.shell:create_environment_hook('rmitbot_navigation', 'cmake_prefix_path')
[1.590s] INFO:colcon.colcon_core.shell:Creating environment hook '/home/v120506/rmitbot_v4/lesson5_ws/install/rmitbot_navigation/share/rmitbot_navigation/hook/cmake_prefix_path.ps1'
[1.591s] INFO:colcon.colcon_core.shell:Creating environment descriptor '/home/v120506/rmitbot_v4/lesson5_ws/install/rmitbot_navigation/share/rmitbot_navigation/hook/cmake_prefix_path.dsv'
[1.594s] INFO:colcon.colcon_core.shell:Creating environment hook '/home/v120506/rmitbot_v4/lesson5_ws/install/rmitbot_navigation/share/rmitbot_navigation/hook/cmake_prefix_path.sh'
[1.595s] Level 1:colcon.colcon_core.environment:checking '/home/v120506/rmitbot_v4/lesson5_ws/install/rmitbot_navigation/bin'
[1.596s] Level 1:colcon.colcon_core.environment:checking '/home/v120506/rmitbot_v4/lesson5_ws/install/rmitbot_navigation/lib/pkgconfig/rmitbot_navigation.pc'
[1.597s] Level 1:colcon.colcon_core.environment:checking '/home/v120506/rmitbot_v4/lesson5_ws/install/rmitbot_navigation/lib/python3.12/site-packages'
[1.600s] Level 1:colcon.colcon_core.environment:checking '/home/v120506/rmitbot_v4/lesson5_ws/install/rmitbot_navigation/bin'
[1.603s] INFO:colcon.colcon_core.shell:Creating package script '/home/v120506/rmitbot_v4/lesson5_ws/install/rmitbot_navigation/share/rmitbot_navigation/package.ps1'
[1.604s] INFO:colcon.colcon_core.shell:Creating package descriptor '/home/v120506/rmitbot_v4/lesson5_ws/install/rmitbot_navigation/share/rmitbot_navigation/package.dsv'
[1.609s] INFO:colcon.colcon_core.shell:Creating package script '/home/v120506/rmitbot_v4/lesson5_ws/install/rmitbot_navigation/share/rmitbot_navigation/package.sh'
[1.610s] INFO:colcon.colcon_core.shell:Creating package script '/home/v120506/rmitbot_v4/lesson5_ws/install/rmitbot_navigation/share/rmitbot_navigation/package.bash'
[1.611s] INFO:colcon.colcon_core.shell:Creating package script '/home/v120506/rmitbot_v4/lesson5_ws/install/rmitbot_navigation/share/rmitbot_navigation/package.zsh'
[1.612s] Level 1:colcon.colcon_core.environment:create_file_with_runtime_dependencies(/home/v120506/rmitbot_v4/lesson5_ws/install/rmitbot_navigation/share/colcon-core/packages/rmitbot_navigation)
[1.620s] Level 1:colcon.colcon_core.environment:create_environment_scripts_only(rmitbot_navigation)
[1.621s] Level 1:colcon.colcon_core.environment:checking '/home/v120506/rmitbot_v4/lesson5_ws/install/rmitbot_navigation' for CMake module files
[1.624s] Level 1:colcon.colcon_core.environment:checking '/home/v120506/rmitbot_v4/lesson5_ws/install/rmitbot_navigation' for CMake config files
[1.625s] Level 1:colcon.colcon_core.shell:create_environment_hook('rmitbot_navigation', 'cmake_prefix_path')
[1.625s] INFO:colcon.colcon_core.shell:Creating environment hook '/home/v120506/rmitbot_v4/lesson5_ws/install/rmitbot_navigation/share/rmitbot_navigation/hook/cmake_prefix_path.ps1'
[1.626s] INFO:colcon.colcon_core.shell:Creating environment descriptor '/home/v120506/rmitbot_v4/lesson5_ws/install/rmitbot_navigation/share/rmitbot_navigation/hook/cmake_prefix_path.dsv'
[1.627s] INFO:colcon.colcon_core.shell:Creating environment hook '/home/v120506/rmitbot_v4/lesson5_ws/install/rmitbot_navigation/share/rmitbot_navigation/hook/cmake_prefix_path.sh'
[1.636s] Level 1:colcon.colcon_core.environment:checking '/home/v120506/rmitbot_v4/lesson5_ws/install/rmitbot_navigation/bin'
[1.636s] Level 1:colcon.colcon_core.environment:checking '/home/v120506/rmitbot_v4/lesson5_ws/install/rmitbot_navigation/lib/pkgconfig/rmitbot_navigation.pc'
[1.636s] Level 1:colcon.colcon_core.environment:checking '/home/v120506/rmitbot_v4/lesson5_ws/install/rmitbot_navigation/lib/python3.12/site-packages'
[1.639s] Level 1:colcon.colcon_core.environment:checking '/home/v120506/rmitbot_v4/lesson5_ws/install/rmitbot_navigation/bin'
[1.640s] INFO:colcon.colcon_core.shell:Creating package script '/home/v120506/rmitbot_v4/lesson5_ws/install/rmitbot_navigation/share/rmitbot_navigation/package.ps1'
[1.643s] INFO:colcon.colcon_core.shell:Creating package descriptor '/home/v120506/rmitbot_v4/lesson5_ws/install/rmitbot_navigation/share/rmitbot_navigation/package.dsv'
[1.645s] INFO:colcon.colcon_core.shell:Creating package script '/home/v120506/rmitbot_v4/lesson5_ws/install/rmitbot_navigation/share/rmitbot_navigation/package.sh'
[1.647s] INFO:colcon.colcon_core.shell:Creating package script '/home/v120506/rmitbot_v4/lesson5_ws/install/rmitbot_navigation/share/rmitbot_navigation/package.bash'
[1.651s] INFO:colcon.colcon_core.shell:Creating package script '/home/v120506/rmitbot_v4/lesson5_ws/install/rmitbot_navigation/share/rmitbot_navigation/package.zsh'
[1.653s] Level 1:colcon.colcon_core.environment:create_file_with_runtime_dependencies(/home/v120506/rmitbot_v4/lesson5_ws/install/rmitbot_navigation/share/colcon-core/packages/rmitbot_navigation)
[1.659s] DEBUG:colcon.colcon_parallel_executor.executor.parallel:closing loop
[1.661s] DEBUG:colcon.colcon_parallel_executor.executor.parallel:loop closed
[1.661s] DEBUG:colcon.colcon_parallel_executor.executor.parallel:run_until_complete finished with '0'
[1.661s] DEBUG:colcon.colcon_core.event_reactor:joining thread
[1.677s] INFO:colcon.colcon_core.plugin_system:Skipping extension 'colcon_notification.desktop_notification.terminal_notifier': Not used on non-Darwin systems
[1.678s] INFO:colcon.colcon_core.plugin_system:Skipping extension 'colcon_notification.desktop_notification.win32': Not used on non-Windows systems
[1.678s] INFO:colcon.colcon_notification.desktop_notification:Sending desktop notification using 'notify2'
[1.718s] DEBUG:colcon.colcon_core.event_reactor:joined thread
[1.721s] INFO:colcon.colcon_core.shell:Creating prefix script '/home/v120506/rmitbot_v4/lesson5_ws/install/local_setup.ps1'
[1.723s] INFO:colcon.colcon_core.shell:Creating prefix util module '/home/v120506/rmitbot_v4/lesson5_ws/install/_local_setup_util_ps1.py'
[1.726s] INFO:colcon.colcon_core.shell:Creating prefix chain script '/home/v120506/rmitbot_v4/lesson5_ws/install/setup.ps1'
[1.728s] INFO:colcon.colcon_core.shell:Creating prefix script '/home/v120506/rmitbot_v4/lesson5_ws/install/local_setup.sh'
[1.729s] INFO:colcon.colcon_core.shell:Creating prefix util module '/home/v120506/rmitbot_v4/lesson5_ws/install/_local_setup_util_sh.py'
[1.730s] INFO:colcon.colcon_core.shell:Creating prefix chain script '/home/v120506/rmitbot_v4/lesson5_ws/install/setup.sh'
[1.733s] INFO:colcon.colcon_core.shell:Creating prefix script '/home/v120506/rmitbot_v4/lesson5_ws/install/local_setup.bash'
[1.734s] INFO:colcon.colcon_core.shell:Creating prefix chain script '/home/v120506/rmitbot_v4/lesson5_ws/install/setup.bash'
[1.737s] INFO:colcon.colcon_core.shell:Creating prefix script '/home/v120506/rmitbot_v4/lesson5_ws/install/local_setup.zsh'
[1.738s] INFO:colcon.colcon_core.shell:Creating prefix chain script '/home/v120506/rmitbot_v4/lesson5_ws/install/setup.zsh'
