[0.190s] Invoking command in '/home/v120506/rmitbot_v4/lesson5_ws/build/rmitbot_navigation': CMAKE_PREFIX_PATH=${CMAKE_PREFIX_PATH}:/opt/ros/jazzy DEBUGINFOD_URLS=https://debuginfod.ubuntu.com /usr/bin/cmake --build /home/v120506/rmitbot_v4/lesson5_ws/build/rmitbot_navigation -- -j8 -l8
[0.950s] Invoked command in '/home/v120506/rmitbot_v4/lesson5_ws/build/rmitbot_navigation' returned '0': CMAKE_PREFIX_PATH=${CMAKE_PREFIX_PATH}:/opt/ros/jazzy DEBUGINFOD_URLS=https://debuginfod.ubuntu.com /usr/bin/cmake --build /home/v120506/rmitbot_v4/lesson5_ws/build/rmitbot_navigation -- -j8 -l8
[1.005s] Invoking command in '/home/v120506/rmitbot_v4/lesson5_ws/build/rmitbot_navigation': CMAKE_PREFIX_PATH=${CMAKE_PREFIX_PATH}:/opt/ros/jazzy DEBUGINFOD_URLS=https://debuginfod.ubuntu.com /usr/bin/cmake --install /home/v120506/rmitbot_v4/lesson5_ws/build/rmitbot_navigation
[1.012s] -- Install configuration: ""
[1.013s] -- Up-to-date: /home/v120506/rmitbot_v4/lesson5_ws/install/rmitbot_navigation/share/rmitbot_navigation/launch
[1.014s] -- Up-to-date: /home/v120506/rmitbot_v4/lesson5_ws/install/rmitbot_navigation/share/rmitbot_navigation/launch/twistmux.launch.py
[1.014s] -- Up-to-date: /home/v120506/rmitbot_v4/lesson5_ws/install/rmitbot_navigation/share/rmitbot_navigation/launch/nav.launch.py
[1.019s] -- Up-to-date: /home/v120506/rmitbot_v4/lesson5_ws/install/rmitbot_navigation/share/rmitbot_navigation/config
[1.020s] -- Up-to-date: /home/v120506/rmitbot_v4/lesson5_ws/install/rmitbot_navigation/share/rmitbot_navigation/config/nav2_params.yaml
[1.021s] -- Up-to-date: /home/v120506/rmitbot_v4/lesson5_ws/install/rmitbot_navigation/share/rmitbot_navigation/config/twistmux.yaml
[1.026s] -- Up-to-date: /home/v120506/rmitbot_v4/lesson5_ws/install/rmitbot_navigation/share/ament_index/resource_index/package_run_dependencies/rmitbot_navigation
[1.026s] -- Up-to-date: /home/v120506/rmitbot_v4/lesson5_ws/install/rmitbot_navigation/share/ament_index/resource_index/parent_prefix_path/rmitbot_navigation
[1.027s] -- Up-to-date: /home/v120506/rmitbot_v4/lesson5_ws/install/rmitbot_navigation/share/rmitbot_navigation/environment/ament_prefix_path.sh
[1.028s] -- Up-to-date: /home/v120506/rmitbot_v4/lesson5_ws/install/rmitbot_navigation/share/rmitbot_navigation/environment/ament_prefix_path.dsv
[1.028s] -- Up-to-date: /home/v120506/rmitbot_v4/lesson5_ws/install/rmitbot_navigation/share/rmitbot_navigation/environment/path.sh
[1.029s] -- Up-to-date: /home/v120506/rmitbot_v4/lesson5_ws/install/rmitbot_navigation/share/rmitbot_navigation/environment/path.dsv
[1.029s] -- Up-to-date: /home/v120506/rmitbot_v4/lesson5_ws/install/rmitbot_navigation/share/rmitbot_navigation/local_setup.bash
[1.031s] -- Up-to-date: /home/v120506/rmitbot_v4/lesson5_ws/install/rmitbot_navigation/share/rmitbot_navigation/local_setup.sh
[1.031s] -- Up-to-date: /home/v120506/rmitbot_v4/lesson5_ws/install/rmitbot_navigation/share/rmitbot_navigation/local_setup.zsh
[1.032s] -- Up-to-date: /home/v120506/rmitbot_v4/lesson5_ws/install/rmitbot_navigation/share/rmitbot_navigation/local_setup.dsv
[1.033s] -- Installing: /home/v120506/rmitbot_v4/lesson5_ws/install/rmitbot_navigation/share/rmitbot_navigation/package.dsv
[1.033s] -- Up-to-date: /home/v120506/rmitbot_v4/lesson5_ws/install/rmitbot_navigation/share/ament_index/resource_index/packages/rmitbot_navigation
[1.034s] -- Up-to-date: /home/v120506/rmitbot_v4/lesson5_ws/install/rmitbot_navigation/share/rmitbot_navigation/cmake/rmitbot_navigationConfig.cmake
[1.036s] -- Up-to-date: /home/v120506/rmitbot_v4/lesson5_ws/install/rmitbot_navigation/share/rmitbot_navigation/cmake/rmitbot_navigationConfig-version.cmake
[1.036s] -- Up-to-date: /home/v120506/rmitbot_v4/lesson5_ws/install/rmitbot_navigation/share/rmitbot_navigation/package.xml
[1.288s] Invoked command in '/home/v120506/rmitbot_v4/lesson5_ws/build/rmitbot_navigation' returned '0': CMAKE_PREFIX_PATH=${CMAKE_PREFIX_PATH}:/opt/ros/jazzy DEBUGINFOD_URLS=https://debuginfod.ubuntu.com /usr/bin/cmake --install /home/v120506/rmitbot_v4/lesson5_ws/build/rmitbot_navigation
