[0.211s] Invoking command in '/home/v120506/rmitbot_v4/lesson5_ws/build/rmitbot_description': CMAKE_PREFIX_PATH=${CMAKE_PREFIX_PATH}:/opt/ros/jazzy DEBUGINFOD_URLS=https://debuginfod.ubuntu.com /usr/bin/cmake --build /home/v120506/rmitbot_v4/lesson5_ws/build/rmitbot_description -- -j8 -l8
[0.956s] Invoked command in '/home/v120506/rmitbot_v4/lesson5_ws/build/rmitbot_description' returned '0': CMAKE_PREFIX_PATH=${CMAKE_PREFIX_PATH}:/opt/ros/jazzy DEBUGINFOD_URLS=https://debuginfod.ubuntu.com /usr/bin/cmake --build /home/v120506/rmitbot_v4/lesson5_ws/build/rmitbot_description -- -j8 -l8
[0.961s] Invoking command in '/home/v120506/rmitbot_v4/lesson5_ws/build/rmitbot_description': CMAKE_PREFIX_PATH=${CMAKE_PREFIX_PATH}:/opt/ros/jazzy DEBUGINFOD_URLS=https://debuginfod.ubuntu.com /usr/bin/cmake --install /home/v120506/rmitbot_v4/lesson5_ws/build/rmitbot_description
[1.034s] -- Install configuration: ""
[1.034s] -- Up-to-date: /home/v120506/rmitbot_v4/lesson5_ws/install/rmitbot_description/share/rmitbot_description/meshes
[1.034s] -- Up-to-date: /home/v120506/rmitbot_v4/lesson5_ws/install/rmitbot_description/share/rmitbot_description/meshes/base_link.STL
[1.054s] -- Up-to-date: /home/v120506/rmitbot_v4/lesson5_ws/install/rmitbot_description/share/rmitbot_description/meshes/caster_front_link.STL
[1.054s] -- Up-to-date: /home/v120506/rmitbot_v4/lesson5_ws/install/rmitbot_description/share/rmitbot_description/meshes/laser_link.STL
[1.054s] -- Up-to-date: /home/v120506/rmitbot_v4/lesson5_ws/install/rmitbot_description/share/rmitbot_description/meshes/wheel_left_link.STL
[1.055s] -- Up-to-date: /home/v120506/rmitbot_v4/lesson5_ws/install/rmitbot_description/share/rmitbot_description/meshes/wheel_right_link.STL
[1.055s] -- Up-to-date: /home/v120506/rmitbot_v4/lesson5_ws/install/rmitbot_description/share/rmitbot_description/meshes/caster_rear_link.STL
[1.055s] -- Up-to-date: /home/v120506/rmitbot_v4/lesson5_ws/install/rmitbot_description/share/rmitbot_description/meshes/imu_link.STL
[1.055s] -- Up-to-date: /home/v120506/rmitbot_v4/lesson5_ws/install/rmitbot_description/share/rmitbot_description/urdf
[1.055s] -- Up-to-date: /home/v120506/rmitbot_v4/lesson5_ws/install/rmitbot_description/share/rmitbot_description/urdf/rmitbot.urdf.xacro
[1.056s] -- Up-to-date: /home/v120506/rmitbot_v4/lesson5_ws/install/rmitbot_description/share/rmitbot_description/urdf/rmitbot_imu.xacro
[1.056s] -- Up-to-date: /home/v120506/rmitbot_v4/lesson5_ws/install/rmitbot_description/share/rmitbot_description/urdf/rmitbot_gazebo.xacro
[1.056s] -- Up-to-date: /home/v120506/rmitbot_v4/lesson5_ws/install/rmitbot_description/share/rmitbot_description/urdf/rmitbot_laser.xacro
[1.056s] -- Up-to-date: /home/v120506/rmitbot_v4/lesson5_ws/install/rmitbot_description/share/rmitbot_description/urdf/rmitbot_platform.xacro
[1.056s] -- Up-to-date: /home/v120506/rmitbot_v4/lesson5_ws/install/rmitbot_description/share/rmitbot_description/urdf/rmitbot_ros2_control.xacro
[1.057s] -- Up-to-date: /home/v120506/rmitbot_v4/lesson5_ws/install/rmitbot_description/share/rmitbot_description/launch
[1.057s] -- Up-to-date: /home/v120506/rmitbot_v4/lesson5_ws/install/rmitbot_description/share/rmitbot_description/launch/gazebo.launch.py
[1.057s] -- Up-to-date: /home/v120506/rmitbot_v4/lesson5_ws/install/rmitbot_description/share/rmitbot_description/launch/display.launch.py
[1.066s] -- Up-to-date: /home/v120506/rmitbot_v4/lesson5_ws/install/rmitbot_description/share/rmitbot_description/rviz
[1.067s] -- Up-to-date: /home/v120506/rmitbot_v4/lesson5_ws/install/rmitbot_description/share/rmitbot_description/rviz/display.rviz
[1.071s] -- Up-to-date: /home/v120506/rmitbot_v4/lesson5_ws/install/rmitbot_description/share/rmitbot_description/world
[1.071s] -- Up-to-date: /home/v120506/rmitbot_v4/lesson5_ws/install/rmitbot_description/share/rmitbot_description/world/room_8x8.world
[1.072s] -- Up-to-date: /home/v120506/rmitbot_v4/lesson5_ws/install/rmitbot_description/share/rmitbot_description/world/room_8x8 copy.sdf
[1.073s] -- Up-to-date: /home/v120506/rmitbot_v4/lesson5_ws/install/rmitbot_description/share/ament_index/resource_index/package_run_dependencies/rmitbot_description
[1.074s] -- Up-to-date: /home/v120506/rmitbot_v4/lesson5_ws/install/rmitbot_description/share/ament_index/resource_index/parent_prefix_path/rmitbot_description
[1.081s] -- Up-to-date: /home/v120506/rmitbot_v4/lesson5_ws/install/rmitbot_description/share/rmitbot_description/environment/ament_prefix_path.sh
[1.081s] -- Up-to-date: /home/v120506/rmitbot_v4/lesson5_ws/install/rmitbot_description/share/rmitbot_description/environment/ament_prefix_path.dsv
[1.081s] -- Up-to-date: /home/v120506/rmitbot_v4/lesson5_ws/install/rmitbot_description/share/rmitbot_description/environment/path.sh
[1.082s] -- Up-to-date: /home/v120506/rmitbot_v4/lesson5_ws/install/rmitbot_description/share/rmitbot_description/environment/path.dsv
[1.082s] -- Up-to-date: /home/v120506/rmitbot_v4/lesson5_ws/install/rmitbot_description/share/rmitbot_description/local_setup.bash
[1.082s] -- Up-to-date: /home/v120506/rmitbot_v4/lesson5_ws/install/rmitbot_description/share/rmitbot_description/local_setup.sh
[1.083s] -- Up-to-date: /home/v120506/rmitbot_v4/lesson5_ws/install/rmitbot_description/share/rmitbot_description/local_setup.zsh
[1.084s] -- Up-to-date: /home/v120506/rmitbot_v4/lesson5_ws/install/rmitbot_description/share/rmitbot_description/local_setup.dsv
[1.085s] -- Installing: /home/v120506/rmitbot_v4/lesson5_ws/install/rmitbot_description/share/rmitbot_description/package.dsv
[1.086s] -- Up-to-date: /home/v120506/rmitbot_v4/lesson5_ws/install/rmitbot_description/share/ament_index/resource_index/packages/rmitbot_description
[1.086s] -- Up-to-date: /home/v120506/rmitbot_v4/lesson5_ws/install/rmitbot_description/share/rmitbot_description/cmake/rmitbot_descriptionConfig.cmake
[1.086s] -- Up-to-date: /home/v120506/rmitbot_v4/lesson5_ws/install/rmitbot_description/share/rmitbot_description/cmake/rmitbot_descriptionConfig-version.cmake
[1.087s] -- Up-to-date: /home/v120506/rmitbot_v4/lesson5_ws/install/rmitbot_description/share/rmitbot_description/package.xml
[1.333s] Invoked command in '/home/v120506/rmitbot_v4/lesson5_ws/build/rmitbot_description' returned '0': CMAKE_PREFIX_PATH=${CMAKE_PREFIX_PATH}:/opt/ros/jazzy DEBUGINFOD_URLS=https://debuginfod.ubuntu.com /usr/bin/cmake --install /home/v120506/rmitbot_v4/lesson5_ws/build/rmitbot_description
