[0.069s] Invoking command in '/home/v120506/rmitbot_v4/lesson5_ws/build/rmitbot_navigation': CMAKE_PREFIX_PATH=${CMAKE_PREFIX_PATH}:/opt/ros/jazzy DEBUGINFOD_URLS=https://debuginfod.ubuntu.com /usr/bin/cmake --build /home/v120506/rmitbot_v4/lesson5_ws/build/rmitbot_navigation -- -j8 -l8
[0.171s] Invoked command in '/home/v120506/rmitbot_v4/lesson5_ws/build/rmitbot_navigation' returned '0': CMAKE_PREFIX_PATH=${CMAKE_PREFIX_PATH}:/opt/ros/jazzy DEBUGINFOD_URLS=https://debuginfod.ubuntu.com /usr/bin/cmake --build /home/v120506/rmitbot_v4/lesson5_ws/build/rmitbot_navigation -- -j8 -l8
[0.172s] Invoking command in '/home/v120506/rmitbot_v4/lesson5_ws/build/rmitbot_navigation': CMAKE_PREFIX_PATH=${CMAKE_PREFIX_PATH}:/opt/ros/jazzy DEBUGINFOD_URLS=https://debuginfod.ubuntu.com /usr/bin/cmake --install /home/v120506/rmitbot_v4/lesson5_ws/build/rmitbot_navigation
[0.213s] -- Install configuration: ""
[0.213s] -- Up-to-date: /home/v120506/rmitbot_v4/lesson5_ws/install/rmitbot_navigation/share/rmitbot_navigation/launch
[0.215s] -- Up-to-date: /home/v120506/rmitbot_v4/lesson5_ws/install/rmitbot_navigation/share/rmitbot_navigation/launch/twistmux.launch.py
[0.218s] -- Installing: /home/v120506/rmitbot_v4/lesson5_ws/install/rmitbot_navigation/share/rmitbot_navigation/launch/nav.launch.py
[0.218s] -- Up-to-date: /home/v120506/rmitbot_v4/lesson5_ws/install/rmitbot_navigation/share/rmitbot_navigation/config
[0.219s] -- Up-to-date: /home/v120506/rmitbot_v4/lesson5_ws/install/rmitbot_navigation/share/rmitbot_navigation/config/nav2_params.yaml
[0.219s] -- Up-to-date: /home/v120506/rmitbot_v4/lesson5_ws/install/rmitbot_navigation/share/rmitbot_navigation/config/twistmux.yaml
[0.219s] -- Up-to-date: /home/v120506/rmitbot_v4/lesson5_ws/install/rmitbot_navigation/share/ament_index/resource_index/package_run_dependencies/rmitbot_navigation
[0.219s] -- Up-to-date: /home/v120506/rmitbot_v4/lesson5_ws/install/rmitbot_navigation/share/ament_index/resource_index/parent_prefix_path/rmitbot_navigation
[0.219s] -- Up-to-date: /home/v120506/rmitbot_v4/lesson5_ws/install/rmitbot_navigation/share/rmitbot_navigation/environment/ament_prefix_path.sh
[0.220s] -- Up-to-date: /home/v120506/rmitbot_v4/lesson5_ws/install/rmitbot_navigation/share/rmitbot_navigation/environment/ament_prefix_path.dsv
[0.220s] -- Up-to-date: /home/v120506/rmitbot_v4/lesson5_ws/install/rmitbot_navigation/share/rmitbot_navigation/environment/path.sh
[0.220s] -- Up-to-date: /home/v120506/rmitbot_v4/lesson5_ws/install/rmitbot_navigation/share/rmitbot_navigation/environment/path.dsv
[0.220s] -- Up-to-date: /home/v120506/rmitbot_v4/lesson5_ws/install/rmitbot_navigation/share/rmitbot_navigation/local_setup.bash
[0.220s] -- Up-to-date: /home/v120506/rmitbot_v4/lesson5_ws/install/rmitbot_navigation/share/rmitbot_navigation/local_setup.sh
[0.221s] -- Up-to-date: /home/v120506/rmitbot_v4/lesson5_ws/install/rmitbot_navigation/share/rmitbot_navigation/local_setup.zsh
[0.221s] -- Up-to-date: /home/v120506/rmitbot_v4/lesson5_ws/install/rmitbot_navigation/share/rmitbot_navigation/local_setup.dsv
[0.225s] -- Installing: /home/v120506/rmitbot_v4/lesson5_ws/install/rmitbot_navigation/share/rmitbot_navigation/package.dsv
[0.225s] -- Up-to-date: /home/v120506/rmitbot_v4/lesson5_ws/install/rmitbot_navigation/share/ament_index/resource_index/packages/rmitbot_navigation
[0.225s] -- Up-to-date: /home/v120506/rmitbot_v4/lesson5_ws/install/rmitbot_navigation/share/rmitbot_navigation/cmake/rmitbot_navigationConfig.cmake
[0.225s] -- Up-to-date: /home/v120506/rmitbot_v4/lesson5_ws/install/rmitbot_navigation/share/rmitbot_navigation/cmake/rmitbot_navigationConfig-version.cmake
[0.225s] -- Up-to-date: /home/v120506/rmitbot_v4/lesson5_ws/install/rmitbot_navigation/share/rmitbot_navigation/package.xml
[0.335s] Invoked command in '/home/v120506/rmitbot_v4/lesson5_ws/build/rmitbot_navigation' returned '0': CMAKE_PREFIX_PATH=${CMAKE_PREFIX_PATH}:/opt/ros/jazzy DEBUGINFOD_URLS=https://debuginfod.ubuntu.com /usr/bin/cmake --install /home/v120506/rmitbot_v4/lesson5_ws/build/rmitbot_navigation
