[0.464s] DEBUG:colcon:Command line arguments: ['/usr/bin/colcon', 'build']
[0.464s] DEBUG:colcon:Parsed command line arguments: Namespace(log_base=None, log_level=None, verb_name='build', build_base='build', install_base='install', merge_install=False, symlink_install=False, test_result_base=None, continue_on_error=False, executor='parallel', parallel_workers=8, event_handlers=None, ignore_user_meta=False, metas=['./colcon.meta'], base_paths=['.'], packages_ignore=None, packages_ignore_regex=None, paths=None, packages_up_to=None, packages_up_to_regex=None, packages_above=None, packages_above_and_dependencies=None, packages_above_depth=None, packages_select_by_dep=None, packages_skip_by_dep=None, packages_skip_up_to=None, packages_select_build_failed=False, packages_skip_build_finished=False, packages_select_test_failures=False, packages_skip_test_passed=False, packages_select=None, packages_skip=None, packages_select_regex=None, packages_skip_regex=None, packages_start=None, packages_end=None, allow_overriding=[], cmake_args=None, cmake_target=None, cmake_target_skip_unavailable=False, cmake_clean_cache=False, cmake_clean_first=False, cmake_force_configure=False, ament_cmake_args=None, catkin_cmake_args=None, catkin_skip_building_tests=False, mixin_files=None, mixin=None, verb_parser=<colcon_mixin.mixin.mixin_argument.MixinArgumentDecorator object at 0x72f95d63af00>, verb_extension=<colcon_core.verb.build.BuildVerb object at 0x72f95d7bb200>, main=<bound method BuildVerb.main of <colcon_core.verb.build.BuildVerb object at 0x72f95d7bb200>>, mixin_verb=('build',))
[0.583s] Level 1:colcon.colcon_core.package_discovery:discover_packages(colcon_meta) check parameters
[0.583s] Level 1:colcon.colcon_core.package_discovery:discover_packages(recursive) check parameters
[0.583s] Level 1:colcon.colcon_core.package_discovery:discover_packages(ignore) check parameters
[0.583s] Level 1:colcon.colcon_core.package_discovery:discover_packages(path) check parameters
[0.583s] Level 1:colcon.colcon_core.package_discovery:discover_packages(colcon_meta) discover
[0.583s] Level 1:colcon.colcon_core.package_discovery:discover_packages(recursive) discover
[0.584s] INFO:colcon.colcon_core.package_discovery:Crawling recursively for packages in '/home/v120506/rmitbot_v4/lesson5_ws'
[0.584s] Level 1:colcon.colcon_core.package_identification:_identify(.) by extensions ['ignore', 'ignore_ament_install']
[0.584s] Level 1:colcon.colcon_core.package_identification:_identify(.) by extension 'ignore'
[0.584s] Level 1:colcon.colcon_core.package_identification:_identify(.) by extension 'ignore_ament_install'
[0.584s] Level 1:colcon.colcon_core.package_identification:_identify(.) by extensions ['colcon_pkg']
[0.584s] Level 1:colcon.colcon_core.package_identification:_identify(.) by extension 'colcon_pkg'
[0.584s] Level 1:colcon.colcon_core.package_identification:_identify(.) by extensions ['colcon_meta']
[0.584s] Level 1:colcon.colcon_core.package_identification:_identify(.) by extension 'colcon_meta'
[0.585s] Level 1:colcon.colcon_core.package_identification:_identify(.) by extensions ['ros']
[0.585s] Level 1:colcon.colcon_core.package_identification:_identify(.) by extension 'ros'
[0.672s] Level 1:colcon.colcon_core.package_identification:_identify(.) by extensions ['cmake', 'python']
[0.672s] Level 1:colcon.colcon_core.package_identification:_identify(.) by extension 'cmake'
[0.673s] Level 1:colcon.colcon_core.package_identification:_identify(.) by extension 'python'
[0.673s] Level 1:colcon.colcon_core.package_identification:_identify(.) by extensions ['python_setup_py']
[0.673s] Level 1:colcon.colcon_core.package_identification:_identify(.) by extension 'python_setup_py'
[0.673s] Level 1:colcon.colcon_core.package_identification:_identify(build) by extensions ['ignore', 'ignore_ament_install']
[0.673s] Level 1:colcon.colcon_core.package_identification:_identify(build) by extension 'ignore'
[0.674s] Level 1:colcon.colcon_core.package_identification:_identify(build) ignored
[0.675s] Level 1:colcon.colcon_core.package_identification:_identify(install) by extensions ['ignore', 'ignore_ament_install']
[0.675s] Level 1:colcon.colcon_core.package_identification:_identify(install) by extension 'ignore'
[0.675s] Level 1:colcon.colcon_core.package_identification:_identify(install) ignored
[0.676s] Level 1:colcon.colcon_core.package_identification:_identify(log) by extensions ['ignore', 'ignore_ament_install']
[0.676s] Level 1:colcon.colcon_core.package_identification:_identify(log) by extension 'ignore'
[0.676s] Level 1:colcon.colcon_core.package_identification:_identify(log) ignored
[0.677s] Level 1:colcon.colcon_core.package_identification:_identify(src) by extensions ['ignore', 'ignore_ament_install']
[0.677s] Level 1:colcon.colcon_core.package_identification:_identify(src) by extension 'ignore'
[0.677s] Level 1:colcon.colcon_core.package_identification:_identify(src) by extension 'ignore_ament_install'
[0.677s] Level 1:colcon.colcon_core.package_identification:_identify(src) by extensions ['colcon_pkg']
[0.677s] Level 1:colcon.colcon_core.package_identification:_identify(src) by extension 'colcon_pkg'
[0.677s] Level 1:colcon.colcon_core.package_identification:_identify(src) by extensions ['colcon_meta']
[0.677s] Level 1:colcon.colcon_core.package_identification:_identify(src) by extension 'colcon_meta'
[0.677s] Level 1:colcon.colcon_core.package_identification:_identify(src) by extensions ['ros']
[0.677s] Level 1:colcon.colcon_core.package_identification:_identify(src) by extension 'ros'
[0.678s] Level 1:colcon.colcon_core.package_identification:_identify(src) by extensions ['cmake', 'python']
[0.678s] Level 1:colcon.colcon_core.package_identification:_identify(src) by extension 'cmake'
[0.678s] Level 1:colcon.colcon_core.package_identification:_identify(src) by extension 'python'
[0.678s] Level 1:colcon.colcon_core.package_identification:_identify(src) by extensions ['python_setup_py']
[0.678s] Level 1:colcon.colcon_core.package_identification:_identify(src) by extension 'python_setup_py'
[0.679s] Level 1:colcon.colcon_core.package_identification:_identify(src/rmitbot_bringup) by extensions ['ignore', 'ignore_ament_install']
[0.679s] Level 1:colcon.colcon_core.package_identification:_identify(src/rmitbot_bringup) by extension 'ignore'
[0.679s] Level 1:colcon.colcon_core.package_identification:_identify(src/rmitbot_bringup) by extension 'ignore_ament_install'
[0.679s] Level 1:colcon.colcon_core.package_identification:_identify(src/rmitbot_bringup) by extensions ['colcon_pkg']
[0.679s] Level 1:colcon.colcon_core.package_identification:_identify(src/rmitbot_bringup) by extension 'colcon_pkg'
[0.679s] Level 1:colcon.colcon_core.package_identification:_identify(src/rmitbot_bringup) by extensions ['colcon_meta']
[0.679s] Level 1:colcon.colcon_core.package_identification:_identify(src/rmitbot_bringup) by extension 'colcon_meta'
[0.679s] Level 1:colcon.colcon_core.package_identification:_identify(src/rmitbot_bringup) by extensions ['ros']
[0.679s] Level 1:colcon.colcon_core.package_identification:_identify(src/rmitbot_bringup) by extension 'ros'
[0.686s] DEBUG:colcon.colcon_core.package_identification:Package 'src/rmitbot_bringup' with type 'ros.ament_cmake' and name 'rmitbot_bringup'
[0.687s] Level 1:colcon.colcon_core.package_identification:_identify(src/rmitbot_controller) by extensions ['ignore', 'ignore_ament_install']
[0.687s] Level 1:colcon.colcon_core.package_identification:_identify(src/rmitbot_controller) by extension 'ignore'
[0.687s] Level 1:colcon.colcon_core.package_identification:_identify(src/rmitbot_controller) by extension 'ignore_ament_install'
[0.687s] Level 1:colcon.colcon_core.package_identification:_identify(src/rmitbot_controller) by extensions ['colcon_pkg']
[0.687s] Level 1:colcon.colcon_core.package_identification:_identify(src/rmitbot_controller) by extension 'colcon_pkg'
[0.687s] Level 1:colcon.colcon_core.package_identification:_identify(src/rmitbot_controller) by extensions ['colcon_meta']
[0.688s] Level 1:colcon.colcon_core.package_identification:_identify(src/rmitbot_controller) by extension 'colcon_meta'
[0.688s] Level 1:colcon.colcon_core.package_identification:_identify(src/rmitbot_controller) by extensions ['ros']
[0.688s] Level 1:colcon.colcon_core.package_identification:_identify(src/rmitbot_controller) by extension 'ros'
[0.689s] DEBUG:colcon.colcon_core.package_identification:Package 'src/rmitbot_controller' with type 'ros.ament_cmake' and name 'rmitbot_controller'
[0.690s] Level 1:colcon.colcon_core.package_identification:_identify(src/rmitbot_description) by extensions ['ignore', 'ignore_ament_install']
[0.690s] Level 1:colcon.colcon_core.package_identification:_identify(src/rmitbot_description) by extension 'ignore'
[0.690s] Level 1:colcon.colcon_core.package_identification:_identify(src/rmitbot_description) by extension 'ignore_ament_install'
[0.690s] Level 1:colcon.colcon_core.package_identification:_identify(src/rmitbot_description) by extensions ['colcon_pkg']
[0.690s] Level 1:colcon.colcon_core.package_identification:_identify(src/rmitbot_description) by extension 'colcon_pkg'
[0.690s] Level 1:colcon.colcon_core.package_identification:_identify(src/rmitbot_description) by extensions ['colcon_meta']
[0.690s] Level 1:colcon.colcon_core.package_identification:_identify(src/rmitbot_description) by extension 'colcon_meta'
[0.691s] Level 1:colcon.colcon_core.package_identification:_identify(src/rmitbot_description) by extensions ['ros']
[0.691s] Level 1:colcon.colcon_core.package_identification:_identify(src/rmitbot_description) by extension 'ros'
[0.692s] DEBUG:colcon.colcon_core.package_identification:Package 'src/rmitbot_description' with type 'ros.ament_cmake' and name 'rmitbot_description'
[0.692s] Level 1:colcon.colcon_core.package_identification:_identify(src/rmitbot_localization) by extensions ['ignore', 'ignore_ament_install']
[0.692s] Level 1:colcon.colcon_core.package_identification:_identify(src/rmitbot_localization) by extension 'ignore'
[0.692s] Level 1:colcon.colcon_core.package_identification:_identify(src/rmitbot_localization) by extension 'ignore_ament_install'
[0.693s] Level 1:colcon.colcon_core.package_identification:_identify(src/rmitbot_localization) by extensions ['colcon_pkg']
[0.693s] Level 1:colcon.colcon_core.package_identification:_identify(src/rmitbot_localization) by extension 'colcon_pkg'
[0.693s] Level 1:colcon.colcon_core.package_identification:_identify(src/rmitbot_localization) by extensions ['colcon_meta']
[0.693s] Level 1:colcon.colcon_core.package_identification:_identify(src/rmitbot_localization) by extension 'colcon_meta'
[0.693s] Level 1:colcon.colcon_core.package_identification:_identify(src/rmitbot_localization) by extensions ['ros']
[0.693s] Level 1:colcon.colcon_core.package_identification:_identify(src/rmitbot_localization) by extension 'ros'
[0.694s] DEBUG:colcon.colcon_core.package_identification:Package 'src/rmitbot_localization' with type 'ros.ament_cmake' and name 'rmitbot_localization'
[0.695s] Level 1:colcon.colcon_core.package_identification:_identify(src/rmitbot_mapping) by extensions ['ignore', 'ignore_ament_install']
[0.695s] Level 1:colcon.colcon_core.package_identification:_identify(src/rmitbot_mapping) by extension 'ignore'
[0.695s] Level 1:colcon.colcon_core.package_identification:_identify(src/rmitbot_mapping) by extension 'ignore_ament_install'
[0.695s] Level 1:colcon.colcon_core.package_identification:_identify(src/rmitbot_mapping) by extensions ['colcon_pkg']
[0.695s] Level 1:colcon.colcon_core.package_identification:_identify(src/rmitbot_mapping) by extension 'colcon_pkg'
[0.695s] Level 1:colcon.colcon_core.package_identification:_identify(src/rmitbot_mapping) by extensions ['colcon_meta']
[0.695s] Level 1:colcon.colcon_core.package_identification:_identify(src/rmitbot_mapping) by extension 'colcon_meta'
[0.696s] Level 1:colcon.colcon_core.package_identification:_identify(src/rmitbot_mapping) by extensions ['ros']
[0.696s] Level 1:colcon.colcon_core.package_identification:_identify(src/rmitbot_mapping) by extension 'ros'
[0.697s] DEBUG:colcon.colcon_core.package_identification:Package 'src/rmitbot_mapping' with type 'ros.ament_cmake' and name 'rmitbot_mapping'
[0.698s] Level 1:colcon.colcon_core.package_identification:_identify(src/rmitbot_navigation) by extensions ['ignore', 'ignore_ament_install']
[0.698s] Level 1:colcon.colcon_core.package_identification:_identify(src/rmitbot_navigation) by extension 'ignore'
[0.698s] Level 1:colcon.colcon_core.package_identification:_identify(src/rmitbot_navigation) by extension 'ignore_ament_install'
[0.699s] Level 1:colcon.colcon_core.package_identification:_identify(src/rmitbot_navigation) by extensions ['colcon_pkg']
[0.699s] Level 1:colcon.colcon_core.package_identification:_identify(src/rmitbot_navigation) by extension 'colcon_pkg'
[0.699s] Level 1:colcon.colcon_core.package_identification:_identify(src/rmitbot_navigation) by extensions ['colcon_meta']
[0.699s] Level 1:colcon.colcon_core.package_identification:_identify(src/rmitbot_navigation) by extension 'colcon_meta'
[0.699s] Level 1:colcon.colcon_core.package_identification:_identify(src/rmitbot_navigation) by extensions ['ros']
[0.699s] Level 1:colcon.colcon_core.package_identification:_identify(src/rmitbot_navigation) by extension 'ros'
[0.700s] DEBUG:colcon.colcon_core.package_identification:Package 'src/rmitbot_navigation' with type 'ros.ament_cmake' and name 'rmitbot_navigation'
[0.700s] Level 1:colcon.colcon_core.package_discovery:discover_packages(recursive) using defaults
[0.700s] Level 1:colcon.colcon_core.package_discovery:discover_packages(ignore) discover
[0.700s] Level 1:colcon.colcon_core.package_discovery:discover_packages(ignore) using defaults
[0.700s] Level 1:colcon.colcon_core.package_discovery:discover_packages(path) discover
[0.700s] Level 1:colcon.colcon_core.package_discovery:discover_packages(path) using defaults
[0.758s] Level 1:colcon.colcon_core.package_discovery:discover_packages(prefix_path) check parameters
[0.759s] Level 1:colcon.colcon_core.package_discovery:discover_packages(prefix_path) discover
[0.770s] DEBUG:colcon.colcon_installed_package_information.package_discovery:Found 6 installed packages in /home/v120506/rmitbot_v4/lesson5_ws/install
[0.780s] DEBUG:colcon.colcon_installed_package_information.package_discovery:Found 444 installed packages in /opt/ros/jazzy
[0.789s] Level 1:colcon.colcon_core.package_discovery:discover_packages(prefix_path) using defaults
[0.980s] Level 5:colcon.colcon_core.verb:set package 'rmitbot_bringup' build argument 'cmake_args' from command line to 'None'
[0.981s] Level 5:colcon.colcon_core.verb:set package 'rmitbot_bringup' build argument 'cmake_target' from command line to 'None'
[0.981s] Level 5:colcon.colcon_core.verb:set package 'rmitbot_bringup' build argument 'cmake_target_skip_unavailable' from command line to 'False'
[0.981s] Level 5:colcon.colcon_core.verb:set package 'rmitbot_bringup' build argument 'cmake_clean_cache' from command line to 'False'
[0.981s] Level 5:colcon.colcon_core.verb:set package 'rmitbot_bringup' build argument 'cmake_clean_first' from command line to 'False'
[0.981s] Level 5:colcon.colcon_core.verb:set package 'rmitbot_bringup' build argument 'cmake_force_configure' from command line to 'False'
[0.981s] Level 5:colcon.colcon_core.verb:set package 'rmitbot_bringup' build argument 'ament_cmake_args' from command line to 'None'
[0.981s] Level 5:colcon.colcon_core.verb:set package 'rmitbot_bringup' build argument 'catkin_cmake_args' from command line to 'None'
[0.981s] Level 5:colcon.colcon_core.verb:set package 'rmitbot_bringup' build argument 'catkin_skip_building_tests' from command line to 'False'
[0.981s] DEBUG:colcon.colcon_core.verb:Building package 'rmitbot_bringup' with the following arguments: {'ament_cmake_args': None, 'build_base': '/home/v120506/rmitbot_v4/lesson5_ws/build/rmitbot_bringup', 'catkin_cmake_args': None, 'catkin_skip_building_tests': False, 'cmake_args': None, 'cmake_clean_cache': False, 'cmake_clean_first': False, 'cmake_force_configure': False, 'cmake_target': None, 'cmake_target_skip_unavailable': False, 'install_base': '/home/v120506/rmitbot_v4/lesson5_ws/install/rmitbot_bringup', 'merge_install': False, 'path': '/home/v120506/rmitbot_v4/lesson5_ws/src/rmitbot_bringup', 'symlink_install': False, 'test_result_base': None}
[0.982s] Level 5:colcon.colcon_core.verb:set package 'rmitbot_controller' build argument 'cmake_args' from command line to 'None'
[0.982s] Level 5:colcon.colcon_core.verb:set package 'rmitbot_controller' build argument 'cmake_target' from command line to 'None'
[0.982s] Level 5:colcon.colcon_core.verb:set package 'rmitbot_controller' build argument 'cmake_target_skip_unavailable' from command line to 'False'
[0.982s] Level 5:colcon.colcon_core.verb:set package 'rmitbot_controller' build argument 'cmake_clean_cache' from command line to 'False'
[0.982s] Level 5:colcon.colcon_core.verb:set package 'rmitbot_controller' build argument 'cmake_clean_first' from command line to 'False'
[0.982s] Level 5:colcon.colcon_core.verb:set package 'rmitbot_controller' build argument 'cmake_force_configure' from command line to 'False'
[0.982s] Level 5:colcon.colcon_core.verb:set package 'rmitbot_controller' build argument 'ament_cmake_args' from command line to 'None'
[0.983s] Level 5:colcon.colcon_core.verb:set package 'rmitbot_controller' build argument 'catkin_cmake_args' from command line to 'None'
[0.983s] Level 5:colcon.colcon_core.verb:set package 'rmitbot_controller' build argument 'catkin_skip_building_tests' from command line to 'False'
[0.983s] DEBUG:colcon.colcon_core.verb:Building package 'rmitbot_controller' with the following arguments: {'ament_cmake_args': None, 'build_base': '/home/v120506/rmitbot_v4/lesson5_ws/build/rmitbot_controller', 'catkin_cmake_args': None, 'catkin_skip_building_tests': False, 'cmake_args': None, 'cmake_clean_cache': False, 'cmake_clean_first': False, 'cmake_force_configure': False, 'cmake_target': None, 'cmake_target_skip_unavailable': False, 'install_base': '/home/v120506/rmitbot_v4/lesson5_ws/install/rmitbot_controller', 'merge_install': False, 'path': '/home/v120506/rmitbot_v4/lesson5_ws/src/rmitbot_controller', 'symlink_install': False, 'test_result_base': None}
[0.983s] Level 5:colcon.colcon_core.verb:set package 'rmitbot_description' build argument 'cmake_args' from command line to 'None'
[0.984s] Level 5:colcon.colcon_core.verb:set package 'rmitbot_description' build argument 'cmake_target' from command line to 'None'
[0.984s] Level 5:colcon.colcon_core.verb:set package 'rmitbot_description' build argument 'cmake_target_skip_unavailable' from command line to 'False'
[0.984s] Level 5:colcon.colcon_core.verb:set package 'rmitbot_description' build argument 'cmake_clean_cache' from command line to 'False'
[0.984s] Level 5:colcon.colcon_core.verb:set package 'rmitbot_description' build argument 'cmake_clean_first' from command line to 'False'
[0.984s] Level 5:colcon.colcon_core.verb:set package 'rmitbot_description' build argument 'cmake_force_configure' from command line to 'False'
[0.984s] Level 5:colcon.colcon_core.verb:set package 'rmitbot_description' build argument 'ament_cmake_args' from command line to 'None'
[0.984s] Level 5:colcon.colcon_core.verb:set package 'rmitbot_description' build argument 'catkin_cmake_args' from command line to 'None'
[0.984s] Level 5:colcon.colcon_core.verb:set package 'rmitbot_description' build argument 'catkin_skip_building_tests' from command line to 'False'
[0.984s] DEBUG:colcon.colcon_core.verb:Building package 'rmitbot_description' with the following arguments: {'ament_cmake_args': None, 'build_base': '/home/v120506/rmitbot_v4/lesson5_ws/build/rmitbot_description', 'catkin_cmake_args': None, 'catkin_skip_building_tests': False, 'cmake_args': None, 'cmake_clean_cache': False, 'cmake_clean_first': False, 'cmake_force_configure': False, 'cmake_target': None, 'cmake_target_skip_unavailable': False, 'install_base': '/home/v120506/rmitbot_v4/lesson5_ws/install/rmitbot_description', 'merge_install': False, 'path': '/home/v120506/rmitbot_v4/lesson5_ws/src/rmitbot_description', 'symlink_install': False, 'test_result_base': None}
[0.985s] Level 5:colcon.colcon_core.verb:set package 'rmitbot_localization' build argument 'cmake_args' from command line to 'None'
[0.985s] Level 5:colcon.colcon_core.verb:set package 'rmitbot_localization' build argument 'cmake_target' from command line to 'None'
[0.985s] Level 5:colcon.colcon_core.verb:set package 'rmitbot_localization' build argument 'cmake_target_skip_unavailable' from command line to 'False'
[0.985s] Level 5:colcon.colcon_core.verb:set package 'rmitbot_localization' build argument 'cmake_clean_cache' from command line to 'False'
[0.985s] Level 5:colcon.colcon_core.verb:set package 'rmitbot_localization' build argument 'cmake_clean_first' from command line to 'False'
[0.985s] Level 5:colcon.colcon_core.verb:set package 'rmitbot_localization' build argument 'cmake_force_configure' from command line to 'False'
[0.985s] Level 5:colcon.colcon_core.verb:set package 'rmitbot_localization' build argument 'ament_cmake_args' from command line to 'None'
[0.985s] Level 5:colcon.colcon_core.verb:set package 'rmitbot_localization' build argument 'catkin_cmake_args' from command line to 'None'
[0.985s] Level 5:colcon.colcon_core.verb:set package 'rmitbot_localization' build argument 'catkin_skip_building_tests' from command line to 'False'
[0.986s] DEBUG:colcon.colcon_core.verb:Building package 'rmitbot_localization' with the following arguments: {'ament_cmake_args': None, 'build_base': '/home/v120506/rmitbot_v4/lesson5_ws/build/rmitbot_localization', 'catkin_cmake_args': None, 'catkin_skip_building_tests': False, 'cmake_args': None, 'cmake_clean_cache': False, 'cmake_clean_first': False, 'cmake_force_configure': False, 'cmake_target': None, 'cmake_target_skip_unavailable': False, 'install_base': '/home/v120506/rmitbot_v4/lesson5_ws/install/rmitbot_localization', 'merge_install': False, 'path': '/home/v120506/rmitbot_v4/lesson5_ws/src/rmitbot_localization', 'symlink_install': False, 'test_result_base': None}
[0.986s] Level 5:colcon.colcon_core.verb:set package 'rmitbot_mapping' build argument 'cmake_args' from command line to 'None'
[0.986s] Level 5:colcon.colcon_core.verb:set package 'rmitbot_mapping' build argument 'cmake_target' from command line to 'None'
[0.986s] Level 5:colcon.colcon_core.verb:set package 'rmitbot_mapping' build argument 'cmake_target_skip_unavailable' from command line to 'False'
[0.986s] Level 5:colcon.colcon_core.verb:set package 'rmitbot_mapping' build argument 'cmake_clean_cache' from command line to 'False'
[0.986s] Level 5:colcon.colcon_core.verb:set package 'rmitbot_mapping' build argument 'cmake_clean_first' from command line to 'False'
[0.986s] Level 5:colcon.colcon_core.verb:set package 'rmitbot_mapping' build argument 'cmake_force_configure' from command line to 'False'
[0.987s] Level 5:colcon.colcon_core.verb:set package 'rmitbot_mapping' build argument 'ament_cmake_args' from command line to 'None'
[0.987s] Level 5:colcon.colcon_core.verb:set package 'rmitbot_mapping' build argument 'catkin_cmake_args' from command line to 'None'
[0.987s] Level 5:colcon.colcon_core.verb:set package 'rmitbot_mapping' build argument 'catkin_skip_building_tests' from command line to 'False'
[0.987s] DEBUG:colcon.colcon_core.verb:Building package 'rmitbot_mapping' with the following arguments: {'ament_cmake_args': None, 'build_base': '/home/v120506/rmitbot_v4/lesson5_ws/build/rmitbot_mapping', 'catkin_cmake_args': None, 'catkin_skip_building_tests': False, 'cmake_args': None, 'cmake_clean_cache': False, 'cmake_clean_first': False, 'cmake_force_configure': False, 'cmake_target': None, 'cmake_target_skip_unavailable': False, 'install_base': '/home/v120506/rmitbot_v4/lesson5_ws/install/rmitbot_mapping', 'merge_install': False, 'path': '/home/v120506/rmitbot_v4/lesson5_ws/src/rmitbot_mapping', 'symlink_install': False, 'test_result_base': None}
[0.987s] Level 5:colcon.colcon_core.verb:set package 'rmitbot_navigation' build argument 'cmake_args' from command line to 'None'
[0.987s] Level 5:colcon.colcon_core.verb:set package 'rmitbot_navigation' build argument 'cmake_target' from command line to 'None'
[0.988s] Level 5:colcon.colcon_core.verb:set package 'rmitbot_navigation' build argument 'cmake_target_skip_unavailable' from command line to 'False'
[0.988s] Level 5:colcon.colcon_core.verb:set package 'rmitbot_navigation' build argument 'cmake_clean_cache' from command line to 'False'
[0.988s] Level 5:colcon.colcon_core.verb:set package 'rmitbot_navigation' build argument 'cmake_clean_first' from command line to 'False'
[0.988s] Level 5:colcon.colcon_core.verb:set package 'rmitbot_navigation' build argument 'cmake_force_configure' from command line to 'False'
[0.988s] Level 5:colcon.colcon_core.verb:set package 'rmitbot_navigation' build argument 'ament_cmake_args' from command line to 'None'
[0.988s] Level 5:colcon.colcon_core.verb:set package 'rmitbot_navigation' build argument 'catkin_cmake_args' from command line to 'None'
[0.988s] Level 5:colcon.colcon_core.verb:set package 'rmitbot_navigation' build argument 'catkin_skip_building_tests' from command line to 'False'
[0.988s] DEBUG:colcon.colcon_core.verb:Building package 'rmitbot_navigation' with the following arguments: {'ament_cmake_args': None, 'build_base': '/home/v120506/rmitbot_v4/lesson5_ws/build/rmitbot_navigation', 'catkin_cmake_args': None, 'catkin_skip_building_tests': False, 'cmake_args': None, 'cmake_clean_cache': False, 'cmake_clean_first': False, 'cmake_force_configure': False, 'cmake_target': None, 'cmake_target_skip_unavailable': False, 'install_base': '/home/v120506/rmitbot_v4/lesson5_ws/install/rmitbot_navigation', 'merge_install': False, 'path': '/home/v120506/rmitbot_v4/lesson5_ws/src/rmitbot_navigation', 'symlink_install': False, 'test_result_base': None}
[0.988s] INFO:colcon.colcon_core.executor:Executing jobs using 'parallel' executor
[0.991s] DEBUG:colcon.colcon_parallel_executor.executor.parallel:run_until_complete
[0.993s] INFO:colcon.colcon_ros.task.ament_cmake.build:Building ROS package in '/home/v120506/rmitbot_v4/lesson5_ws/src/rmitbot_bringup' with build type 'ament_cmake'
[0.994s] INFO:colcon.colcon_cmake.task.cmake.build:Building CMake package in '/home/v120506/rmitbot_v4/lesson5_ws/src/rmitbot_bringup'
[0.998s] INFO:colcon.colcon_core.plugin_system:Skipping extension 'colcon_core.shell.bat': Not used on non-Windows systems
[0.998s] INFO:colcon.colcon_core.shell:Skip shell extension 'powershell' for command environment: Not usable outside of PowerShell
[0.998s] DEBUG:colcon.colcon_core.shell:Skip shell extension 'dsv' for command environment
[1.013s] INFO:colcon.colcon_ros.task.ament_cmake.build:Building ROS package in '/home/v120506/rmitbot_v4/lesson5_ws/src/rmitbot_controller' with build type 'ament_cmake'
[1.014s] INFO:colcon.colcon_cmake.task.cmake.build:Building CMake package in '/home/v120506/rmitbot_v4/lesson5_ws/src/rmitbot_controller'
[1.014s] INFO:colcon.colcon_core.shell:Skip shell extension 'powershell' for command environment: Not usable outside of PowerShell
[1.014s] DEBUG:colcon.colcon_core.shell:Skip shell extension 'dsv' for command environment
[1.048s] INFO:colcon.colcon_ros.task.ament_cmake.build:Building ROS package in '/home/v120506/rmitbot_v4/lesson5_ws/src/rmitbot_description' with build type 'ament_cmake'
[1.048s] INFO:colcon.colcon_cmake.task.cmake.build:Building CMake package in '/home/v120506/rmitbot_v4/lesson5_ws/src/rmitbot_description'
[1.049s] INFO:colcon.colcon_core.shell:Skip shell extension 'powershell' for command environment: Not usable outside of PowerShell
[1.049s] DEBUG:colcon.colcon_core.shell:Skip shell extension 'dsv' for command environment
[1.078s] INFO:colcon.colcon_ros.task.ament_cmake.build:Building ROS package in '/home/v120506/rmitbot_v4/lesson5_ws/src/rmitbot_localization' with build type 'ament_cmake'
[1.081s] INFO:colcon.colcon_cmake.task.cmake.build:Building CMake package in '/home/v120506/rmitbot_v4/lesson5_ws/src/rmitbot_localization'
[1.082s] INFO:colcon.colcon_core.shell:Skip shell extension 'powershell' for command environment: Not usable outside of PowerShell
[1.082s] DEBUG:colcon.colcon_core.shell:Skip shell extension 'dsv' for command environment
[1.105s] INFO:colcon.colcon_ros.task.ament_cmake.build:Building ROS package in '/home/v120506/rmitbot_v4/lesson5_ws/src/rmitbot_mapping' with build type 'ament_cmake'
[1.105s] INFO:colcon.colcon_cmake.task.cmake.build:Building CMake package in '/home/v120506/rmitbot_v4/lesson5_ws/src/rmitbot_mapping'
[1.106s] INFO:colcon.colcon_core.shell:Skip shell extension 'powershell' for command environment: Not usable outside of PowerShell
[1.106s] DEBUG:colcon.colcon_core.shell:Skip shell extension 'dsv' for command environment
[1.138s] INFO:colcon.colcon_ros.task.ament_cmake.build:Building ROS package in '/home/v120506/rmitbot_v4/lesson5_ws/src/rmitbot_navigation' with build type 'ament_cmake'
[1.138s] INFO:colcon.colcon_cmake.task.cmake.build:Building CMake package in '/home/v120506/rmitbot_v4/lesson5_ws/src/rmitbot_navigation'
[1.138s] INFO:colcon.colcon_core.shell:Skip shell extension 'powershell' for command environment: Not usable outside of PowerShell
[1.139s] DEBUG:colcon.colcon_core.shell:Skip shell extension 'dsv' for command environment
[1.215s] DEBUG:colcon.colcon_core.event_handler.log_command:Invoking command in '/home/v120506/rmitbot_v4/lesson5_ws/build/rmitbot_bringup': CMAKE_PREFIX_PATH=${CMAKE_PREFIX_PATH}:/opt/ros/jazzy DEBUGINFOD_URLS=https://debuginfod.ubuntu.com /usr/bin/cmake --build /home/v120506/rmitbot_v4/lesson5_ws/build/rmitbot_bringup -- -j8 -l8
[1.236s] DEBUG:colcon.colcon_core.event_handler.log_command:Invoking command in '/home/v120506/rmitbot_v4/lesson5_ws/build/rmitbot_controller': CMAKE_PREFIX_PATH=${CMAKE_PREFIX_PATH}:/opt/ros/jazzy DEBUGINFOD_URLS=https://debuginfod.ubuntu.com /usr/bin/cmake --build /home/v120506/rmitbot_v4/lesson5_ws/build/rmitbot_controller -- -j8 -l8
[1.265s] DEBUG:colcon.colcon_core.event_handler.log_command:Invoking command in '/home/v120506/rmitbot_v4/lesson5_ws/build/rmitbot_description': CMAKE_PREFIX_PATH=${CMAKE_PREFIX_PATH}:/opt/ros/jazzy DEBUGINFOD_URLS=https://debuginfod.ubuntu.com /usr/bin/cmake --build /home/v120506/rmitbot_v4/lesson5_ws/build/rmitbot_description -- -j8 -l8
[1.275s] DEBUG:colcon.colcon_core.event_handler.log_command:Invoking command in '/home/v120506/rmitbot_v4/lesson5_ws/build/rmitbot_localization': CMAKE_PREFIX_PATH=${CMAKE_PREFIX_PATH}:/opt/ros/jazzy DEBUGINFOD_URLS=https://debuginfod.ubuntu.com /usr/bin/cmake --build /home/v120506/rmitbot_v4/lesson5_ws/build/rmitbot_localization -- -j8 -l8
[1.305s] DEBUG:colcon.colcon_core.event_handler.log_command:Invoking command in '/home/v120506/rmitbot_v4/lesson5_ws/build/rmitbot_mapping': CMAKE_PREFIX_PATH=${CMAKE_PREFIX_PATH}:/opt/ros/jazzy DEBUGINFOD_URLS=https://debuginfod.ubuntu.com /usr/bin/cmake --build /home/v120506/rmitbot_v4/lesson5_ws/build/rmitbot_mapping -- -j8 -l8
[1.358s] DEBUG:colcon.colcon_core.event_handler.log_command:Invoking command in '/home/v120506/rmitbot_v4/lesson5_ws/build/rmitbot_navigation': CMAKE_PREFIX_PATH=${CMAKE_PREFIX_PATH}:/opt/ros/jazzy DEBUGINFOD_URLS=https://debuginfod.ubuntu.com /usr/bin/cmake --build /home/v120506/rmitbot_v4/lesson5_ws/build/rmitbot_navigation -- -j8 -l8
[1.399s] DEBUG:colcon.colcon_core.event_handler.log_command:Invoked command in '/home/v120506/rmitbot_v4/lesson5_ws/build/rmitbot_bringup' returned '0': CMAKE_PREFIX_PATH=${CMAKE_PREFIX_PATH}:/opt/ros/jazzy DEBUGINFOD_URLS=https://debuginfod.ubuntu.com /usr/bin/cmake --build /home/v120506/rmitbot_v4/lesson5_ws/build/rmitbot_bringup -- -j8 -l8
[1.490s] DEBUG:colcon.colcon_core.event_handler.log_command:Invoking command in '/home/v120506/rmitbot_v4/lesson5_ws/build/rmitbot_bringup': CMAKE_PREFIX_PATH=${CMAKE_PREFIX_PATH}:/opt/ros/jazzy DEBUGINFOD_URLS=https://debuginfod.ubuntu.com /usr/bin/cmake --install /home/v120506/rmitbot_v4/lesson5_ws/build/rmitbot_bringup
[1.511s] DEBUG:colcon.colcon_core.event_handler.log_command:Invoked command in '/home/v120506/rmitbot_v4/lesson5_ws/build/rmitbot_controller' returned '0': CMAKE_PREFIX_PATH=${CMAKE_PREFIX_PATH}:/opt/ros/jazzy DEBUGINFOD_URLS=https://debuginfod.ubuntu.com /usr/bin/cmake --build /home/v120506/rmitbot_v4/lesson5_ws/build/rmitbot_controller -- -j8 -l8
[1.526s] DEBUG:colcon.colcon_core.event_handler.log_command:Invoking command in '/home/v120506/rmitbot_v4/lesson5_ws/build/rmitbot_controller': CMAKE_PREFIX_PATH=${CMAKE_PREFIX_PATH}:/opt/ros/jazzy DEBUGINFOD_URLS=https://debuginfod.ubuntu.com /usr/bin/cmake --install /home/v120506/rmitbot_v4/lesson5_ws/build/rmitbot_controller
[1.572s] Level 1:colcon.colcon_core.environment:create_environment_scripts_only(rmitbot_bringup)
[1.588s] DEBUG:colcon.colcon_core.event_handler.log_command:Invoked command in '/home/v120506/rmitbot_v4/lesson5_ws/build/rmitbot_bringup' returned '0': CMAKE_PREFIX_PATH=${CMAKE_PREFIX_PATH}:/opt/ros/jazzy DEBUGINFOD_URLS=https://debuginfod.ubuntu.com /usr/bin/cmake --install /home/v120506/rmitbot_v4/lesson5_ws/build/rmitbot_bringup
[1.587s] Level 1:colcon.colcon_core.environment:checking '/home/v120506/rmitbot_v4/lesson5_ws/install/rmitbot_bringup' for CMake module files
[1.594s] Level 1:colcon.colcon_core.environment:checking '/home/v120506/rmitbot_v4/lesson5_ws/install/rmitbot_bringup' for CMake config files
[1.594s] Level 1:colcon.colcon_core.shell:create_environment_hook('rmitbot_bringup', 'cmake_prefix_path')
[1.595s] INFO:colcon.colcon_core.shell:Creating environment hook '/home/v120506/rmitbot_v4/lesson5_ws/install/rmitbot_bringup/share/rmitbot_bringup/hook/cmake_prefix_path.ps1'
[1.606s] INFO:colcon.colcon_core.shell:Creating environment descriptor '/home/v120506/rmitbot_v4/lesson5_ws/install/rmitbot_bringup/share/rmitbot_bringup/hook/cmake_prefix_path.dsv'
[1.607s] INFO:colcon.colcon_core.shell:Creating environment hook '/home/v120506/rmitbot_v4/lesson5_ws/install/rmitbot_bringup/share/rmitbot_bringup/hook/cmake_prefix_path.sh'
[1.619s] Level 1:colcon.colcon_core.environment:checking '/home/v120506/rmitbot_v4/lesson5_ws/install/rmitbot_bringup/bin'
[1.620s] Level 1:colcon.colcon_core.environment:checking '/home/v120506/rmitbot_v4/lesson5_ws/install/rmitbot_bringup/lib/pkgconfig/rmitbot_bringup.pc'
[1.620s] Level 1:colcon.colcon_core.environment:checking '/home/v120506/rmitbot_v4/lesson5_ws/install/rmitbot_bringup/lib/python3.12/site-packages'
[1.628s] Level 1:colcon.colcon_core.environment:checking '/home/v120506/rmitbot_v4/lesson5_ws/install/rmitbot_bringup/bin'
[1.630s] INFO:colcon.colcon_core.shell:Creating package script '/home/v120506/rmitbot_v4/lesson5_ws/install/rmitbot_bringup/share/rmitbot_bringup/package.ps1'
[1.632s] INFO:colcon.colcon_core.shell:Creating package descriptor '/home/v120506/rmitbot_v4/lesson5_ws/install/rmitbot_bringup/share/rmitbot_bringup/package.dsv'
[1.639s] INFO:colcon.colcon_core.shell:Creating package script '/home/v120506/rmitbot_v4/lesson5_ws/install/rmitbot_bringup/share/rmitbot_bringup/package.sh'
[1.644s] INFO:colcon.colcon_core.shell:Creating package script '/home/v120506/rmitbot_v4/lesson5_ws/install/rmitbot_bringup/share/rmitbot_bringup/package.bash'
[1.649s] INFO:colcon.colcon_core.shell:Creating package script '/home/v120506/rmitbot_v4/lesson5_ws/install/rmitbot_bringup/share/rmitbot_bringup/package.zsh'
[1.652s] Level 1:colcon.colcon_core.environment:create_file_with_runtime_dependencies(/home/v120506/rmitbot_v4/lesson5_ws/install/rmitbot_bringup/share/colcon-core/packages/rmitbot_bringup)
[1.666s] Level 1:colcon.colcon_core.environment:create_environment_scripts_only(rmitbot_bringup)
[1.667s] Level 1:colcon.colcon_core.environment:checking '/home/v120506/rmitbot_v4/lesson5_ws/install/rmitbot_bringup' for CMake module files
[1.673s] Level 1:colcon.colcon_core.environment:checking '/home/v120506/rmitbot_v4/lesson5_ws/install/rmitbot_bringup' for CMake config files
[1.673s] Level 1:colcon.colcon_core.shell:create_environment_hook('rmitbot_bringup', 'cmake_prefix_path')
[1.674s] INFO:colcon.colcon_core.shell:Creating environment hook '/home/v120506/rmitbot_v4/lesson5_ws/install/rmitbot_bringup/share/rmitbot_bringup/hook/cmake_prefix_path.ps1'
[1.677s] INFO:colcon.colcon_core.shell:Creating environment descriptor '/home/v120506/rmitbot_v4/lesson5_ws/install/rmitbot_bringup/share/rmitbot_bringup/hook/cmake_prefix_path.dsv'
[1.678s] INFO:colcon.colcon_core.shell:Creating environment hook '/home/v120506/rmitbot_v4/lesson5_ws/install/rmitbot_bringup/share/rmitbot_bringup/hook/cmake_prefix_path.sh'
[1.681s] Level 1:colcon.colcon_core.environment:checking '/home/v120506/rmitbot_v4/lesson5_ws/install/rmitbot_bringup/bin'
[1.682s] Level 1:colcon.colcon_core.environment:checking '/home/v120506/rmitbot_v4/lesson5_ws/install/rmitbot_bringup/lib/pkgconfig/rmitbot_bringup.pc'
[1.683s] Level 1:colcon.colcon_core.environment:checking '/home/v120506/rmitbot_v4/lesson5_ws/install/rmitbot_bringup/lib/python3.12/site-packages'
[1.684s] Level 1:colcon.colcon_core.environment:checking '/home/v120506/rmitbot_v4/lesson5_ws/install/rmitbot_bringup/bin'
[1.685s] INFO:colcon.colcon_core.shell:Creating package script '/home/v120506/rmitbot_v4/lesson5_ws/install/rmitbot_bringup/share/rmitbot_bringup/package.ps1'
[1.687s] INFO:colcon.colcon_core.shell:Creating package descriptor '/home/v120506/rmitbot_v4/lesson5_ws/install/rmitbot_bringup/share/rmitbot_bringup/package.dsv'
[1.688s] INFO:colcon.colcon_core.shell:Creating package script '/home/v120506/rmitbot_v4/lesson5_ws/install/rmitbot_bringup/share/rmitbot_bringup/package.sh'
[1.691s] INFO:colcon.colcon_core.shell:Creating package script '/home/v120506/rmitbot_v4/lesson5_ws/install/rmitbot_bringup/share/rmitbot_bringup/package.bash'
[1.692s] INFO:colcon.colcon_core.shell:Creating package script '/home/v120506/rmitbot_v4/lesson5_ws/install/rmitbot_bringup/share/rmitbot_bringup/package.zsh'
[1.693s] Level 1:colcon.colcon_core.environment:create_file_with_runtime_dependencies(/home/v120506/rmitbot_v4/lesson5_ws/install/rmitbot_bringup/share/colcon-core/packages/rmitbot_bringup)
[1.708s] DEBUG:colcon.colcon_core.event_handler.log_command:Invoked command in '/home/v120506/rmitbot_v4/lesson5_ws/build/rmitbot_localization' returned '0': CMAKE_PREFIX_PATH=${CMAKE_PREFIX_PATH}:/opt/ros/jazzy DEBUGINFOD_URLS=https://debuginfod.ubuntu.com /usr/bin/cmake --build /home/v120506/rmitbot_v4/lesson5_ws/build/rmitbot_localization -- -j8 -l8
[1.713s] DEBUG:colcon.colcon_core.event_handler.log_command:Invoking command in '/home/v120506/rmitbot_v4/lesson5_ws/build/rmitbot_localization': CMAKE_PREFIX_PATH=${CMAKE_PREFIX_PATH}:/opt/ros/jazzy DEBUGINFOD_URLS=https://debuginfod.ubuntu.com /usr/bin/cmake --install /home/v120506/rmitbot_v4/lesson5_ws/build/rmitbot_localization
[1.717s] DEBUG:colcon.colcon_core.event_handler.log_command:Invoked command in '/home/v120506/rmitbot_v4/lesson5_ws/build/rmitbot_description' returned '0': CMAKE_PREFIX_PATH=${CMAKE_PREFIX_PATH}:/opt/ros/jazzy DEBUGINFOD_URLS=https://debuginfod.ubuntu.com /usr/bin/cmake --build /home/v120506/rmitbot_v4/lesson5_ws/build/rmitbot_description -- -j8 -l8
[1.724s] DEBUG:colcon.colcon_core.event_handler.log_command:Invoking command in '/home/v120506/rmitbot_v4/lesson5_ws/build/rmitbot_description': CMAKE_PREFIX_PATH=${CMAKE_PREFIX_PATH}:/opt/ros/jazzy DEBUGINFOD_URLS=https://debuginfod.ubuntu.com /usr/bin/cmake --install /home/v120506/rmitbot_v4/lesson5_ws/build/rmitbot_description
[1.728s] Level 1:colcon.colcon_core.environment:create_environment_scripts_only(rmitbot_controller)
[1.729s] Level 1:colcon.colcon_core.environment:checking '/home/v120506/rmitbot_v4/lesson5_ws/install/rmitbot_controller' for CMake module files
[1.735s] Level 1:colcon.colcon_core.environment:checking '/home/v120506/rmitbot_v4/lesson5_ws/install/rmitbot_controller' for CMake config files
[1.745s] Level 1:colcon.colcon_core.shell:create_environment_hook('rmitbot_controller', 'cmake_prefix_path')
[1.746s] INFO:colcon.colcon_core.shell:Creating environment hook '/home/v120506/rmitbot_v4/lesson5_ws/install/rmitbot_controller/share/rmitbot_controller/hook/cmake_prefix_path.ps1'
[1.736s] DEBUG:colcon.colcon_core.event_handler.log_command:Invoked command in '/home/v120506/rmitbot_v4/lesson5_ws/build/rmitbot_controller' returned '0': CMAKE_PREFIX_PATH=${CMAKE_PREFIX_PATH}:/opt/ros/jazzy DEBUGINFOD_URLS=https://debuginfod.ubuntu.com /usr/bin/cmake --install /home/v120506/rmitbot_v4/lesson5_ws/build/rmitbot_controller
[1.751s] INFO:colcon.colcon_core.shell:Creating environment descriptor '/home/v120506/rmitbot_v4/lesson5_ws/install/rmitbot_controller/share/rmitbot_controller/hook/cmake_prefix_path.dsv'
[1.782s] INFO:colcon.colcon_core.shell:Creating environment hook '/home/v120506/rmitbot_v4/lesson5_ws/install/rmitbot_controller/share/rmitbot_controller/hook/cmake_prefix_path.sh'
[1.807s] Level 1:colcon.colcon_core.environment:checking '/home/v120506/rmitbot_v4/lesson5_ws/install/rmitbot_controller/bin'
[1.807s] Level 1:colcon.colcon_core.environment:checking '/home/v120506/rmitbot_v4/lesson5_ws/install/rmitbot_controller/lib/pkgconfig/rmitbot_controller.pc'
[1.807s] Level 1:colcon.colcon_core.environment:checking '/home/v120506/rmitbot_v4/lesson5_ws/install/rmitbot_controller/lib/python3.12/site-packages'
[1.813s] Level 1:colcon.colcon_core.environment:checking '/home/v120506/rmitbot_v4/lesson5_ws/install/rmitbot_controller/bin'
[1.833s] INFO:colcon.colcon_core.shell:Creating package script '/home/v120506/rmitbot_v4/lesson5_ws/install/rmitbot_controller/share/rmitbot_controller/package.ps1'
[1.834s] INFO:colcon.colcon_core.shell:Creating package descriptor '/home/v120506/rmitbot_v4/lesson5_ws/install/rmitbot_controller/share/rmitbot_controller/package.dsv'
[1.835s] INFO:colcon.colcon_core.shell:Creating package script '/home/v120506/rmitbot_v4/lesson5_ws/install/rmitbot_controller/share/rmitbot_controller/package.sh'
[1.854s] INFO:colcon.colcon_core.shell:Creating package script '/home/v120506/rmitbot_v4/lesson5_ws/install/rmitbot_controller/share/rmitbot_controller/package.bash'
[1.855s] INFO:colcon.colcon_core.shell:Creating package script '/home/v120506/rmitbot_v4/lesson5_ws/install/rmitbot_controller/share/rmitbot_controller/package.zsh'
[1.856s] Level 1:colcon.colcon_core.environment:create_file_with_runtime_dependencies(/home/v120506/rmitbot_v4/lesson5_ws/install/rmitbot_controller/share/colcon-core/packages/rmitbot_controller)
[1.857s] Level 1:colcon.colcon_core.environment:create_environment_scripts_only(rmitbot_controller)
[1.874s] Level 1:colcon.colcon_core.environment:checking '/home/v120506/rmitbot_v4/lesson5_ws/install/rmitbot_controller' for CMake module files
[1.875s] Level 1:colcon.colcon_core.environment:checking '/home/v120506/rmitbot_v4/lesson5_ws/install/rmitbot_controller' for CMake config files
[1.876s] Level 1:colcon.colcon_core.shell:create_environment_hook('rmitbot_controller', 'cmake_prefix_path')
[1.876s] INFO:colcon.colcon_core.shell:Creating environment hook '/home/v120506/rmitbot_v4/lesson5_ws/install/rmitbot_controller/share/rmitbot_controller/hook/cmake_prefix_path.ps1'
[1.891s] INFO:colcon.colcon_core.shell:Creating environment descriptor '/home/v120506/rmitbot_v4/lesson5_ws/install/rmitbot_controller/share/rmitbot_controller/hook/cmake_prefix_path.dsv'
[1.898s] INFO:colcon.colcon_core.shell:Creating environment hook '/home/v120506/rmitbot_v4/lesson5_ws/install/rmitbot_controller/share/rmitbot_controller/hook/cmake_prefix_path.sh'
[1.903s] Level 1:colcon.colcon_core.environment:checking '/home/v120506/rmitbot_v4/lesson5_ws/install/rmitbot_controller/bin'
[1.905s] Level 1:colcon.colcon_core.environment:checking '/home/v120506/rmitbot_v4/lesson5_ws/install/rmitbot_controller/lib/pkgconfig/rmitbot_controller.pc'
[1.906s] Level 1:colcon.colcon_core.environment:checking '/home/v120506/rmitbot_v4/lesson5_ws/install/rmitbot_controller/lib/python3.12/site-packages'
[1.906s] Level 1:colcon.colcon_core.environment:checking '/home/v120506/rmitbot_v4/lesson5_ws/install/rmitbot_controller/bin'
[1.907s] INFO:colcon.colcon_core.shell:Creating package script '/home/v120506/rmitbot_v4/lesson5_ws/install/rmitbot_controller/share/rmitbot_controller/package.ps1'
[1.946s] INFO:colcon.colcon_core.shell:Creating package descriptor '/home/v120506/rmitbot_v4/lesson5_ws/install/rmitbot_controller/share/rmitbot_controller/package.dsv'
[1.949s] INFO:colcon.colcon_core.shell:Creating package script '/home/v120506/rmitbot_v4/lesson5_ws/install/rmitbot_controller/share/rmitbot_controller/package.sh'
[1.952s] INFO:colcon.colcon_core.shell:Creating package script '/home/v120506/rmitbot_v4/lesson5_ws/install/rmitbot_controller/share/rmitbot_controller/package.bash'
[1.956s] INFO:colcon.colcon_core.shell:Creating package script '/home/v120506/rmitbot_v4/lesson5_ws/install/rmitbot_controller/share/rmitbot_controller/package.zsh'
[1.959s] Level 1:colcon.colcon_core.environment:create_file_with_runtime_dependencies(/home/v120506/rmitbot_v4/lesson5_ws/install/rmitbot_controller/share/colcon-core/packages/rmitbot_controller)
[1.969s] DEBUG:colcon.colcon_core.event_handler.log_command:Invoked command in '/home/v120506/rmitbot_v4/lesson5_ws/build/rmitbot_mapping' returned '0': CMAKE_PREFIX_PATH=${CMAKE_PREFIX_PATH}:/opt/ros/jazzy DEBUGINFOD_URLS=https://debuginfod.ubuntu.com /usr/bin/cmake --build /home/v120506/rmitbot_v4/lesson5_ws/build/rmitbot_mapping -- -j8 -l8
[1.971s] DEBUG:colcon.colcon_core.event_handler.log_command:Invoking command in '/home/v120506/rmitbot_v4/lesson5_ws/build/rmitbot_mapping': CMAKE_PREFIX_PATH=${CMAKE_PREFIX_PATH}:/opt/ros/jazzy DEBUGINFOD_URLS=https://debuginfod.ubuntu.com /usr/bin/cmake --install /home/v120506/rmitbot_v4/lesson5_ws/build/rmitbot_mapping
[1.982s] DEBUG:colcon.colcon_core.event_handler.log_command:Invoked command in '/home/v120506/rmitbot_v4/lesson5_ws/build/rmitbot_navigation' returned '0': CMAKE_PREFIX_PATH=${CMAKE_PREFIX_PATH}:/opt/ros/jazzy DEBUGINFOD_URLS=https://debuginfod.ubuntu.com /usr/bin/cmake --build /home/v120506/rmitbot_v4/lesson5_ws/build/rmitbot_navigation -- -j8 -l8
[1.983s] DEBUG:colcon.colcon_core.event_handler.log_command:Invoking command in '/home/v120506/rmitbot_v4/lesson5_ws/build/rmitbot_navigation': CMAKE_PREFIX_PATH=${CMAKE_PREFIX_PATH}:/opt/ros/jazzy DEBUGINFOD_URLS=https://debuginfod.ubuntu.com /usr/bin/cmake --install /home/v120506/rmitbot_v4/lesson5_ws/build/rmitbot_navigation
[1.988s] Level 1:colcon.colcon_core.environment:create_environment_scripts_only(rmitbot_description)
[1.992s] Level 1:colcon.colcon_core.environment:checking '/home/v120506/rmitbot_v4/lesson5_ws/install/rmitbot_description' for CMake module files
[1.993s] Level 1:colcon.colcon_core.environment:checking '/home/v120506/rmitbot_v4/lesson5_ws/install/rmitbot_description' for CMake config files
[2.000s] DEBUG:colcon.colcon_core.event_handler.log_command:Invoked command in '/home/v120506/rmitbot_v4/lesson5_ws/build/rmitbot_description' returned '0': CMAKE_PREFIX_PATH=${CMAKE_PREFIX_PATH}:/opt/ros/jazzy DEBUGINFOD_URLS=https://debuginfod.ubuntu.com /usr/bin/cmake --install /home/v120506/rmitbot_v4/lesson5_ws/build/rmitbot_description
[2.005s] Level 1:colcon.colcon_core.shell:create_environment_hook('rmitbot_description', 'cmake_prefix_path')
[2.006s] INFO:colcon.colcon_core.shell:Creating environment hook '/home/v120506/rmitbot_v4/lesson5_ws/install/rmitbot_description/share/rmitbot_description/hook/cmake_prefix_path.ps1'
[2.010s] INFO:colcon.colcon_core.shell:Creating environment descriptor '/home/v120506/rmitbot_v4/lesson5_ws/install/rmitbot_description/share/rmitbot_description/hook/cmake_prefix_path.dsv'
[2.013s] INFO:colcon.colcon_core.shell:Creating environment hook '/home/v120506/rmitbot_v4/lesson5_ws/install/rmitbot_description/share/rmitbot_description/hook/cmake_prefix_path.sh'
[2.026s] Level 1:colcon.colcon_core.environment:checking '/home/v120506/rmitbot_v4/lesson5_ws/install/rmitbot_description/bin'
[2.026s] Level 1:colcon.colcon_core.environment:checking '/home/v120506/rmitbot_v4/lesson5_ws/install/rmitbot_description/lib/pkgconfig/rmitbot_description.pc'
[2.029s] Level 1:colcon.colcon_core.environment:checking '/home/v120506/rmitbot_v4/lesson5_ws/install/rmitbot_description/lib/python3.12/site-packages'
[2.032s] Level 1:colcon.colcon_core.environment:checking '/home/v120506/rmitbot_v4/lesson5_ws/install/rmitbot_description/bin'
[2.033s] INFO:colcon.colcon_core.shell:Creating package script '/home/v120506/rmitbot_v4/lesson5_ws/install/rmitbot_description/share/rmitbot_description/package.ps1'
[2.035s] INFO:colcon.colcon_core.shell:Creating package descriptor '/home/v120506/rmitbot_v4/lesson5_ws/install/rmitbot_description/share/rmitbot_description/package.dsv'
[2.043s] INFO:colcon.colcon_core.shell:Creating package script '/home/v120506/rmitbot_v4/lesson5_ws/install/rmitbot_description/share/rmitbot_description/package.sh'
[2.044s] INFO:colcon.colcon_core.shell:Creating package script '/home/v120506/rmitbot_v4/lesson5_ws/install/rmitbot_description/share/rmitbot_description/package.bash'
[2.045s] INFO:colcon.colcon_core.shell:Creating package script '/home/v120506/rmitbot_v4/lesson5_ws/install/rmitbot_description/share/rmitbot_description/package.zsh'
[2.048s] Level 1:colcon.colcon_core.environment:create_file_with_runtime_dependencies(/home/v120506/rmitbot_v4/lesson5_ws/install/rmitbot_description/share/colcon-core/packages/rmitbot_description)
[2.049s] Level 1:colcon.colcon_core.environment:create_environment_scripts_only(rmitbot_description)
[2.049s] Level 1:colcon.colcon_core.environment:checking '/home/v120506/rmitbot_v4/lesson5_ws/install/rmitbot_description' for CMake module files
[2.050s] Level 1:colcon.colcon_core.environment:checking '/home/v120506/rmitbot_v4/lesson5_ws/install/rmitbot_description' for CMake config files
[2.051s] Level 1:colcon.colcon_core.shell:create_environment_hook('rmitbot_description', 'cmake_prefix_path')
[2.051s] INFO:colcon.colcon_core.shell:Creating environment hook '/home/v120506/rmitbot_v4/lesson5_ws/install/rmitbot_description/share/rmitbot_description/hook/cmake_prefix_path.ps1'
[2.054s] INFO:colcon.colcon_core.shell:Creating environment descriptor '/home/v120506/rmitbot_v4/lesson5_ws/install/rmitbot_description/share/rmitbot_description/hook/cmake_prefix_path.dsv'
[2.055s] INFO:colcon.colcon_core.shell:Creating environment hook '/home/v120506/rmitbot_v4/lesson5_ws/install/rmitbot_description/share/rmitbot_description/hook/cmake_prefix_path.sh'
[2.056s] Level 1:colcon.colcon_core.environment:checking '/home/v120506/rmitbot_v4/lesson5_ws/install/rmitbot_description/bin'
[2.057s] Level 1:colcon.colcon_core.environment:checking '/home/v120506/rmitbot_v4/lesson5_ws/install/rmitbot_description/lib/pkgconfig/rmitbot_description.pc'
[2.059s] Level 1:colcon.colcon_core.environment:checking '/home/v120506/rmitbot_v4/lesson5_ws/install/rmitbot_description/lib/python3.12/site-packages'
[2.062s] Level 1:colcon.colcon_core.environment:checking '/home/v120506/rmitbot_v4/lesson5_ws/install/rmitbot_description/bin'
[2.063s] INFO:colcon.colcon_core.shell:Creating package script '/home/v120506/rmitbot_v4/lesson5_ws/install/rmitbot_description/share/rmitbot_description/package.ps1'
[2.065s] INFO:colcon.colcon_core.shell:Creating package descriptor '/home/v120506/rmitbot_v4/lesson5_ws/install/rmitbot_description/share/rmitbot_description/package.dsv'
[2.067s] INFO:colcon.colcon_core.shell:Creating package script '/home/v120506/rmitbot_v4/lesson5_ws/install/rmitbot_description/share/rmitbot_description/package.sh'
[2.069s] INFO:colcon.colcon_core.shell:Creating package script '/home/v120506/rmitbot_v4/lesson5_ws/install/rmitbot_description/share/rmitbot_description/package.bash'
[2.071s] INFO:colcon.colcon_core.shell:Creating package script '/home/v120506/rmitbot_v4/lesson5_ws/install/rmitbot_description/share/rmitbot_description/package.zsh'
[2.082s] Level 1:colcon.colcon_core.environment:create_file_with_runtime_dependencies(/home/v120506/rmitbot_v4/lesson5_ws/install/rmitbot_description/share/colcon-core/packages/rmitbot_description)
[2.085s] Level 1:colcon.colcon_core.environment:create_environment_scripts_only(rmitbot_localization)
[2.087s] Level 1:colcon.colcon_core.environment:checking '/home/v120506/rmitbot_v4/lesson5_ws/install/rmitbot_localization' for CMake module files
[2.098s] Level 1:colcon.colcon_core.environment:checking '/home/v120506/rmitbot_v4/lesson5_ws/install/rmitbot_localization' for CMake config files
[2.099s] Level 1:colcon.colcon_core.shell:create_environment_hook('rmitbot_localization', 'cmake_prefix_path')
[2.101s] INFO:colcon.colcon_core.shell:Creating environment hook '/home/v120506/rmitbot_v4/lesson5_ws/install/rmitbot_localization/share/rmitbot_localization/hook/cmake_prefix_path.ps1'
[2.103s] INFO:colcon.colcon_core.shell:Creating environment descriptor '/home/v120506/rmitbot_v4/lesson5_ws/install/rmitbot_localization/share/rmitbot_localization/hook/cmake_prefix_path.dsv'
[2.113s] INFO:colcon.colcon_core.shell:Creating environment hook '/home/v120506/rmitbot_v4/lesson5_ws/install/rmitbot_localization/share/rmitbot_localization/hook/cmake_prefix_path.sh'
[2.114s] Level 1:colcon.colcon_core.environment:checking '/home/v120506/rmitbot_v4/lesson5_ws/install/rmitbot_localization/bin'
[2.114s] Level 1:colcon.colcon_core.environment:checking '/home/v120506/rmitbot_v4/lesson5_ws/install/rmitbot_localization/lib/pkgconfig/rmitbot_localization.pc'
[2.115s] Level 1:colcon.colcon_core.environment:checking '/home/v120506/rmitbot_v4/lesson5_ws/install/rmitbot_localization/lib/python3.12/site-packages'
[2.109s] DEBUG:colcon.colcon_core.event_handler.log_command:Invoked command in '/home/v120506/rmitbot_v4/lesson5_ws/build/rmitbot_localization' returned '0': CMAKE_PREFIX_PATH=${CMAKE_PREFIX_PATH}:/opt/ros/jazzy DEBUGINFOD_URLS=https://debuginfod.ubuntu.com /usr/bin/cmake --install /home/v120506/rmitbot_v4/lesson5_ws/build/rmitbot_localization
[2.117s] Level 1:colcon.colcon_core.environment:checking '/home/v120506/rmitbot_v4/lesson5_ws/install/rmitbot_localization/bin'
[2.118s] INFO:colcon.colcon_core.shell:Creating package script '/home/v120506/rmitbot_v4/lesson5_ws/install/rmitbot_localization/share/rmitbot_localization/package.ps1'
[2.120s] INFO:colcon.colcon_core.shell:Creating package descriptor '/home/v120506/rmitbot_v4/lesson5_ws/install/rmitbot_localization/share/rmitbot_localization/package.dsv'
[2.123s] INFO:colcon.colcon_core.shell:Creating package script '/home/v120506/rmitbot_v4/lesson5_ws/install/rmitbot_localization/share/rmitbot_localization/package.sh'
[2.124s] INFO:colcon.colcon_core.shell:Creating package script '/home/v120506/rmitbot_v4/lesson5_ws/install/rmitbot_localization/share/rmitbot_localization/package.bash'
[2.124s] INFO:colcon.colcon_core.shell:Creating package script '/home/v120506/rmitbot_v4/lesson5_ws/install/rmitbot_localization/share/rmitbot_localization/package.zsh'
[2.125s] Level 1:colcon.colcon_core.environment:create_file_with_runtime_dependencies(/home/v120506/rmitbot_v4/lesson5_ws/install/rmitbot_localization/share/colcon-core/packages/rmitbot_localization)
[2.129s] Level 1:colcon.colcon_core.environment:create_environment_scripts_only(rmitbot_localization)
[2.132s] Level 1:colcon.colcon_core.environment:checking '/home/v120506/rmitbot_v4/lesson5_ws/install/rmitbot_localization' for CMake module files
[2.137s] Level 1:colcon.colcon_core.environment:checking '/home/v120506/rmitbot_v4/lesson5_ws/install/rmitbot_localization' for CMake config files
[2.139s] Level 1:colcon.colcon_core.shell:create_environment_hook('rmitbot_localization', 'cmake_prefix_path')
[2.139s] INFO:colcon.colcon_core.shell:Creating environment hook '/home/v120506/rmitbot_v4/lesson5_ws/install/rmitbot_localization/share/rmitbot_localization/hook/cmake_prefix_path.ps1'
[2.143s] INFO:colcon.colcon_core.shell:Creating environment descriptor '/home/v120506/rmitbot_v4/lesson5_ws/install/rmitbot_localization/share/rmitbot_localization/hook/cmake_prefix_path.dsv'
[2.147s] INFO:colcon.colcon_core.shell:Creating environment hook '/home/v120506/rmitbot_v4/lesson5_ws/install/rmitbot_localization/share/rmitbot_localization/hook/cmake_prefix_path.sh'
[2.148s] Level 1:colcon.colcon_core.environment:checking '/home/v120506/rmitbot_v4/lesson5_ws/install/rmitbot_localization/bin'
[2.148s] Level 1:colcon.colcon_core.environment:checking '/home/v120506/rmitbot_v4/lesson5_ws/install/rmitbot_localization/lib/pkgconfig/rmitbot_localization.pc'
[2.149s] Level 1:colcon.colcon_core.environment:checking '/home/v120506/rmitbot_v4/lesson5_ws/install/rmitbot_localization/lib/python3.12/site-packages'
[2.152s] Level 1:colcon.colcon_core.environment:checking '/home/v120506/rmitbot_v4/lesson5_ws/install/rmitbot_localization/bin'
[2.153s] INFO:colcon.colcon_core.shell:Creating package script '/home/v120506/rmitbot_v4/lesson5_ws/install/rmitbot_localization/share/rmitbot_localization/package.ps1'
[2.156s] INFO:colcon.colcon_core.shell:Creating package descriptor '/home/v120506/rmitbot_v4/lesson5_ws/install/rmitbot_localization/share/rmitbot_localization/package.dsv'
[2.159s] INFO:colcon.colcon_core.shell:Creating package script '/home/v120506/rmitbot_v4/lesson5_ws/install/rmitbot_localization/share/rmitbot_localization/package.sh'
[2.160s] INFO:colcon.colcon_core.shell:Creating package script '/home/v120506/rmitbot_v4/lesson5_ws/install/rmitbot_localization/share/rmitbot_localization/package.bash'
[2.161s] INFO:colcon.colcon_core.shell:Creating package script '/home/v120506/rmitbot_v4/lesson5_ws/install/rmitbot_localization/share/rmitbot_localization/package.zsh'
[2.162s] Level 1:colcon.colcon_core.environment:create_file_with_runtime_dependencies(/home/v120506/rmitbot_v4/lesson5_ws/install/rmitbot_localization/share/colcon-core/packages/rmitbot_localization)
[2.167s] Level 1:colcon.colcon_core.environment:create_environment_scripts_only(rmitbot_navigation)
[2.169s] Level 1:colcon.colcon_core.environment:checking '/home/v120506/rmitbot_v4/lesson5_ws/install/rmitbot_navigation' for CMake module files
[2.170s] Level 1:colcon.colcon_core.environment:checking '/home/v120506/rmitbot_v4/lesson5_ws/install/rmitbot_navigation' for CMake config files
[2.171s] Level 1:colcon.colcon_core.shell:create_environment_hook('rmitbot_navigation', 'cmake_prefix_path')
[2.168s] DEBUG:colcon.colcon_core.event_handler.log_command:Invoked command in '/home/v120506/rmitbot_v4/lesson5_ws/build/rmitbot_navigation' returned '0': CMAKE_PREFIX_PATH=${CMAKE_PREFIX_PATH}:/opt/ros/jazzy DEBUGINFOD_URLS=https://debuginfod.ubuntu.com /usr/bin/cmake --install /home/v120506/rmitbot_v4/lesson5_ws/build/rmitbot_navigation
[2.171s] INFO:colcon.colcon_core.shell:Creating environment hook '/home/v120506/rmitbot_v4/lesson5_ws/install/rmitbot_navigation/share/rmitbot_navigation/hook/cmake_prefix_path.ps1'
[2.177s] INFO:colcon.colcon_core.shell:Creating environment descriptor '/home/v120506/rmitbot_v4/lesson5_ws/install/rmitbot_navigation/share/rmitbot_navigation/hook/cmake_prefix_path.dsv'
[2.179s] INFO:colcon.colcon_core.shell:Creating environment hook '/home/v120506/rmitbot_v4/lesson5_ws/install/rmitbot_navigation/share/rmitbot_navigation/hook/cmake_prefix_path.sh'
[2.186s] Level 1:colcon.colcon_core.environment:checking '/home/v120506/rmitbot_v4/lesson5_ws/install/rmitbot_navigation/bin'
[2.186s] Level 1:colcon.colcon_core.environment:checking '/home/v120506/rmitbot_v4/lesson5_ws/install/rmitbot_navigation/lib/pkgconfig/rmitbot_navigation.pc'
[2.186s] Level 1:colcon.colcon_core.environment:checking '/home/v120506/rmitbot_v4/lesson5_ws/install/rmitbot_navigation/lib/python3.12/site-packages'
[2.187s] Level 1:colcon.colcon_core.environment:checking '/home/v120506/rmitbot_v4/lesson5_ws/install/rmitbot_navigation/bin'
[2.188s] INFO:colcon.colcon_core.shell:Creating package script '/home/v120506/rmitbot_v4/lesson5_ws/install/rmitbot_navigation/share/rmitbot_navigation/package.ps1'
[2.192s] INFO:colcon.colcon_core.shell:Creating package descriptor '/home/v120506/rmitbot_v4/lesson5_ws/install/rmitbot_navigation/share/rmitbot_navigation/package.dsv'
[2.195s] INFO:colcon.colcon_core.shell:Creating package script '/home/v120506/rmitbot_v4/lesson5_ws/install/rmitbot_navigation/share/rmitbot_navigation/package.sh'
[2.196s] INFO:colcon.colcon_core.shell:Creating package script '/home/v120506/rmitbot_v4/lesson5_ws/install/rmitbot_navigation/share/rmitbot_navigation/package.bash'
[2.201s] INFO:colcon.colcon_core.shell:Creating package script '/home/v120506/rmitbot_v4/lesson5_ws/install/rmitbot_navigation/share/rmitbot_navigation/package.zsh'
[2.202s] Level 1:colcon.colcon_core.environment:create_file_with_runtime_dependencies(/home/v120506/rmitbot_v4/lesson5_ws/install/rmitbot_navigation/share/colcon-core/packages/rmitbot_navigation)
[2.203s] Level 1:colcon.colcon_core.environment:create_environment_scripts_only(rmitbot_navigation)
[2.206s] Level 1:colcon.colcon_core.environment:checking '/home/v120506/rmitbot_v4/lesson5_ws/install/rmitbot_navigation' for CMake module files
[2.208s] Level 1:colcon.colcon_core.environment:checking '/home/v120506/rmitbot_v4/lesson5_ws/install/rmitbot_navigation' for CMake config files
[2.209s] Level 1:colcon.colcon_core.shell:create_environment_hook('rmitbot_navigation', 'cmake_prefix_path')
[2.209s] INFO:colcon.colcon_core.shell:Creating environment hook '/home/v120506/rmitbot_v4/lesson5_ws/install/rmitbot_navigation/share/rmitbot_navigation/hook/cmake_prefix_path.ps1'
[2.213s] INFO:colcon.colcon_core.shell:Creating environment descriptor '/home/v120506/rmitbot_v4/lesson5_ws/install/rmitbot_navigation/share/rmitbot_navigation/hook/cmake_prefix_path.dsv'
[2.214s] INFO:colcon.colcon_core.shell:Creating environment hook '/home/v120506/rmitbot_v4/lesson5_ws/install/rmitbot_navigation/share/rmitbot_navigation/hook/cmake_prefix_path.sh'
[2.215s] Level 1:colcon.colcon_core.environment:checking '/home/v120506/rmitbot_v4/lesson5_ws/install/rmitbot_navigation/bin'
[2.215s] Level 1:colcon.colcon_core.environment:checking '/home/v120506/rmitbot_v4/lesson5_ws/install/rmitbot_navigation/lib/pkgconfig/rmitbot_navigation.pc'
[2.220s] Level 1:colcon.colcon_core.environment:checking '/home/v120506/rmitbot_v4/lesson5_ws/install/rmitbot_navigation/lib/python3.12/site-packages'
[2.223s] Level 1:colcon.colcon_core.environment:checking '/home/v120506/rmitbot_v4/lesson5_ws/install/rmitbot_navigation/bin'
[2.224s] INFO:colcon.colcon_core.shell:Creating package script '/home/v120506/rmitbot_v4/lesson5_ws/install/rmitbot_navigation/share/rmitbot_navigation/package.ps1'
[2.229s] INFO:colcon.colcon_core.shell:Creating package descriptor '/home/v120506/rmitbot_v4/lesson5_ws/install/rmitbot_navigation/share/rmitbot_navigation/package.dsv'
[2.231s] INFO:colcon.colcon_core.shell:Creating package script '/home/v120506/rmitbot_v4/lesson5_ws/install/rmitbot_navigation/share/rmitbot_navigation/package.sh'
[2.232s] INFO:colcon.colcon_core.shell:Creating package script '/home/v120506/rmitbot_v4/lesson5_ws/install/rmitbot_navigation/share/rmitbot_navigation/package.bash'
[2.234s] INFO:colcon.colcon_core.shell:Creating package script '/home/v120506/rmitbot_v4/lesson5_ws/install/rmitbot_navigation/share/rmitbot_navigation/package.zsh'
[2.237s] Level 1:colcon.colcon_core.environment:create_file_with_runtime_dependencies(/home/v120506/rmitbot_v4/lesson5_ws/install/rmitbot_navigation/share/colcon-core/packages/rmitbot_navigation)
[2.239s] Level 1:colcon.colcon_core.environment:create_environment_scripts_only(rmitbot_mapping)
[2.242s] Level 1:colcon.colcon_core.environment:checking '/home/v120506/rmitbot_v4/lesson5_ws/install/rmitbot_mapping' for CMake module files
[2.251s] Level 1:colcon.colcon_core.environment:checking '/home/v120506/rmitbot_v4/lesson5_ws/install/rmitbot_mapping' for CMake config files
[2.252s] Level 1:colcon.colcon_core.shell:create_environment_hook('rmitbot_mapping', 'cmake_prefix_path')
[2.254s] INFO:colcon.colcon_core.shell:Creating environment hook '/home/v120506/rmitbot_v4/lesson5_ws/install/rmitbot_mapping/share/rmitbot_mapping/hook/cmake_prefix_path.ps1'
[2.259s] INFO:colcon.colcon_core.shell:Creating environment descriptor '/home/v120506/rmitbot_v4/lesson5_ws/install/rmitbot_mapping/share/rmitbot_mapping/hook/cmake_prefix_path.dsv'
[2.262s] INFO:colcon.colcon_core.shell:Creating environment hook '/home/v120506/rmitbot_v4/lesson5_ws/install/rmitbot_mapping/share/rmitbot_mapping/hook/cmake_prefix_path.sh'
[2.263s] DEBUG:colcon.colcon_core.event_handler.log_command:Invoked command in '/home/v120506/rmitbot_v4/lesson5_ws/build/rmitbot_mapping' returned '0': CMAKE_PREFIX_PATH=${CMAKE_PREFIX_PATH}:/opt/ros/jazzy DEBUGINFOD_URLS=https://debuginfod.ubuntu.com /usr/bin/cmake --install /home/v120506/rmitbot_v4/lesson5_ws/build/rmitbot_mapping
[2.271s] Level 1:colcon.colcon_core.environment:checking '/home/v120506/rmitbot_v4/lesson5_ws/install/rmitbot_mapping/bin'
[2.272s] Level 1:colcon.colcon_core.environment:checking '/home/v120506/rmitbot_v4/lesson5_ws/install/rmitbot_mapping/lib/pkgconfig/rmitbot_mapping.pc'
[2.272s] Level 1:colcon.colcon_core.environment:checking '/home/v120506/rmitbot_v4/lesson5_ws/install/rmitbot_mapping/lib/python3.12/site-packages'
[2.273s] Level 1:colcon.colcon_core.environment:checking '/home/v120506/rmitbot_v4/lesson5_ws/install/rmitbot_mapping/bin'
[2.274s] INFO:colcon.colcon_core.shell:Creating package script '/home/v120506/rmitbot_v4/lesson5_ws/install/rmitbot_mapping/share/rmitbot_mapping/package.ps1'
[2.282s] INFO:colcon.colcon_core.shell:Creating package descriptor '/home/v120506/rmitbot_v4/lesson5_ws/install/rmitbot_mapping/share/rmitbot_mapping/package.dsv'
[2.283s] INFO:colcon.colcon_core.shell:Creating package script '/home/v120506/rmitbot_v4/lesson5_ws/install/rmitbot_mapping/share/rmitbot_mapping/package.sh'
[2.287s] INFO:colcon.colcon_core.shell:Creating package script '/home/v120506/rmitbot_v4/lesson5_ws/install/rmitbot_mapping/share/rmitbot_mapping/package.bash'
[2.288s] INFO:colcon.colcon_core.shell:Creating package script '/home/v120506/rmitbot_v4/lesson5_ws/install/rmitbot_mapping/share/rmitbot_mapping/package.zsh'
[2.289s] Level 1:colcon.colcon_core.environment:create_file_with_runtime_dependencies(/home/v120506/rmitbot_v4/lesson5_ws/install/rmitbot_mapping/share/colcon-core/packages/rmitbot_mapping)
[2.294s] Level 1:colcon.colcon_core.environment:create_environment_scripts_only(rmitbot_mapping)
[2.295s] Level 1:colcon.colcon_core.environment:checking '/home/v120506/rmitbot_v4/lesson5_ws/install/rmitbot_mapping' for CMake module files
[2.297s] Level 1:colcon.colcon_core.environment:checking '/home/v120506/rmitbot_v4/lesson5_ws/install/rmitbot_mapping' for CMake config files
[2.298s] Level 1:colcon.colcon_core.shell:create_environment_hook('rmitbot_mapping', 'cmake_prefix_path')
[2.300s] INFO:colcon.colcon_core.shell:Creating environment hook '/home/v120506/rmitbot_v4/lesson5_ws/install/rmitbot_mapping/share/rmitbot_mapping/hook/cmake_prefix_path.ps1'
[2.303s] INFO:colcon.colcon_core.shell:Creating environment descriptor '/home/v120506/rmitbot_v4/lesson5_ws/install/rmitbot_mapping/share/rmitbot_mapping/hook/cmake_prefix_path.dsv'
[2.307s] INFO:colcon.colcon_core.shell:Creating environment hook '/home/v120506/rmitbot_v4/lesson5_ws/install/rmitbot_mapping/share/rmitbot_mapping/hook/cmake_prefix_path.sh'
[2.309s] Level 1:colcon.colcon_core.environment:checking '/home/v120506/rmitbot_v4/lesson5_ws/install/rmitbot_mapping/bin'
[2.309s] Level 1:colcon.colcon_core.environment:checking '/home/v120506/rmitbot_v4/lesson5_ws/install/rmitbot_mapping/lib/pkgconfig/rmitbot_mapping.pc'
[2.310s] Level 1:colcon.colcon_core.environment:checking '/home/v120506/rmitbot_v4/lesson5_ws/install/rmitbot_mapping/lib/python3.12/site-packages'
[2.314s] Level 1:colcon.colcon_core.environment:checking '/home/v120506/rmitbot_v4/lesson5_ws/install/rmitbot_mapping/bin'
[2.318s] INFO:colcon.colcon_core.shell:Creating package script '/home/v120506/rmitbot_v4/lesson5_ws/install/rmitbot_mapping/share/rmitbot_mapping/package.ps1'
[2.320s] INFO:colcon.colcon_core.shell:Creating package descriptor '/home/v120506/rmitbot_v4/lesson5_ws/install/rmitbot_mapping/share/rmitbot_mapping/package.dsv'
[2.321s] INFO:colcon.colcon_core.shell:Creating package script '/home/v120506/rmitbot_v4/lesson5_ws/install/rmitbot_mapping/share/rmitbot_mapping/package.sh'
[2.328s] INFO:colcon.colcon_core.shell:Creating package script '/home/v120506/rmitbot_v4/lesson5_ws/install/rmitbot_mapping/share/rmitbot_mapping/package.bash'
[2.330s] INFO:colcon.colcon_core.shell:Creating package script '/home/v120506/rmitbot_v4/lesson5_ws/install/rmitbot_mapping/share/rmitbot_mapping/package.zsh'
[2.334s] Level 1:colcon.colcon_core.environment:create_file_with_runtime_dependencies(/home/v120506/rmitbot_v4/lesson5_ws/install/rmitbot_mapping/share/colcon-core/packages/rmitbot_mapping)
[2.336s] DEBUG:colcon.colcon_parallel_executor.executor.parallel:closing loop
[2.338s] DEBUG:colcon.colcon_parallel_executor.executor.parallel:loop closed
[2.342s] DEBUG:colcon.colcon_parallel_executor.executor.parallel:run_until_complete finished with '0'
[2.342s] DEBUG:colcon.colcon_core.event_reactor:joining thread
[2.358s] INFO:colcon.colcon_core.plugin_system:Skipping extension 'colcon_notification.desktop_notification.terminal_notifier': Not used on non-Darwin systems
[2.359s] INFO:colcon.colcon_core.plugin_system:Skipping extension 'colcon_notification.desktop_notification.win32': Not used on non-Windows systems
[2.359s] INFO:colcon.colcon_notification.desktop_notification:Sending desktop notification using 'notify2'
[2.398s] DEBUG:colcon.colcon_core.event_reactor:joined thread
[2.400s] INFO:colcon.colcon_core.shell:Creating prefix script '/home/v120506/rmitbot_v4/lesson5_ws/install/local_setup.ps1'
[2.414s] INFO:colcon.colcon_core.shell:Creating prefix util module '/home/v120506/rmitbot_v4/lesson5_ws/install/_local_setup_util_ps1.py'
[2.437s] INFO:colcon.colcon_core.shell:Creating prefix chain script '/home/v120506/rmitbot_v4/lesson5_ws/install/setup.ps1'
[2.459s] INFO:colcon.colcon_core.shell:Creating prefix script '/home/v120506/rmitbot_v4/lesson5_ws/install/local_setup.sh'
[2.464s] INFO:colcon.colcon_core.shell:Creating prefix util module '/home/v120506/rmitbot_v4/lesson5_ws/install/_local_setup_util_sh.py'
[2.474s] INFO:colcon.colcon_core.shell:Creating prefix chain script '/home/v120506/rmitbot_v4/lesson5_ws/install/setup.sh'
[2.478s] INFO:colcon.colcon_core.shell:Creating prefix script '/home/v120506/rmitbot_v4/lesson5_ws/install/local_setup.bash'
[2.480s] INFO:colcon.colcon_core.shell:Creating prefix chain script '/home/v120506/rmitbot_v4/lesson5_ws/install/setup.bash'
[2.483s] INFO:colcon.colcon_core.shell:Creating prefix script '/home/v120506/rmitbot_v4/lesson5_ws/install/local_setup.zsh'
[2.484s] INFO:colcon.colcon_core.shell:Creating prefix chain script '/home/v120506/rmitbot_v4/lesson5_ws/install/setup.zsh'
