[0.024s] Invoking command in '/home/v120506/rmitbot_v4/lesson5_ws/build/rmitbot_navigation': CMAKE_PREFIX_PATH=${CMAKE_PREFIX_PATH}:/opt/ros/jazzy DEBUGINFOD_URLS=https://debuginfod.ubuntu.com /usr/bin/cmake /home/v120506/rmitbot_v4/lesson5_ws/src/rmitbot_navigation -DCMAKE_INSTALL_PREFIX=/home/v120506/rmitbot_v4/lesson5_ws/install/rmitbot_navigation
[0.178s] -- The C compiler identification is GNU 13.3.0
[0.330s] -- The CXX compiler identification is GNU 13.3.0
[0.356s] -- Detecting C compiler ABI info
[0.494s] -- Detecting C compiler ABI info - done
[0.515s] -- Check for working C compiler: /usr/bin/cc - skipped
[0.517s] -- Detecting C compile features
[0.518s] -- Detecting C compile features - done
[0.544s] -- Detecting CXX compiler ABI info
[0.717s] -- Detecting CXX compiler ABI info - done
[0.737s] -- Check for working CXX compiler: /usr/bin/c++ - skipped
[0.738s] -- Detecting CXX compile features
[0.739s] -- Detecting CXX compile features - done
[0.751s] -- Found ament_cmake: 2.5.4 (/opt/ros/jazzy/share/ament_cmake/cmake)
[0.988s] -- Found Python3: /usr/bin/python3 (found version "3.12.3") found components: Interpreter 
[1.388s] -- Configuring done (1.4s)
[1.395s] -- Generating done (0.0s)
[1.400s] -- Build files have been written to: /home/v120506/rmitbot_v4/lesson5_ws/build/rmitbot_navigation
[1.419s] Invoked command in '/home/v120506/rmitbot_v4/lesson5_ws/build/rmitbot_navigation' returned '0': CMAKE_PREFIX_PATH=${CMAKE_PREFIX_PATH}:/opt/ros/jazzy DEBUGINFOD_URLS=https://debuginfod.ubuntu.com /usr/bin/cmake /home/v120506/rmitbot_v4/lesson5_ws/src/rmitbot_navigation -DCMAKE_INSTALL_PREFIX=/home/v120506/rmitbot_v4/lesson5_ws/install/rmitbot_navigation
[1.420s] Invoking command in '/home/v120506/rmitbot_v4/lesson5_ws/build/rmitbot_navigation': CMAKE_PREFIX_PATH=${CMAKE_PREFIX_PATH}:/opt/ros/jazzy DEBUGINFOD_URLS=https://debuginfod.ubuntu.com /usr/bin/cmake --build /home/v120506/rmitbot_v4/lesson5_ws/build/rmitbot_navigation -- -j8 -l8
[1.493s] Invoked command in '/home/v120506/rmitbot_v4/lesson5_ws/build/rmitbot_navigation' returned '0': CMAKE_PREFIX_PATH=${CMAKE_PREFIX_PATH}:/opt/ros/jazzy DEBUGINFOD_URLS=https://debuginfod.ubuntu.com /usr/bin/cmake --build /home/v120506/rmitbot_v4/lesson5_ws/build/rmitbot_navigation -- -j8 -l8
[1.495s] Invoking command in '/home/v120506/rmitbot_v4/lesson5_ws/build/rmitbot_navigation': CMAKE_PREFIX_PATH=${CMAKE_PREFIX_PATH}:/opt/ros/jazzy DEBUGINFOD_URLS=https://debuginfod.ubuntu.com /usr/bin/cmake --install /home/v120506/rmitbot_v4/lesson5_ws/build/rmitbot_navigation
[1.515s] -- Install configuration: ""
[1.515s] -- Installing: /home/v120506/rmitbot_v4/lesson5_ws/install/rmitbot_navigation/share/rmitbot_navigation/launch
[1.516s] -- Installing: /home/v120506/rmitbot_v4/lesson5_ws/install/rmitbot_navigation/share/rmitbot_navigation/launch/twistmux.launch.py
[1.516s] -- Installing: /home/v120506/rmitbot_v4/lesson5_ws/install/rmitbot_navigation/share/rmitbot_navigation/launch/nav.launch.py
[1.516s] -- Installing: /home/v120506/rmitbot_v4/lesson5_ws/install/rmitbot_navigation/share/rmitbot_navigation/config
[1.516s] -- Installing: /home/v120506/rmitbot_v4/lesson5_ws/install/rmitbot_navigation/share/rmitbot_navigation/config/nav2_params.yaml
[1.516s] -- Installing: /home/v120506/rmitbot_v4/lesson5_ws/install/rmitbot_navigation/share/rmitbot_navigation/config/twistmux.yaml
[1.518s] -- Installing: /home/v120506/rmitbot_v4/lesson5_ws/install/rmitbot_navigation/share/ament_index/resource_index/package_run_dependencies/rmitbot_navigation
[1.519s] -- Installing: /home/v120506/rmitbot_v4/lesson5_ws/install/rmitbot_navigation/share/ament_index/resource_index/parent_prefix_path/rmitbot_navigation
[1.521s] -- Installing: /home/v120506/rmitbot_v4/lesson5_ws/install/rmitbot_navigation/share/rmitbot_navigation/environment/ament_prefix_path.sh
[1.522s] -- Installing: /home/v120506/rmitbot_v4/lesson5_ws/install/rmitbot_navigation/share/rmitbot_navigation/environment/ament_prefix_path.dsv
[1.522s] -- Installing: /home/v120506/rmitbot_v4/lesson5_ws/install/rmitbot_navigation/share/rmitbot_navigation/environment/path.sh
[1.522s] -- Installing: /home/v120506/rmitbot_v4/lesson5_ws/install/rmitbot_navigation/share/rmitbot_navigation/environment/path.dsv
[1.522s] -- Installing: /home/v120506/rmitbot_v4/lesson5_ws/install/rmitbot_navigation/share/rmitbot_navigation/local_setup.bash
[1.522s] -- Installing: /home/v120506/rmitbot_v4/lesson5_ws/install/rmitbot_navigation/share/rmitbot_navigation/local_setup.sh
[1.523s] -- Installing: /home/v120506/rmitbot_v4/lesson5_ws/install/rmitbot_navigation/share/rmitbot_navigation/local_setup.zsh
[1.523s] -- Installing: /home/v120506/rmitbot_v4/lesson5_ws/install/rmitbot_navigation/share/rmitbot_navigation/local_setup.dsv
[1.523s] -- Installing: /home/v120506/rmitbot_v4/lesson5_ws/install/rmitbot_navigation/share/rmitbot_navigation/package.dsv
[1.523s] -- Installing: /home/v120506/rmitbot_v4/lesson5_ws/install/rmitbot_navigation/share/ament_index/resource_index/packages/rmitbot_navigation
[1.525s] -- Installing: /home/v120506/rmitbot_v4/lesson5_ws/install/rmitbot_navigation/share/rmitbot_navigation/cmake/rmitbot_navigationConfig.cmake
[1.525s] -- Installing: /home/v120506/rmitbot_v4/lesson5_ws/install/rmitbot_navigation/share/rmitbot_navigation/cmake/rmitbot_navigationConfig-version.cmake
[1.525s] -- Installing: /home/v120506/rmitbot_v4/lesson5_ws/install/rmitbot_navigation/share/rmitbot_navigation/package.xml
[1.574s] Invoked command in '/home/v120506/rmitbot_v4/lesson5_ws/build/rmitbot_navigation' returned '0': CMAKE_PREFIX_PATH=${CMAKE_PREFIX_PATH}:/opt/ros/jazzy DEBUGINFOD_URLS=https://debuginfod.ubuntu.com /usr/bin/cmake --install /home/v120506/rmitbot_v4/lesson5_ws/build/rmitbot_navigation
