[0.297s] DEBUG:colcon:Command line arguments: ['/usr/bin/colcon', 'build']
[0.297s] DEBUG:colcon:Parsed command line arguments: Namespace(log_base=None, log_level=None, verb_name='build', build_base='build', install_base='install', merge_install=False, symlink_install=False, test_result_base=None, continue_on_error=False, executor='parallel', parallel_workers=8, event_handlers=None, ignore_user_meta=False, metas=['./colcon.meta'], base_paths=['.'], packages_ignore=None, packages_ignore_regex=None, paths=None, packages_up_to=None, packages_up_to_regex=None, packages_above=None, packages_above_and_dependencies=None, packages_above_depth=None, packages_select_by_dep=None, packages_skip_by_dep=None, packages_skip_up_to=None, packages_select_build_failed=False, packages_skip_build_finished=False, packages_select_test_failures=False, packages_skip_test_passed=False, packages_select=None, packages_skip=None, packages_select_regex=None, packages_skip_regex=None, packages_start=None, packages_end=None, allow_overriding=[], cmake_args=None, cmake_target=None, cmake_target_skip_unavailable=False, cmake_clean_cache=False, cmake_clean_first=False, cmake_force_configure=False, ament_cmake_args=None, catkin_cmake_args=None, catkin_skip_building_tests=False, mixin_files=None, mixin=None, verb_parser=<colcon_mixin.mixin.mixin_argument.MixinArgumentDecorator object at 0x745086f959d0>, verb_extension=<colcon_core.verb.build.BuildVerb object at 0x745086f95610>, main=<bound method BuildVerb.main of <colcon_core.verb.build.BuildVerb object at 0x745086f95610>>, mixin_verb=('build',))
[0.380s] Level 1:colcon.colcon_core.package_discovery:discover_packages(colcon_meta) check parameters
[0.380s] Level 1:colcon.colcon_core.package_discovery:discover_packages(recursive) check parameters
[0.380s] Level 1:colcon.colcon_core.package_discovery:discover_packages(ignore) check parameters
[0.380s] Level 1:colcon.colcon_core.package_discovery:discover_packages(path) check parameters
[0.380s] Level 1:colcon.colcon_core.package_discovery:discover_packages(colcon_meta) discover
[0.380s] Level 1:colcon.colcon_core.package_discovery:discover_packages(recursive) discover
[0.380s] INFO:colcon.colcon_core.package_discovery:Crawling recursively for packages in '/home/v120506/rmitbot_v3/lesson5_ws'
[0.380s] Level 1:colcon.colcon_core.package_identification:_identify(.) by extensions ['ignore', 'ignore_ament_install']
[0.381s] Level 1:colcon.colcon_core.package_identification:_identify(.) by extension 'ignore'
[0.381s] Level 1:colcon.colcon_core.package_identification:_identify(.) by extension 'ignore_ament_install'
[0.381s] Level 1:colcon.colcon_core.package_identification:_identify(.) by extensions ['colcon_pkg']
[0.381s] Level 1:colcon.colcon_core.package_identification:_identify(.) by extension 'colcon_pkg'
[0.381s] Level 1:colcon.colcon_core.package_identification:_identify(.) by extensions ['colcon_meta']
[0.381s] Level 1:colcon.colcon_core.package_identification:_identify(.) by extension 'colcon_meta'
[0.381s] Level 1:colcon.colcon_core.package_identification:_identify(.) by extensions ['ros']
[0.381s] Level 1:colcon.colcon_core.package_identification:_identify(.) by extension 'ros'
[0.437s] Level 1:colcon.colcon_core.package_identification:_identify(.) by extensions ['cmake', 'python']
[0.437s] Level 1:colcon.colcon_core.package_identification:_identify(.) by extension 'cmake'
[0.438s] Level 1:colcon.colcon_core.package_identification:_identify(.) by extension 'python'
[0.438s] Level 1:colcon.colcon_core.package_identification:_identify(.) by extensions ['python_setup_py']
[0.438s] Level 1:colcon.colcon_core.package_identification:_identify(.) by extension 'python_setup_py'
[0.438s] Level 1:colcon.colcon_core.package_identification:_identify(build) by extensions ['ignore', 'ignore_ament_install']
[0.438s] Level 1:colcon.colcon_core.package_identification:_identify(build) by extension 'ignore'
[0.438s] Level 1:colcon.colcon_core.package_identification:_identify(build) ignored
[0.438s] Level 1:colcon.colcon_core.package_identification:_identify(install) by extensions ['ignore', 'ignore_ament_install']
[0.439s] Level 1:colcon.colcon_core.package_identification:_identify(install) by extension 'ignore'
[0.439s] Level 1:colcon.colcon_core.package_identification:_identify(install) ignored
[0.439s] Level 1:colcon.colcon_core.package_identification:_identify(log) by extensions ['ignore', 'ignore_ament_install']
[0.439s] Level 1:colcon.colcon_core.package_identification:_identify(log) by extension 'ignore'
[0.439s] Level 1:colcon.colcon_core.package_identification:_identify(log) ignored
[0.439s] Level 1:colcon.colcon_core.package_identification:_identify(src) by extensions ['ignore', 'ignore_ament_install']
[0.439s] Level 1:colcon.colcon_core.package_identification:_identify(src) by extension 'ignore'
[0.439s] Level 1:colcon.colcon_core.package_identification:_identify(src) by extension 'ignore_ament_install'
[0.439s] Level 1:colcon.colcon_core.package_identification:_identify(src) by extensions ['colcon_pkg']
[0.439s] Level 1:colcon.colcon_core.package_identification:_identify(src) by extension 'colcon_pkg'
[0.440s] Level 1:colcon.colcon_core.package_identification:_identify(src) by extensions ['colcon_meta']
[0.440s] Level 1:colcon.colcon_core.package_identification:_identify(src) by extension 'colcon_meta'
[0.440s] Level 1:colcon.colcon_core.package_identification:_identify(src) by extensions ['ros']
[0.440s] Level 1:colcon.colcon_core.package_identification:_identify(src) by extension 'ros'
[0.440s] Level 1:colcon.colcon_core.package_identification:_identify(src) by extensions ['cmake', 'python']
[0.440s] Level 1:colcon.colcon_core.package_identification:_identify(src) by extension 'cmake'
[0.440s] Level 1:colcon.colcon_core.package_identification:_identify(src) by extension 'python'
[0.440s] Level 1:colcon.colcon_core.package_identification:_identify(src) by extensions ['python_setup_py']
[0.440s] Level 1:colcon.colcon_core.package_identification:_identify(src) by extension 'python_setup_py'
[0.440s] Level 1:colcon.colcon_core.package_identification:_identify(src/rmitbot_bringup) by extensions ['ignore', 'ignore_ament_install']
[0.440s] Level 1:colcon.colcon_core.package_identification:_identify(src/rmitbot_bringup) by extension 'ignore'
[0.440s] Level 1:colcon.colcon_core.package_identification:_identify(src/rmitbot_bringup) by extension 'ignore_ament_install'
[0.440s] Level 1:colcon.colcon_core.package_identification:_identify(src/rmitbot_bringup) by extensions ['colcon_pkg']
[0.440s] Level 1:colcon.colcon_core.package_identification:_identify(src/rmitbot_bringup) by extension 'colcon_pkg'
[0.441s] Level 1:colcon.colcon_core.package_identification:_identify(src/rmitbot_bringup) by extensions ['colcon_meta']
[0.441s] Level 1:colcon.colcon_core.package_identification:_identify(src/rmitbot_bringup) by extension 'colcon_meta'
[0.441s] Level 1:colcon.colcon_core.package_identification:_identify(src/rmitbot_bringup) by extensions ['ros']
[0.441s] Level 1:colcon.colcon_core.package_identification:_identify(src/rmitbot_bringup) by extension 'ros'
[0.445s] DEBUG:colcon.colcon_core.package_identification:Package 'src/rmitbot_bringup' with type 'ros.ament_cmake' and name 'rmitbot_bringup'
[0.445s] Level 1:colcon.colcon_core.package_identification:_identify(src/rmitbot_controller) by extensions ['ignore', 'ignore_ament_install']
[0.445s] Level 1:colcon.colcon_core.package_identification:_identify(src/rmitbot_controller) by extension 'ignore'
[0.445s] Level 1:colcon.colcon_core.package_identification:_identify(src/rmitbot_controller) by extension 'ignore_ament_install'
[0.446s] Level 1:colcon.colcon_core.package_identification:_identify(src/rmitbot_controller) by extensions ['colcon_pkg']
[0.446s] Level 1:colcon.colcon_core.package_identification:_identify(src/rmitbot_controller) by extension 'colcon_pkg'
[0.446s] Level 1:colcon.colcon_core.package_identification:_identify(src/rmitbot_controller) by extensions ['colcon_meta']
[0.446s] Level 1:colcon.colcon_core.package_identification:_identify(src/rmitbot_controller) by extension 'colcon_meta'
[0.446s] Level 1:colcon.colcon_core.package_identification:_identify(src/rmitbot_controller) by extensions ['ros']
[0.446s] Level 1:colcon.colcon_core.package_identification:_identify(src/rmitbot_controller) by extension 'ros'
[0.447s] DEBUG:colcon.colcon_core.package_identification:Package 'src/rmitbot_controller' with type 'ros.ament_cmake' and name 'rmitbot_controller'
[0.447s] Level 1:colcon.colcon_core.package_identification:_identify(src/rmitbot_description) by extensions ['ignore', 'ignore_ament_install']
[0.447s] Level 1:colcon.colcon_core.package_identification:_identify(src/rmitbot_description) by extension 'ignore'
[0.447s] Level 1:colcon.colcon_core.package_identification:_identify(src/rmitbot_description) by extension 'ignore_ament_install'
[0.447s] Level 1:colcon.colcon_core.package_identification:_identify(src/rmitbot_description) by extensions ['colcon_pkg']
[0.447s] Level 1:colcon.colcon_core.package_identification:_identify(src/rmitbot_description) by extension 'colcon_pkg'
[0.447s] Level 1:colcon.colcon_core.package_identification:_identify(src/rmitbot_description) by extensions ['colcon_meta']
[0.447s] Level 1:colcon.colcon_core.package_identification:_identify(src/rmitbot_description) by extension 'colcon_meta'
[0.447s] Level 1:colcon.colcon_core.package_identification:_identify(src/rmitbot_description) by extensions ['ros']
[0.447s] Level 1:colcon.colcon_core.package_identification:_identify(src/rmitbot_description) by extension 'ros'
[0.448s] DEBUG:colcon.colcon_core.package_identification:Package 'src/rmitbot_description' with type 'ros.ament_cmake' and name 'rmitbot_description'
[0.448s] Level 1:colcon.colcon_core.package_identification:_identify(src/rmitbot_localization) by extensions ['ignore', 'ignore_ament_install']
[0.448s] Level 1:colcon.colcon_core.package_identification:_identify(src/rmitbot_localization) by extension 'ignore'
[0.448s] Level 1:colcon.colcon_core.package_identification:_identify(src/rmitbot_localization) by extension 'ignore_ament_install'
[0.448s] Level 1:colcon.colcon_core.package_identification:_identify(src/rmitbot_localization) by extensions ['colcon_pkg']
[0.448s] Level 1:colcon.colcon_core.package_identification:_identify(src/rmitbot_localization) by extension 'colcon_pkg'
[0.448s] Level 1:colcon.colcon_core.package_identification:_identify(src/rmitbot_localization) by extensions ['colcon_meta']
[0.448s] Level 1:colcon.colcon_core.package_identification:_identify(src/rmitbot_localization) by extension 'colcon_meta'
[0.448s] Level 1:colcon.colcon_core.package_identification:_identify(src/rmitbot_localization) by extensions ['ros']
[0.448s] Level 1:colcon.colcon_core.package_identification:_identify(src/rmitbot_localization) by extension 'ros'
[0.449s] DEBUG:colcon.colcon_core.package_identification:Package 'src/rmitbot_localization' with type 'ros.ament_cmake' and name 'rmitbot_localization'
[0.449s] Level 1:colcon.colcon_core.package_identification:_identify(src/rmitbot_mapping) by extensions ['ignore', 'ignore_ament_install']
[0.449s] Level 1:colcon.colcon_core.package_identification:_identify(src/rmitbot_mapping) by extension 'ignore'
[0.449s] Level 1:colcon.colcon_core.package_identification:_identify(src/rmitbot_mapping) by extension 'ignore_ament_install'
[0.449s] Level 1:colcon.colcon_core.package_identification:_identify(src/rmitbot_mapping) by extensions ['colcon_pkg']
[0.449s] Level 1:colcon.colcon_core.package_identification:_identify(src/rmitbot_mapping) by extension 'colcon_pkg'
[0.449s] Level 1:colcon.colcon_core.package_identification:_identify(src/rmitbot_mapping) by extensions ['colcon_meta']
[0.449s] Level 1:colcon.colcon_core.package_identification:_identify(src/rmitbot_mapping) by extension 'colcon_meta'
[0.449s] Level 1:colcon.colcon_core.package_identification:_identify(src/rmitbot_mapping) by extensions ['ros']
[0.449s] Level 1:colcon.colcon_core.package_identification:_identify(src/rmitbot_mapping) by extension 'ros'
[0.450s] DEBUG:colcon.colcon_core.package_identification:Package 'src/rmitbot_mapping' with type 'ros.ament_cmake' and name 'rmitbot_mapping'
[0.450s] Level 1:colcon.colcon_core.package_identification:_identify(src/rmitbot_navigation) by extensions ['ignore', 'ignore_ament_install']
[0.450s] Level 1:colcon.colcon_core.package_identification:_identify(src/rmitbot_navigation) by extension 'ignore'
[0.450s] Level 1:colcon.colcon_core.package_identification:_identify(src/rmitbot_navigation) by extension 'ignore_ament_install'
[0.451s] Level 1:colcon.colcon_core.package_identification:_identify(src/rmitbot_navigation) by extensions ['colcon_pkg']
[0.451s] Level 1:colcon.colcon_core.package_identification:_identify(src/rmitbot_navigation) by extension 'colcon_pkg'
[0.451s] Level 1:colcon.colcon_core.package_identification:_identify(src/rmitbot_navigation) by extensions ['colcon_meta']
[0.451s] Level 1:colcon.colcon_core.package_identification:_identify(src/rmitbot_navigation) by extension 'colcon_meta'
[0.451s] Level 1:colcon.colcon_core.package_identification:_identify(src/rmitbot_navigation) by extensions ['ros']
[0.451s] Level 1:colcon.colcon_core.package_identification:_identify(src/rmitbot_navigation) by extension 'ros'
[0.451s] DEBUG:colcon.colcon_core.package_identification:Package 'src/rmitbot_navigation' with type 'ros.ament_cmake' and name 'rmitbot_navigation'
[0.451s] Level 1:colcon.colcon_core.package_discovery:discover_packages(recursive) using defaults
[0.451s] Level 1:colcon.colcon_core.package_discovery:discover_packages(ignore) discover
[0.452s] Level 1:colcon.colcon_core.package_discovery:discover_packages(ignore) using defaults
[0.452s] Level 1:colcon.colcon_core.package_discovery:discover_packages(path) discover
[0.452s] Level 1:colcon.colcon_core.package_discovery:discover_packages(path) using defaults
[0.479s] Level 1:colcon.colcon_core.package_discovery:discover_packages(prefix_path) check parameters
[0.479s] Level 1:colcon.colcon_core.package_discovery:discover_packages(prefix_path) discover
[0.484s] DEBUG:colcon.colcon_installed_package_information.package_discovery:Found 438 installed packages in /opt/ros/jazzy
[0.487s] Level 1:colcon.colcon_core.package_discovery:discover_packages(prefix_path) using defaults
[0.543s] Level 5:colcon.colcon_core.verb:set package 'rmitbot_bringup' build argument 'cmake_args' from command line to 'None'
[0.543s] Level 5:colcon.colcon_core.verb:set package 'rmitbot_bringup' build argument 'cmake_target' from command line to 'None'
[0.544s] Level 5:colcon.colcon_core.verb:set package 'rmitbot_bringup' build argument 'cmake_target_skip_unavailable' from command line to 'False'
[0.544s] Level 5:colcon.colcon_core.verb:set package 'rmitbot_bringup' build argument 'cmake_clean_cache' from command line to 'False'
[0.544s] Level 5:colcon.colcon_core.verb:set package 'rmitbot_bringup' build argument 'cmake_clean_first' from command line to 'False'
[0.544s] Level 5:colcon.colcon_core.verb:set package 'rmitbot_bringup' build argument 'cmake_force_configure' from command line to 'False'
[0.544s] Level 5:colcon.colcon_core.verb:set package 'rmitbot_bringup' build argument 'ament_cmake_args' from command line to 'None'
[0.544s] Level 5:colcon.colcon_core.verb:set package 'rmitbot_bringup' build argument 'catkin_cmake_args' from command line to 'None'
[0.544s] Level 5:colcon.colcon_core.verb:set package 'rmitbot_bringup' build argument 'catkin_skip_building_tests' from command line to 'False'
[0.544s] DEBUG:colcon.colcon_core.verb:Building package 'rmitbot_bringup' with the following arguments: {'ament_cmake_args': None, 'build_base': '/home/v120506/rmitbot_v3/lesson5_ws/build/rmitbot_bringup', 'catkin_cmake_args': None, 'catkin_skip_building_tests': False, 'cmake_args': None, 'cmake_clean_cache': False, 'cmake_clean_first': False, 'cmake_force_configure': False, 'cmake_target': None, 'cmake_target_skip_unavailable': False, 'install_base': '/home/v120506/rmitbot_v3/lesson5_ws/install/rmitbot_bringup', 'merge_install': False, 'path': '/home/v120506/rmitbot_v3/lesson5_ws/src/rmitbot_bringup', 'symlink_install': False, 'test_result_base': None}
[0.544s] Level 5:colcon.colcon_core.verb:set package 'rmitbot_controller' build argument 'cmake_args' from command line to 'None'
[0.544s] Level 5:colcon.colcon_core.verb:set package 'rmitbot_controller' build argument 'cmake_target' from command line to 'None'
[0.544s] Level 5:colcon.colcon_core.verb:set package 'rmitbot_controller' build argument 'cmake_target_skip_unavailable' from command line to 'False'
[0.544s] Level 5:colcon.colcon_core.verb:set package 'rmitbot_controller' build argument 'cmake_clean_cache' from command line to 'False'
[0.544s] Level 5:colcon.colcon_core.verb:set package 'rmitbot_controller' build argument 'cmake_clean_first' from command line to 'False'
[0.544s] Level 5:colcon.colcon_core.verb:set package 'rmitbot_controller' build argument 'cmake_force_configure' from command line to 'False'
[0.544s] Level 5:colcon.colcon_core.verb:set package 'rmitbot_controller' build argument 'ament_cmake_args' from command line to 'None'
[0.544s] Level 5:colcon.colcon_core.verb:set package 'rmitbot_controller' build argument 'catkin_cmake_args' from command line to 'None'
[0.544s] Level 5:colcon.colcon_core.verb:set package 'rmitbot_controller' build argument 'catkin_skip_building_tests' from command line to 'False'
[0.544s] DEBUG:colcon.colcon_core.verb:Building package 'rmitbot_controller' with the following arguments: {'ament_cmake_args': None, 'build_base': '/home/v120506/rmitbot_v3/lesson5_ws/build/rmitbot_controller', 'catkin_cmake_args': None, 'catkin_skip_building_tests': False, 'cmake_args': None, 'cmake_clean_cache': False, 'cmake_clean_first': False, 'cmake_force_configure': False, 'cmake_target': None, 'cmake_target_skip_unavailable': False, 'install_base': '/home/v120506/rmitbot_v3/lesson5_ws/install/rmitbot_controller', 'merge_install': False, 'path': '/home/v120506/rmitbot_v3/lesson5_ws/src/rmitbot_controller', 'symlink_install': False, 'test_result_base': None}
[0.545s] Level 5:colcon.colcon_core.verb:set package 'rmitbot_description' build argument 'cmake_args' from command line to 'None'
[0.545s] Level 5:colcon.colcon_core.verb:set package 'rmitbot_description' build argument 'cmake_target' from command line to 'None'
[0.545s] Level 5:colcon.colcon_core.verb:set package 'rmitbot_description' build argument 'cmake_target_skip_unavailable' from command line to 'False'
[0.545s] Level 5:colcon.colcon_core.verb:set package 'rmitbot_description' build argument 'cmake_clean_cache' from command line to 'False'
[0.545s] Level 5:colcon.colcon_core.verb:set package 'rmitbot_description' build argument 'cmake_clean_first' from command line to 'False'
[0.545s] Level 5:colcon.colcon_core.verb:set package 'rmitbot_description' build argument 'cmake_force_configure' from command line to 'False'
[0.545s] Level 5:colcon.colcon_core.verb:set package 'rmitbot_description' build argument 'ament_cmake_args' from command line to 'None'
[0.545s] Level 5:colcon.colcon_core.verb:set package 'rmitbot_description' build argument 'catkin_cmake_args' from command line to 'None'
[0.545s] Level 5:colcon.colcon_core.verb:set package 'rmitbot_description' build argument 'catkin_skip_building_tests' from command line to 'False'
[0.545s] DEBUG:colcon.colcon_core.verb:Building package 'rmitbot_description' with the following arguments: {'ament_cmake_args': None, 'build_base': '/home/v120506/rmitbot_v3/lesson5_ws/build/rmitbot_description', 'catkin_cmake_args': None, 'catkin_skip_building_tests': False, 'cmake_args': None, 'cmake_clean_cache': False, 'cmake_clean_first': False, 'cmake_force_configure': False, 'cmake_target': None, 'cmake_target_skip_unavailable': False, 'install_base': '/home/v120506/rmitbot_v3/lesson5_ws/install/rmitbot_description', 'merge_install': False, 'path': '/home/v120506/rmitbot_v3/lesson5_ws/src/rmitbot_description', 'symlink_install': False, 'test_result_base': None}
[0.545s] Level 5:colcon.colcon_core.verb:set package 'rmitbot_localization' build argument 'cmake_args' from command line to 'None'
[0.545s] Level 5:colcon.colcon_core.verb:set package 'rmitbot_localization' build argument 'cmake_target' from command line to 'None'
[0.545s] Level 5:colcon.colcon_core.verb:set package 'rmitbot_localization' build argument 'cmake_target_skip_unavailable' from command line to 'False'
[0.545s] Level 5:colcon.colcon_core.verb:set package 'rmitbot_localization' build argument 'cmake_clean_cache' from command line to 'False'
[0.545s] Level 5:colcon.colcon_core.verb:set package 'rmitbot_localization' build argument 'cmake_clean_first' from command line to 'False'
[0.545s] Level 5:colcon.colcon_core.verb:set package 'rmitbot_localization' build argument 'cmake_force_configure' from command line to 'False'
[0.545s] Level 5:colcon.colcon_core.verb:set package 'rmitbot_localization' build argument 'ament_cmake_args' from command line to 'None'
[0.545s] Level 5:colcon.colcon_core.verb:set package 'rmitbot_localization' build argument 'catkin_cmake_args' from command line to 'None'
[0.545s] Level 5:colcon.colcon_core.verb:set package 'rmitbot_localization' build argument 'catkin_skip_building_tests' from command line to 'False'
[0.545s] DEBUG:colcon.colcon_core.verb:Building package 'rmitbot_localization' with the following arguments: {'ament_cmake_args': None, 'build_base': '/home/v120506/rmitbot_v3/lesson5_ws/build/rmitbot_localization', 'catkin_cmake_args': None, 'catkin_skip_building_tests': False, 'cmake_args': None, 'cmake_clean_cache': False, 'cmake_clean_first': False, 'cmake_force_configure': False, 'cmake_target': None, 'cmake_target_skip_unavailable': False, 'install_base': '/home/v120506/rmitbot_v3/lesson5_ws/install/rmitbot_localization', 'merge_install': False, 'path': '/home/v120506/rmitbot_v3/lesson5_ws/src/rmitbot_localization', 'symlink_install': False, 'test_result_base': None}
[0.545s] Level 5:colcon.colcon_core.verb:set package 'rmitbot_mapping' build argument 'cmake_args' from command line to 'None'
[0.545s] Level 5:colcon.colcon_core.verb:set package 'rmitbot_mapping' build argument 'cmake_target' from command line to 'None'
[0.545s] Level 5:colcon.colcon_core.verb:set package 'rmitbot_mapping' build argument 'cmake_target_skip_unavailable' from command line to 'False'
[0.545s] Level 5:colcon.colcon_core.verb:set package 'rmitbot_mapping' build argument 'cmake_clean_cache' from command line to 'False'
[0.545s] Level 5:colcon.colcon_core.verb:set package 'rmitbot_mapping' build argument 'cmake_clean_first' from command line to 'False'
[0.545s] Level 5:colcon.colcon_core.verb:set package 'rmitbot_mapping' build argument 'cmake_force_configure' from command line to 'False'
[0.545s] Level 5:colcon.colcon_core.verb:set package 'rmitbot_mapping' build argument 'ament_cmake_args' from command line to 'None'
[0.546s] Level 5:colcon.colcon_core.verb:set package 'rmitbot_mapping' build argument 'catkin_cmake_args' from command line to 'None'
[0.546s] Level 5:colcon.colcon_core.verb:set package 'rmitbot_mapping' build argument 'catkin_skip_building_tests' from command line to 'False'
[0.546s] DEBUG:colcon.colcon_core.verb:Building package 'rmitbot_mapping' with the following arguments: {'ament_cmake_args': None, 'build_base': '/home/v120506/rmitbot_v3/lesson5_ws/build/rmitbot_mapping', 'catkin_cmake_args': None, 'catkin_skip_building_tests': False, 'cmake_args': None, 'cmake_clean_cache': False, 'cmake_clean_first': False, 'cmake_force_configure': False, 'cmake_target': None, 'cmake_target_skip_unavailable': False, 'install_base': '/home/v120506/rmitbot_v3/lesson5_ws/install/rmitbot_mapping', 'merge_install': False, 'path': '/home/v120506/rmitbot_v3/lesson5_ws/src/rmitbot_mapping', 'symlink_install': False, 'test_result_base': None}
[0.546s] Level 5:colcon.colcon_core.verb:set package 'rmitbot_navigation' build argument 'cmake_args' from command line to 'None'
[0.546s] Level 5:colcon.colcon_core.verb:set package 'rmitbot_navigation' build argument 'cmake_target' from command line to 'None'
[0.546s] Level 5:colcon.colcon_core.verb:set package 'rmitbot_navigation' build argument 'cmake_target_skip_unavailable' from command line to 'False'
[0.546s] Level 5:colcon.colcon_core.verb:set package 'rmitbot_navigation' build argument 'cmake_clean_cache' from command line to 'False'
[0.546s] Level 5:colcon.colcon_core.verb:set package 'rmitbot_navigation' build argument 'cmake_clean_first' from command line to 'False'
[0.546s] Level 5:colcon.colcon_core.verb:set package 'rmitbot_navigation' build argument 'cmake_force_configure' from command line to 'False'
[0.546s] Level 5:colcon.colcon_core.verb:set package 'rmitbot_navigation' build argument 'ament_cmake_args' from command line to 'None'
[0.546s] Level 5:colcon.colcon_core.verb:set package 'rmitbot_navigation' build argument 'catkin_cmake_args' from command line to 'None'
[0.546s] Level 5:colcon.colcon_core.verb:set package 'rmitbot_navigation' build argument 'catkin_skip_building_tests' from command line to 'False'
[0.546s] DEBUG:colcon.colcon_core.verb:Building package 'rmitbot_navigation' with the following arguments: {'ament_cmake_args': None, 'build_base': '/home/v120506/rmitbot_v3/lesson5_ws/build/rmitbot_navigation', 'catkin_cmake_args': None, 'catkin_skip_building_tests': False, 'cmake_args': None, 'cmake_clean_cache': False, 'cmake_clean_first': False, 'cmake_force_configure': False, 'cmake_target': None, 'cmake_target_skip_unavailable': False, 'install_base': '/home/v120506/rmitbot_v3/lesson5_ws/install/rmitbot_navigation', 'merge_install': False, 'path': '/home/v120506/rmitbot_v3/lesson5_ws/src/rmitbot_navigation', 'symlink_install': False, 'test_result_base': None}
[0.546s] INFO:colcon.colcon_core.executor:Executing jobs using 'parallel' executor
[0.547s] DEBUG:colcon.colcon_parallel_executor.executor.parallel:run_until_complete
[0.548s] INFO:colcon.colcon_ros.task.ament_cmake.build:Building ROS package in '/home/v120506/rmitbot_v3/lesson5_ws/src/rmitbot_bringup' with build type 'ament_cmake'
[0.548s] INFO:colcon.colcon_cmake.task.cmake.build:Building CMake package in '/home/v120506/rmitbot_v3/lesson5_ws/src/rmitbot_bringup'
[0.553s] INFO:colcon.colcon_core.plugin_system:Skipping extension 'colcon_core.shell.bat': Not used on non-Windows systems
[0.553s] INFO:colcon.colcon_core.shell:Skip shell extension 'powershell' for command environment: Not usable outside of PowerShell
[0.553s] DEBUG:colcon.colcon_core.shell:Skip shell extension 'dsv' for command environment
[0.557s] INFO:colcon.colcon_ros.task.ament_cmake.build:Building ROS package in '/home/v120506/rmitbot_v3/lesson5_ws/src/rmitbot_controller' with build type 'ament_cmake'
[0.557s] INFO:colcon.colcon_cmake.task.cmake.build:Building CMake package in '/home/v120506/rmitbot_v3/lesson5_ws/src/rmitbot_controller'
[0.558s] INFO:colcon.colcon_core.shell:Skip shell extension 'powershell' for command environment: Not usable outside of PowerShell
[0.558s] DEBUG:colcon.colcon_core.shell:Skip shell extension 'dsv' for command environment
[0.561s] INFO:colcon.colcon_ros.task.ament_cmake.build:Building ROS package in '/home/v120506/rmitbot_v3/lesson5_ws/src/rmitbot_description' with build type 'ament_cmake'
[0.561s] INFO:colcon.colcon_cmake.task.cmake.build:Building CMake package in '/home/v120506/rmitbot_v3/lesson5_ws/src/rmitbot_description'
[0.561s] INFO:colcon.colcon_core.shell:Skip shell extension 'powershell' for command environment: Not usable outside of PowerShell
[0.561s] DEBUG:colcon.colcon_core.shell:Skip shell extension 'dsv' for command environment
[0.564s] INFO:colcon.colcon_ros.task.ament_cmake.build:Building ROS package in '/home/v120506/rmitbot_v3/lesson5_ws/src/rmitbot_localization' with build type 'ament_cmake'
[0.565s] INFO:colcon.colcon_cmake.task.cmake.build:Building CMake package in '/home/v120506/rmitbot_v3/lesson5_ws/src/rmitbot_localization'
[0.565s] INFO:colcon.colcon_core.shell:Skip shell extension 'powershell' for command environment: Not usable outside of PowerShell
[0.565s] DEBUG:colcon.colcon_core.shell:Skip shell extension 'dsv' for command environment
[0.568s] INFO:colcon.colcon_ros.task.ament_cmake.build:Building ROS package in '/home/v120506/rmitbot_v3/lesson5_ws/src/rmitbot_mapping' with build type 'ament_cmake'
[0.568s] INFO:colcon.colcon_cmake.task.cmake.build:Building CMake package in '/home/v120506/rmitbot_v3/lesson5_ws/src/rmitbot_mapping'
[0.568s] INFO:colcon.colcon_core.shell:Skip shell extension 'powershell' for command environment: Not usable outside of PowerShell
[0.568s] DEBUG:colcon.colcon_core.shell:Skip shell extension 'dsv' for command environment
[0.572s] INFO:colcon.colcon_ros.task.ament_cmake.build:Building ROS package in '/home/v120506/rmitbot_v3/lesson5_ws/src/rmitbot_navigation' with build type 'ament_cmake'
[0.573s] INFO:colcon.colcon_cmake.task.cmake.build:Building CMake package in '/home/v120506/rmitbot_v3/lesson5_ws/src/rmitbot_navigation'
[0.573s] INFO:colcon.colcon_core.shell:Skip shell extension 'powershell' for command environment: Not usable outside of PowerShell
[0.573s] DEBUG:colcon.colcon_core.shell:Skip shell extension 'dsv' for command environment
[0.582s] DEBUG:colcon.colcon_core.event_handler.log_command:Invoking command in '/home/v120506/rmitbot_v3/lesson5_ws/build/rmitbot_bringup': CMAKE_PREFIX_PATH=${CMAKE_PREFIX_PATH}:/opt/ros/jazzy DEBUGINFOD_URLS=https://debuginfod.ubuntu.com /usr/bin/cmake --build /home/v120506/rmitbot_v3/lesson5_ws/build/rmitbot_bringup -- -j8 -l8
[0.588s] DEBUG:colcon.colcon_core.event_handler.log_command:Invoking command in '/home/v120506/rmitbot_v3/lesson5_ws/build/rmitbot_controller': CMAKE_PREFIX_PATH=${CMAKE_PREFIX_PATH}:/opt/ros/jazzy DEBUGINFOD_URLS=https://debuginfod.ubuntu.com /usr/bin/cmake --build /home/v120506/rmitbot_v3/lesson5_ws/build/rmitbot_controller -- -j8 -l8
[0.591s] DEBUG:colcon.colcon_core.event_handler.log_command:Invoking command in '/home/v120506/rmitbot_v3/lesson5_ws/build/rmitbot_description': CMAKE_PREFIX_PATH=${CMAKE_PREFIX_PATH}:/opt/ros/jazzy DEBUGINFOD_URLS=https://debuginfod.ubuntu.com /usr/bin/cmake --build /home/v120506/rmitbot_v3/lesson5_ws/build/rmitbot_description -- -j8 -l8
[0.595s] DEBUG:colcon.colcon_core.event_handler.log_command:Invoking command in '/home/v120506/rmitbot_v3/lesson5_ws/build/rmitbot_localization': CMAKE_PREFIX_PATH=${CMAKE_PREFIX_PATH}:/opt/ros/jazzy DEBUGINFOD_URLS=https://debuginfod.ubuntu.com /usr/bin/cmake --build /home/v120506/rmitbot_v3/lesson5_ws/build/rmitbot_localization -- -j8 -l8
[0.598s] DEBUG:colcon.colcon_core.event_handler.log_command:Invoking command in '/home/v120506/rmitbot_v3/lesson5_ws/build/rmitbot_mapping': CMAKE_PREFIX_PATH=${CMAKE_PREFIX_PATH}:/opt/ros/jazzy DEBUGINFOD_URLS=https://debuginfod.ubuntu.com /usr/bin/cmake --build /home/v120506/rmitbot_v3/lesson5_ws/build/rmitbot_mapping -- -j8 -l8
[0.607s] DEBUG:colcon.colcon_core.event_handler.log_command:Invoking command in '/home/v120506/rmitbot_v3/lesson5_ws/build/rmitbot_navigation': CMAKE_PREFIX_PATH=${CMAKE_PREFIX_PATH}:/opt/ros/jazzy DEBUGINFOD_URLS=https://debuginfod.ubuntu.com /usr/bin/cmake --build /home/v120506/rmitbot_v3/lesson5_ws/build/rmitbot_navigation -- -j8 -l8
[0.693s] DEBUG:colcon.colcon_core.event_handler.log_command:Invoked command in '/home/v120506/rmitbot_v3/lesson5_ws/build/rmitbot_description' returned '0': CMAKE_PREFIX_PATH=${CMAKE_PREFIX_PATH}:/opt/ros/jazzy DEBUGINFOD_URLS=https://debuginfod.ubuntu.com /usr/bin/cmake --build /home/v120506/rmitbot_v3/lesson5_ws/build/rmitbot_description -- -j8 -l8
[0.712s] DEBUG:colcon.colcon_core.event_handler.log_command:Invoking command in '/home/v120506/rmitbot_v3/lesson5_ws/build/rmitbot_description': CMAKE_PREFIX_PATH=${CMAKE_PREFIX_PATH}:/opt/ros/jazzy DEBUGINFOD_URLS=https://debuginfod.ubuntu.com /usr/bin/cmake --install /home/v120506/rmitbot_v3/lesson5_ws/build/rmitbot_description
[0.714s] DEBUG:colcon.colcon_core.event_handler.log_command:Invoked command in '/home/v120506/rmitbot_v3/lesson5_ws/build/rmitbot_mapping' returned '0': CMAKE_PREFIX_PATH=${CMAKE_PREFIX_PATH}:/opt/ros/jazzy DEBUGINFOD_URLS=https://debuginfod.ubuntu.com /usr/bin/cmake --build /home/v120506/rmitbot_v3/lesson5_ws/build/rmitbot_mapping -- -j8 -l8
[0.716s] DEBUG:colcon.colcon_core.event_handler.log_command:Invoking command in '/home/v120506/rmitbot_v3/lesson5_ws/build/rmitbot_mapping': CMAKE_PREFIX_PATH=${CMAKE_PREFIX_PATH}:/opt/ros/jazzy DEBUGINFOD_URLS=https://debuginfod.ubuntu.com /usr/bin/cmake --install /home/v120506/rmitbot_v3/lesson5_ws/build/rmitbot_mapping
[0.718s] DEBUG:colcon.colcon_core.event_handler.log_command:Invoked command in '/home/v120506/rmitbot_v3/lesson5_ws/build/rmitbot_navigation' returned '0': CMAKE_PREFIX_PATH=${CMAKE_PREFIX_PATH}:/opt/ros/jazzy DEBUGINFOD_URLS=https://debuginfod.ubuntu.com /usr/bin/cmake --build /home/v120506/rmitbot_v3/lesson5_ws/build/rmitbot_navigation -- -j8 -l8
[0.720s] DEBUG:colcon.colcon_core.event_handler.log_command:Invoking command in '/home/v120506/rmitbot_v3/lesson5_ws/build/rmitbot_navigation': CMAKE_PREFIX_PATH=${CMAKE_PREFIX_PATH}:/opt/ros/jazzy DEBUGINFOD_URLS=https://debuginfod.ubuntu.com /usr/bin/cmake --install /home/v120506/rmitbot_v3/lesson5_ws/build/rmitbot_navigation
[0.721s] DEBUG:colcon.colcon_core.event_handler.log_command:Invoked command in '/home/v120506/rmitbot_v3/lesson5_ws/build/rmitbot_localization' returned '0': CMAKE_PREFIX_PATH=${CMAKE_PREFIX_PATH}:/opt/ros/jazzy DEBUGINFOD_URLS=https://debuginfod.ubuntu.com /usr/bin/cmake --build /home/v120506/rmitbot_v3/lesson5_ws/build/rmitbot_localization -- -j8 -l8
[0.723s] DEBUG:colcon.colcon_core.event_handler.log_command:Invoking command in '/home/v120506/rmitbot_v3/lesson5_ws/build/rmitbot_localization': CMAKE_PREFIX_PATH=${CMAKE_PREFIX_PATH}:/opt/ros/jazzy DEBUGINFOD_URLS=https://debuginfod.ubuntu.com /usr/bin/cmake --install /home/v120506/rmitbot_v3/lesson5_ws/build/rmitbot_localization
[0.724s] DEBUG:colcon.colcon_core.event_handler.log_command:Invoked command in '/home/v120506/rmitbot_v3/lesson5_ws/build/rmitbot_controller' returned '0': CMAKE_PREFIX_PATH=${CMAKE_PREFIX_PATH}:/opt/ros/jazzy DEBUGINFOD_URLS=https://debuginfod.ubuntu.com /usr/bin/cmake --build /home/v120506/rmitbot_v3/lesson5_ws/build/rmitbot_controller -- -j8 -l8
[0.727s] DEBUG:colcon.colcon_core.event_handler.log_command:Invoking command in '/home/v120506/rmitbot_v3/lesson5_ws/build/rmitbot_controller': CMAKE_PREFIX_PATH=${CMAKE_PREFIX_PATH}:/opt/ros/jazzy DEBUGINFOD_URLS=https://debuginfod.ubuntu.com /usr/bin/cmake --install /home/v120506/rmitbot_v3/lesson5_ws/build/rmitbot_controller
[0.743s] DEBUG:colcon.colcon_core.event_handler.log_command:Invoked command in '/home/v120506/rmitbot_v3/lesson5_ws/build/rmitbot_bringup' returned '0': CMAKE_PREFIX_PATH=${CMAKE_PREFIX_PATH}:/opt/ros/jazzy DEBUGINFOD_URLS=https://debuginfod.ubuntu.com /usr/bin/cmake --build /home/v120506/rmitbot_v3/lesson5_ws/build/rmitbot_bringup -- -j8 -l8
[0.746s] Level 1:colcon.colcon_core.environment:create_environment_scripts_only(rmitbot_mapping)
[0.756s] DEBUG:colcon.colcon_core.event_handler.log_command:Invoking command in '/home/v120506/rmitbot_v3/lesson5_ws/build/rmitbot_bringup': CMAKE_PREFIX_PATH=${CMAKE_PREFIX_PATH}:/opt/ros/jazzy DEBUGINFOD_URLS=https://debuginfod.ubuntu.com /usr/bin/cmake --install /home/v120506/rmitbot_v3/lesson5_ws/build/rmitbot_bringup
[0.760s] DEBUG:colcon.colcon_core.event_handler.log_command:Invoked command in '/home/v120506/rmitbot_v3/lesson5_ws/build/rmitbot_mapping' returned '0': CMAKE_PREFIX_PATH=${CMAKE_PREFIX_PATH}:/opt/ros/jazzy DEBUGINFOD_URLS=https://debuginfod.ubuntu.com /usr/bin/cmake --install /home/v120506/rmitbot_v3/lesson5_ws/build/rmitbot_mapping
[0.769s] Level 1:colcon.colcon_core.environment:checking '/home/v120506/rmitbot_v3/lesson5_ws/install/rmitbot_mapping' for CMake module files
[0.770s] Level 1:colcon.colcon_core.environment:checking '/home/v120506/rmitbot_v3/lesson5_ws/install/rmitbot_mapping' for CMake config files
[0.770s] Level 1:colcon.colcon_core.shell:create_environment_hook('rmitbot_mapping', 'cmake_prefix_path')
[0.770s] INFO:colcon.colcon_core.shell:Creating environment hook '/home/v120506/rmitbot_v3/lesson5_ws/install/rmitbot_mapping/share/rmitbot_mapping/hook/cmake_prefix_path.ps1'
[0.771s] INFO:colcon.colcon_core.shell:Creating environment descriptor '/home/v120506/rmitbot_v3/lesson5_ws/install/rmitbot_mapping/share/rmitbot_mapping/hook/cmake_prefix_path.dsv'
[0.772s] INFO:colcon.colcon_core.shell:Creating environment hook '/home/v120506/rmitbot_v3/lesson5_ws/install/rmitbot_mapping/share/rmitbot_mapping/hook/cmake_prefix_path.sh'
[0.773s] Level 1:colcon.colcon_core.environment:checking '/home/v120506/rmitbot_v3/lesson5_ws/install/rmitbot_mapping/bin'
[0.773s] Level 1:colcon.colcon_core.environment:checking '/home/v120506/rmitbot_v3/lesson5_ws/install/rmitbot_mapping/lib/pkgconfig/rmitbot_mapping.pc'
[0.773s] Level 1:colcon.colcon_core.environment:checking '/home/v120506/rmitbot_v3/lesson5_ws/install/rmitbot_mapping/lib/python3.12/site-packages'
[0.774s] Level 1:colcon.colcon_core.environment:checking '/home/v120506/rmitbot_v3/lesson5_ws/install/rmitbot_mapping/bin'
[0.774s] INFO:colcon.colcon_core.shell:Creating package script '/home/v120506/rmitbot_v3/lesson5_ws/install/rmitbot_mapping/share/rmitbot_mapping/package.ps1'
[0.775s] INFO:colcon.colcon_core.shell:Creating package descriptor '/home/v120506/rmitbot_v3/lesson5_ws/install/rmitbot_mapping/share/rmitbot_mapping/package.dsv'
[0.776s] INFO:colcon.colcon_core.shell:Creating package script '/home/v120506/rmitbot_v3/lesson5_ws/install/rmitbot_mapping/share/rmitbot_mapping/package.sh'
[0.777s] INFO:colcon.colcon_core.shell:Creating package script '/home/v120506/rmitbot_v3/lesson5_ws/install/rmitbot_mapping/share/rmitbot_mapping/package.bash'
[0.780s] INFO:colcon.colcon_core.shell:Creating package script '/home/v120506/rmitbot_v3/lesson5_ws/install/rmitbot_mapping/share/rmitbot_mapping/package.zsh'
[0.781s] Level 1:colcon.colcon_core.environment:create_file_with_runtime_dependencies(/home/v120506/rmitbot_v3/lesson5_ws/install/rmitbot_mapping/share/colcon-core/packages/rmitbot_mapping)
[0.782s] Level 1:colcon.colcon_core.environment:create_environment_scripts_only(rmitbot_mapping)
[0.782s] Level 1:colcon.colcon_core.environment:checking '/home/v120506/rmitbot_v3/lesson5_ws/install/rmitbot_mapping' for CMake module files
[0.782s] Level 1:colcon.colcon_core.environment:checking '/home/v120506/rmitbot_v3/lesson5_ws/install/rmitbot_mapping' for CMake config files
[0.783s] Level 1:colcon.colcon_core.shell:create_environment_hook('rmitbot_mapping', 'cmake_prefix_path')
[0.783s] INFO:colcon.colcon_core.shell:Creating environment hook '/home/v120506/rmitbot_v3/lesson5_ws/install/rmitbot_mapping/share/rmitbot_mapping/hook/cmake_prefix_path.ps1'
[0.783s] INFO:colcon.colcon_core.shell:Creating environment descriptor '/home/v120506/rmitbot_v3/lesson5_ws/install/rmitbot_mapping/share/rmitbot_mapping/hook/cmake_prefix_path.dsv'
[0.783s] INFO:colcon.colcon_core.shell:Creating environment hook '/home/v120506/rmitbot_v3/lesson5_ws/install/rmitbot_mapping/share/rmitbot_mapping/hook/cmake_prefix_path.sh'
[0.784s] Level 1:colcon.colcon_core.environment:checking '/home/v120506/rmitbot_v3/lesson5_ws/install/rmitbot_mapping/bin'
[0.784s] Level 1:colcon.colcon_core.environment:checking '/home/v120506/rmitbot_v3/lesson5_ws/install/rmitbot_mapping/lib/pkgconfig/rmitbot_mapping.pc'
[0.785s] Level 1:colcon.colcon_core.environment:checking '/home/v120506/rmitbot_v3/lesson5_ws/install/rmitbot_mapping/lib/python3.12/site-packages'
[0.785s] Level 1:colcon.colcon_core.environment:checking '/home/v120506/rmitbot_v3/lesson5_ws/install/rmitbot_mapping/bin'
[0.785s] INFO:colcon.colcon_core.shell:Creating package script '/home/v120506/rmitbot_v3/lesson5_ws/install/rmitbot_mapping/share/rmitbot_mapping/package.ps1'
[0.786s] INFO:colcon.colcon_core.shell:Creating package descriptor '/home/v120506/rmitbot_v3/lesson5_ws/install/rmitbot_mapping/share/rmitbot_mapping/package.dsv'
[0.787s] INFO:colcon.colcon_core.shell:Creating package script '/home/v120506/rmitbot_v3/lesson5_ws/install/rmitbot_mapping/share/rmitbot_mapping/package.sh'
[0.787s] INFO:colcon.colcon_core.shell:Creating package script '/home/v120506/rmitbot_v3/lesson5_ws/install/rmitbot_mapping/share/rmitbot_mapping/package.bash'
[0.788s] INFO:colcon.colcon_core.shell:Creating package script '/home/v120506/rmitbot_v3/lesson5_ws/install/rmitbot_mapping/share/rmitbot_mapping/package.zsh'
[0.788s] Level 1:colcon.colcon_core.environment:create_file_with_runtime_dependencies(/home/v120506/rmitbot_v3/lesson5_ws/install/rmitbot_mapping/share/colcon-core/packages/rmitbot_mapping)
[0.789s] Level 1:colcon.colcon_core.environment:create_environment_scripts_only(rmitbot_description)
[0.789s] Level 1:colcon.colcon_core.environment:checking '/home/v120506/rmitbot_v3/lesson5_ws/install/rmitbot_description' for CMake module files
[0.790s] Level 1:colcon.colcon_core.environment:checking '/home/v120506/rmitbot_v3/lesson5_ws/install/rmitbot_description' for CMake config files
[0.791s] DEBUG:colcon.colcon_core.event_handler.log_command:Invoked command in '/home/v120506/rmitbot_v3/lesson5_ws/build/rmitbot_description' returned '0': CMAKE_PREFIX_PATH=${CMAKE_PREFIX_PATH}:/opt/ros/jazzy DEBUGINFOD_URLS=https://debuginfod.ubuntu.com /usr/bin/cmake --install /home/v120506/rmitbot_v3/lesson5_ws/build/rmitbot_description
[0.791s] Level 1:colcon.colcon_core.shell:create_environment_hook('rmitbot_description', 'cmake_prefix_path')
[0.791s] INFO:colcon.colcon_core.shell:Creating environment hook '/home/v120506/rmitbot_v3/lesson5_ws/install/rmitbot_description/share/rmitbot_description/hook/cmake_prefix_path.ps1'
[0.792s] INFO:colcon.colcon_core.shell:Creating environment descriptor '/home/v120506/rmitbot_v3/lesson5_ws/install/rmitbot_description/share/rmitbot_description/hook/cmake_prefix_path.dsv'
[0.793s] INFO:colcon.colcon_core.shell:Creating environment hook '/home/v120506/rmitbot_v3/lesson5_ws/install/rmitbot_description/share/rmitbot_description/hook/cmake_prefix_path.sh'
[0.794s] Level 1:colcon.colcon_core.environment:checking '/home/v120506/rmitbot_v3/lesson5_ws/install/rmitbot_description/bin'
[0.794s] Level 1:colcon.colcon_core.environment:checking '/home/v120506/rmitbot_v3/lesson5_ws/install/rmitbot_description/lib/pkgconfig/rmitbot_description.pc'
[0.794s] Level 1:colcon.colcon_core.environment:checking '/home/v120506/rmitbot_v3/lesson5_ws/install/rmitbot_description/lib/python3.12/site-packages'
[0.795s] Level 1:colcon.colcon_core.environment:checking '/home/v120506/rmitbot_v3/lesson5_ws/install/rmitbot_description/bin'
[0.795s] INFO:colcon.colcon_core.shell:Creating package script '/home/v120506/rmitbot_v3/lesson5_ws/install/rmitbot_description/share/rmitbot_description/package.ps1'
[0.796s] INFO:colcon.colcon_core.shell:Creating package descriptor '/home/v120506/rmitbot_v3/lesson5_ws/install/rmitbot_description/share/rmitbot_description/package.dsv'
[0.796s] INFO:colcon.colcon_core.shell:Creating package script '/home/v120506/rmitbot_v3/lesson5_ws/install/rmitbot_description/share/rmitbot_description/package.sh'
[0.813s] INFO:colcon.colcon_core.shell:Creating package script '/home/v120506/rmitbot_v3/lesson5_ws/install/rmitbot_description/share/rmitbot_description/package.bash'
[0.813s] INFO:colcon.colcon_core.shell:Creating package script '/home/v120506/rmitbot_v3/lesson5_ws/install/rmitbot_description/share/rmitbot_description/package.zsh'
[0.814s] Level 1:colcon.colcon_core.environment:create_file_with_runtime_dependencies(/home/v120506/rmitbot_v3/lesson5_ws/install/rmitbot_description/share/colcon-core/packages/rmitbot_description)
[0.814s] Level 1:colcon.colcon_core.environment:create_environment_scripts_only(rmitbot_description)
[0.815s] Level 1:colcon.colcon_core.environment:checking '/home/v120506/rmitbot_v3/lesson5_ws/install/rmitbot_description' for CMake module files
[0.815s] Level 1:colcon.colcon_core.environment:checking '/home/v120506/rmitbot_v3/lesson5_ws/install/rmitbot_description' for CMake config files
[0.816s] Level 1:colcon.colcon_core.shell:create_environment_hook('rmitbot_description', 'cmake_prefix_path')
[0.816s] INFO:colcon.colcon_core.shell:Creating environment hook '/home/v120506/rmitbot_v3/lesson5_ws/install/rmitbot_description/share/rmitbot_description/hook/cmake_prefix_path.ps1'
[0.817s] INFO:colcon.colcon_core.shell:Creating environment descriptor '/home/v120506/rmitbot_v3/lesson5_ws/install/rmitbot_description/share/rmitbot_description/hook/cmake_prefix_path.dsv'
[0.817s] INFO:colcon.colcon_core.shell:Creating environment hook '/home/v120506/rmitbot_v3/lesson5_ws/install/rmitbot_description/share/rmitbot_description/hook/cmake_prefix_path.sh'
[0.818s] Level 1:colcon.colcon_core.environment:checking '/home/v120506/rmitbot_v3/lesson5_ws/install/rmitbot_description/bin'
[0.818s] Level 1:colcon.colcon_core.environment:checking '/home/v120506/rmitbot_v3/lesson5_ws/install/rmitbot_description/lib/pkgconfig/rmitbot_description.pc'
[0.819s] Level 1:colcon.colcon_core.environment:checking '/home/v120506/rmitbot_v3/lesson5_ws/install/rmitbot_description/lib/python3.12/site-packages'
[0.819s] Level 1:colcon.colcon_core.environment:checking '/home/v120506/rmitbot_v3/lesson5_ws/install/rmitbot_description/bin'
[0.819s] INFO:colcon.colcon_core.shell:Creating package script '/home/v120506/rmitbot_v3/lesson5_ws/install/rmitbot_description/share/rmitbot_description/package.ps1'
[0.820s] INFO:colcon.colcon_core.shell:Creating package descriptor '/home/v120506/rmitbot_v3/lesson5_ws/install/rmitbot_description/share/rmitbot_description/package.dsv'
[0.821s] INFO:colcon.colcon_core.shell:Creating package script '/home/v120506/rmitbot_v3/lesson5_ws/install/rmitbot_description/share/rmitbot_description/package.sh'
[0.822s] INFO:colcon.colcon_core.shell:Creating package script '/home/v120506/rmitbot_v3/lesson5_ws/install/rmitbot_description/share/rmitbot_description/package.bash'
[0.822s] INFO:colcon.colcon_core.shell:Creating package script '/home/v120506/rmitbot_v3/lesson5_ws/install/rmitbot_description/share/rmitbot_description/package.zsh'
[0.823s] Level 1:colcon.colcon_core.environment:create_file_with_runtime_dependencies(/home/v120506/rmitbot_v3/lesson5_ws/install/rmitbot_description/share/colcon-core/packages/rmitbot_description)
[0.823s] Level 1:colcon.colcon_core.environment:create_environment_scripts_only(rmitbot_navigation)
[0.824s] Level 1:colcon.colcon_core.environment:checking '/home/v120506/rmitbot_v3/lesson5_ws/install/rmitbot_navigation' for CMake module files
[0.826s] DEBUG:colcon.colcon_core.event_handler.log_command:Invoked command in '/home/v120506/rmitbot_v3/lesson5_ws/build/rmitbot_navigation' returned '0': CMAKE_PREFIX_PATH=${CMAKE_PREFIX_PATH}:/opt/ros/jazzy DEBUGINFOD_URLS=https://debuginfod.ubuntu.com /usr/bin/cmake --install /home/v120506/rmitbot_v3/lesson5_ws/build/rmitbot_navigation
[0.826s] Level 1:colcon.colcon_core.environment:checking '/home/v120506/rmitbot_v3/lesson5_ws/install/rmitbot_navigation' for CMake config files
[0.826s] Level 1:colcon.colcon_core.shell:create_environment_hook('rmitbot_navigation', 'cmake_prefix_path')
[0.826s] INFO:colcon.colcon_core.shell:Creating environment hook '/home/v120506/rmitbot_v3/lesson5_ws/install/rmitbot_navigation/share/rmitbot_navigation/hook/cmake_prefix_path.ps1'
[0.827s] INFO:colcon.colcon_core.shell:Creating environment descriptor '/home/v120506/rmitbot_v3/lesson5_ws/install/rmitbot_navigation/share/rmitbot_navigation/hook/cmake_prefix_path.dsv'
[0.828s] INFO:colcon.colcon_core.shell:Creating environment hook '/home/v120506/rmitbot_v3/lesson5_ws/install/rmitbot_navigation/share/rmitbot_navigation/hook/cmake_prefix_path.sh'
[0.829s] Level 1:colcon.colcon_core.environment:checking '/home/v120506/rmitbot_v3/lesson5_ws/install/rmitbot_navigation/bin'
[0.829s] Level 1:colcon.colcon_core.environment:checking '/home/v120506/rmitbot_v3/lesson5_ws/install/rmitbot_navigation/lib/pkgconfig/rmitbot_navigation.pc'
[0.829s] Level 1:colcon.colcon_core.environment:checking '/home/v120506/rmitbot_v3/lesson5_ws/install/rmitbot_navigation/lib/python3.12/site-packages'
[0.830s] Level 1:colcon.colcon_core.environment:checking '/home/v120506/rmitbot_v3/lesson5_ws/install/rmitbot_navigation/bin'
[0.830s] INFO:colcon.colcon_core.shell:Creating package script '/home/v120506/rmitbot_v3/lesson5_ws/install/rmitbot_navigation/share/rmitbot_navigation/package.ps1'
[0.831s] INFO:colcon.colcon_core.shell:Creating package descriptor '/home/v120506/rmitbot_v3/lesson5_ws/install/rmitbot_navigation/share/rmitbot_navigation/package.dsv'
[0.832s] INFO:colcon.colcon_core.shell:Creating package script '/home/v120506/rmitbot_v3/lesson5_ws/install/rmitbot_navigation/share/rmitbot_navigation/package.sh'
[0.832s] INFO:colcon.colcon_core.shell:Creating package script '/home/v120506/rmitbot_v3/lesson5_ws/install/rmitbot_navigation/share/rmitbot_navigation/package.bash'
[0.833s] INFO:colcon.colcon_core.shell:Creating package script '/home/v120506/rmitbot_v3/lesson5_ws/install/rmitbot_navigation/share/rmitbot_navigation/package.zsh'
[0.834s] Level 1:colcon.colcon_core.environment:create_file_with_runtime_dependencies(/home/v120506/rmitbot_v3/lesson5_ws/install/rmitbot_navigation/share/colcon-core/packages/rmitbot_navigation)
[0.835s] Level 1:colcon.colcon_core.environment:create_environment_scripts_only(rmitbot_navigation)
[0.835s] Level 1:colcon.colcon_core.environment:checking '/home/v120506/rmitbot_v3/lesson5_ws/install/rmitbot_navigation' for CMake module files
[0.836s] Level 1:colcon.colcon_core.environment:checking '/home/v120506/rmitbot_v3/lesson5_ws/install/rmitbot_navigation' for CMake config files
[0.836s] Level 1:colcon.colcon_core.shell:create_environment_hook('rmitbot_navigation', 'cmake_prefix_path')
[0.836s] INFO:colcon.colcon_core.shell:Creating environment hook '/home/v120506/rmitbot_v3/lesson5_ws/install/rmitbot_navigation/share/rmitbot_navigation/hook/cmake_prefix_path.ps1'
[0.837s] INFO:colcon.colcon_core.shell:Creating environment descriptor '/home/v120506/rmitbot_v3/lesson5_ws/install/rmitbot_navigation/share/rmitbot_navigation/hook/cmake_prefix_path.dsv'
[0.838s] INFO:colcon.colcon_core.shell:Creating environment hook '/home/v120506/rmitbot_v3/lesson5_ws/install/rmitbot_navigation/share/rmitbot_navigation/hook/cmake_prefix_path.sh'
[0.839s] Level 1:colcon.colcon_core.environment:checking '/home/v120506/rmitbot_v3/lesson5_ws/install/rmitbot_navigation/bin'
[0.839s] Level 1:colcon.colcon_core.environment:checking '/home/v120506/rmitbot_v3/lesson5_ws/install/rmitbot_navigation/lib/pkgconfig/rmitbot_navigation.pc'
[0.839s] Level 1:colcon.colcon_core.environment:checking '/home/v120506/rmitbot_v3/lesson5_ws/install/rmitbot_navigation/lib/python3.12/site-packages'
[0.840s] Level 1:colcon.colcon_core.environment:checking '/home/v120506/rmitbot_v3/lesson5_ws/install/rmitbot_navigation/bin'
[0.840s] INFO:colcon.colcon_core.shell:Creating package script '/home/v120506/rmitbot_v3/lesson5_ws/install/rmitbot_navigation/share/rmitbot_navigation/package.ps1'
[0.841s] INFO:colcon.colcon_core.shell:Creating package descriptor '/home/v120506/rmitbot_v3/lesson5_ws/install/rmitbot_navigation/share/rmitbot_navigation/package.dsv'
[0.842s] INFO:colcon.colcon_core.shell:Creating package script '/home/v120506/rmitbot_v3/lesson5_ws/install/rmitbot_navigation/share/rmitbot_navigation/package.sh'
[0.843s] INFO:colcon.colcon_core.shell:Creating package script '/home/v120506/rmitbot_v3/lesson5_ws/install/rmitbot_navigation/share/rmitbot_navigation/package.bash'
[0.844s] INFO:colcon.colcon_core.shell:Creating package script '/home/v120506/rmitbot_v3/lesson5_ws/install/rmitbot_navigation/share/rmitbot_navigation/package.zsh'
[0.845s] Level 1:colcon.colcon_core.environment:create_file_with_runtime_dependencies(/home/v120506/rmitbot_v3/lesson5_ws/install/rmitbot_navigation/share/colcon-core/packages/rmitbot_navigation)
[0.846s] Level 1:colcon.colcon_core.environment:create_environment_scripts_only(rmitbot_localization)
[0.847s] Level 1:colcon.colcon_core.environment:checking '/home/v120506/rmitbot_v3/lesson5_ws/install/rmitbot_localization' for CMake module files
[0.849s] DEBUG:colcon.colcon_core.event_handler.log_command:Invoked command in '/home/v120506/rmitbot_v3/lesson5_ws/build/rmitbot_localization' returned '0': CMAKE_PREFIX_PATH=${CMAKE_PREFIX_PATH}:/opt/ros/jazzy DEBUGINFOD_URLS=https://debuginfod.ubuntu.com /usr/bin/cmake --install /home/v120506/rmitbot_v3/lesson5_ws/build/rmitbot_localization
[0.850s] Level 1:colcon.colcon_core.environment:checking '/home/v120506/rmitbot_v3/lesson5_ws/install/rmitbot_localization' for CMake config files
[0.851s] Level 1:colcon.colcon_core.shell:create_environment_hook('rmitbot_localization', 'cmake_prefix_path')
[0.851s] INFO:colcon.colcon_core.shell:Creating environment hook '/home/v120506/rmitbot_v3/lesson5_ws/install/rmitbot_localization/share/rmitbot_localization/hook/cmake_prefix_path.ps1'
[0.852s] INFO:colcon.colcon_core.shell:Creating environment descriptor '/home/v120506/rmitbot_v3/lesson5_ws/install/rmitbot_localization/share/rmitbot_localization/hook/cmake_prefix_path.dsv'
[0.853s] INFO:colcon.colcon_core.shell:Creating environment hook '/home/v120506/rmitbot_v3/lesson5_ws/install/rmitbot_localization/share/rmitbot_localization/hook/cmake_prefix_path.sh'
[0.854s] Level 1:colcon.colcon_core.environment:checking '/home/v120506/rmitbot_v3/lesson5_ws/install/rmitbot_localization/bin'
[0.854s] Level 1:colcon.colcon_core.environment:checking '/home/v120506/rmitbot_v3/lesson5_ws/install/rmitbot_localization/lib/pkgconfig/rmitbot_localization.pc'
[0.855s] Level 1:colcon.colcon_core.environment:checking '/home/v120506/rmitbot_v3/lesson5_ws/install/rmitbot_localization/lib/python3.12/site-packages'
[0.855s] Level 1:colcon.colcon_core.environment:checking '/home/v120506/rmitbot_v3/lesson5_ws/install/rmitbot_localization/bin'
[0.856s] INFO:colcon.colcon_core.shell:Creating package script '/home/v120506/rmitbot_v3/lesson5_ws/install/rmitbot_localization/share/rmitbot_localization/package.ps1'
[0.857s] INFO:colcon.colcon_core.shell:Creating package descriptor '/home/v120506/rmitbot_v3/lesson5_ws/install/rmitbot_localization/share/rmitbot_localization/package.dsv'
[0.858s] INFO:colcon.colcon_core.shell:Creating package script '/home/v120506/rmitbot_v3/lesson5_ws/install/rmitbot_localization/share/rmitbot_localization/package.sh'
[0.858s] INFO:colcon.colcon_core.shell:Creating package script '/home/v120506/rmitbot_v3/lesson5_ws/install/rmitbot_localization/share/rmitbot_localization/package.bash'
[0.859s] INFO:colcon.colcon_core.shell:Creating package script '/home/v120506/rmitbot_v3/lesson5_ws/install/rmitbot_localization/share/rmitbot_localization/package.zsh'
[0.860s] Level 1:colcon.colcon_core.environment:create_file_with_runtime_dependencies(/home/v120506/rmitbot_v3/lesson5_ws/install/rmitbot_localization/share/colcon-core/packages/rmitbot_localization)
[0.861s] Level 1:colcon.colcon_core.environment:create_environment_scripts_only(rmitbot_localization)
[0.861s] Level 1:colcon.colcon_core.environment:checking '/home/v120506/rmitbot_v3/lesson5_ws/install/rmitbot_localization' for CMake module files
[0.862s] Level 1:colcon.colcon_core.environment:checking '/home/v120506/rmitbot_v3/lesson5_ws/install/rmitbot_localization' for CMake config files
[0.863s] Level 1:colcon.colcon_core.shell:create_environment_hook('rmitbot_localization', 'cmake_prefix_path')
[0.863s] INFO:colcon.colcon_core.shell:Creating environment hook '/home/v120506/rmitbot_v3/lesson5_ws/install/rmitbot_localization/share/rmitbot_localization/hook/cmake_prefix_path.ps1'
[0.864s] INFO:colcon.colcon_core.shell:Creating environment descriptor '/home/v120506/rmitbot_v3/lesson5_ws/install/rmitbot_localization/share/rmitbot_localization/hook/cmake_prefix_path.dsv'
[0.865s] INFO:colcon.colcon_core.shell:Creating environment hook '/home/v120506/rmitbot_v3/lesson5_ws/install/rmitbot_localization/share/rmitbot_localization/hook/cmake_prefix_path.sh'
[0.866s] Level 1:colcon.colcon_core.environment:checking '/home/v120506/rmitbot_v3/lesson5_ws/install/rmitbot_localization/bin'
[0.866s] Level 1:colcon.colcon_core.environment:checking '/home/v120506/rmitbot_v3/lesson5_ws/install/rmitbot_localization/lib/pkgconfig/rmitbot_localization.pc'
[0.867s] Level 1:colcon.colcon_core.environment:checking '/home/v120506/rmitbot_v3/lesson5_ws/install/rmitbot_localization/lib/python3.12/site-packages'
[0.867s] Level 1:colcon.colcon_core.environment:checking '/home/v120506/rmitbot_v3/lesson5_ws/install/rmitbot_localization/bin'
[0.868s] INFO:colcon.colcon_core.shell:Creating package script '/home/v120506/rmitbot_v3/lesson5_ws/install/rmitbot_localization/share/rmitbot_localization/package.ps1'
[0.869s] INFO:colcon.colcon_core.shell:Creating package descriptor '/home/v120506/rmitbot_v3/lesson5_ws/install/rmitbot_localization/share/rmitbot_localization/package.dsv'
[0.870s] INFO:colcon.colcon_core.shell:Creating package script '/home/v120506/rmitbot_v3/lesson5_ws/install/rmitbot_localization/share/rmitbot_localization/package.sh'
[0.871s] INFO:colcon.colcon_core.shell:Creating package script '/home/v120506/rmitbot_v3/lesson5_ws/install/rmitbot_localization/share/rmitbot_localization/package.bash'
[0.872s] INFO:colcon.colcon_core.shell:Creating package script '/home/v120506/rmitbot_v3/lesson5_ws/install/rmitbot_localization/share/rmitbot_localization/package.zsh'
[0.872s] Level 1:colcon.colcon_core.environment:create_file_with_runtime_dependencies(/home/v120506/rmitbot_v3/lesson5_ws/install/rmitbot_localization/share/colcon-core/packages/rmitbot_localization)
[0.873s] Level 1:colcon.colcon_core.environment:create_environment_scripts_only(rmitbot_bringup)
[0.874s] Level 1:colcon.colcon_core.environment:checking '/home/v120506/rmitbot_v3/lesson5_ws/install/rmitbot_bringup' for CMake module files
[0.876s] DEBUG:colcon.colcon_core.event_handler.log_command:Invoked command in '/home/v120506/rmitbot_v3/lesson5_ws/build/rmitbot_bringup' returned '0': CMAKE_PREFIX_PATH=${CMAKE_PREFIX_PATH}:/opt/ros/jazzy DEBUGINFOD_URLS=https://debuginfod.ubuntu.com /usr/bin/cmake --install /home/v120506/rmitbot_v3/lesson5_ws/build/rmitbot_bringup
[0.877s] Level 1:colcon.colcon_core.environment:checking '/home/v120506/rmitbot_v3/lesson5_ws/install/rmitbot_bringup' for CMake config files
[0.877s] Level 1:colcon.colcon_core.shell:create_environment_hook('rmitbot_bringup', 'cmake_prefix_path')
[0.878s] INFO:colcon.colcon_core.shell:Creating environment hook '/home/v120506/rmitbot_v3/lesson5_ws/install/rmitbot_bringup/share/rmitbot_bringup/hook/cmake_prefix_path.ps1'
[0.879s] INFO:colcon.colcon_core.shell:Creating environment descriptor '/home/v120506/rmitbot_v3/lesson5_ws/install/rmitbot_bringup/share/rmitbot_bringup/hook/cmake_prefix_path.dsv'
[0.880s] INFO:colcon.colcon_core.shell:Creating environment hook '/home/v120506/rmitbot_v3/lesson5_ws/install/rmitbot_bringup/share/rmitbot_bringup/hook/cmake_prefix_path.sh'
[0.881s] Level 1:colcon.colcon_core.environment:checking '/home/v120506/rmitbot_v3/lesson5_ws/install/rmitbot_bringup/bin'
[0.882s] Level 1:colcon.colcon_core.environment:checking '/home/v120506/rmitbot_v3/lesson5_ws/install/rmitbot_bringup/lib/pkgconfig/rmitbot_bringup.pc'
[0.882s] Level 1:colcon.colcon_core.environment:checking '/home/v120506/rmitbot_v3/lesson5_ws/install/rmitbot_bringup/lib/python3.12/site-packages'
[0.883s] Level 1:colcon.colcon_core.environment:checking '/home/v120506/rmitbot_v3/lesson5_ws/install/rmitbot_bringup/bin'
[0.884s] INFO:colcon.colcon_core.shell:Creating package script '/home/v120506/rmitbot_v3/lesson5_ws/install/rmitbot_bringup/share/rmitbot_bringup/package.ps1'
[0.885s] INFO:colcon.colcon_core.shell:Creating package descriptor '/home/v120506/rmitbot_v3/lesson5_ws/install/rmitbot_bringup/share/rmitbot_bringup/package.dsv'
[0.886s] INFO:colcon.colcon_core.shell:Creating package script '/home/v120506/rmitbot_v3/lesson5_ws/install/rmitbot_bringup/share/rmitbot_bringup/package.sh'
[0.887s] INFO:colcon.colcon_core.shell:Creating package script '/home/v120506/rmitbot_v3/lesson5_ws/install/rmitbot_bringup/share/rmitbot_bringup/package.bash'
[0.888s] INFO:colcon.colcon_core.shell:Creating package script '/home/v120506/rmitbot_v3/lesson5_ws/install/rmitbot_bringup/share/rmitbot_bringup/package.zsh'
[0.889s] Level 1:colcon.colcon_core.environment:create_file_with_runtime_dependencies(/home/v120506/rmitbot_v3/lesson5_ws/install/rmitbot_bringup/share/colcon-core/packages/rmitbot_bringup)
[0.890s] Level 1:colcon.colcon_core.environment:create_environment_scripts_only(rmitbot_bringup)
[0.891s] Level 1:colcon.colcon_core.environment:checking '/home/v120506/rmitbot_v3/lesson5_ws/install/rmitbot_bringup' for CMake module files
[0.893s] Level 1:colcon.colcon_core.environment:checking '/home/v120506/rmitbot_v3/lesson5_ws/install/rmitbot_bringup' for CMake config files
[0.893s] Level 1:colcon.colcon_core.shell:create_environment_hook('rmitbot_bringup', 'cmake_prefix_path')
[0.894s] INFO:colcon.colcon_core.shell:Creating environment hook '/home/v120506/rmitbot_v3/lesson5_ws/install/rmitbot_bringup/share/rmitbot_bringup/hook/cmake_prefix_path.ps1'
[0.895s] INFO:colcon.colcon_core.shell:Creating environment descriptor '/home/v120506/rmitbot_v3/lesson5_ws/install/rmitbot_bringup/share/rmitbot_bringup/hook/cmake_prefix_path.dsv'
[0.896s] INFO:colcon.colcon_core.shell:Creating environment hook '/home/v120506/rmitbot_v3/lesson5_ws/install/rmitbot_bringup/share/rmitbot_bringup/hook/cmake_prefix_path.sh'
[0.898s] Level 1:colcon.colcon_core.environment:checking '/home/v120506/rmitbot_v3/lesson5_ws/install/rmitbot_bringup/bin'
[0.898s] Level 1:colcon.colcon_core.environment:checking '/home/v120506/rmitbot_v3/lesson5_ws/install/rmitbot_bringup/lib/pkgconfig/rmitbot_bringup.pc'
[0.899s] Level 1:colcon.colcon_core.environment:checking '/home/v120506/rmitbot_v3/lesson5_ws/install/rmitbot_bringup/lib/python3.12/site-packages'
[0.900s] Level 1:colcon.colcon_core.environment:checking '/home/v120506/rmitbot_v3/lesson5_ws/install/rmitbot_bringup/bin'
[0.900s] INFO:colcon.colcon_core.shell:Creating package script '/home/v120506/rmitbot_v3/lesson5_ws/install/rmitbot_bringup/share/rmitbot_bringup/package.ps1'
[0.902s] INFO:colcon.colcon_core.shell:Creating package descriptor '/home/v120506/rmitbot_v3/lesson5_ws/install/rmitbot_bringup/share/rmitbot_bringup/package.dsv'
[0.903s] INFO:colcon.colcon_core.shell:Creating package script '/home/v120506/rmitbot_v3/lesson5_ws/install/rmitbot_bringup/share/rmitbot_bringup/package.sh'
[0.905s] INFO:colcon.colcon_core.shell:Creating package script '/home/v120506/rmitbot_v3/lesson5_ws/install/rmitbot_bringup/share/rmitbot_bringup/package.bash'
[0.906s] INFO:colcon.colcon_core.shell:Creating package script '/home/v120506/rmitbot_v3/lesson5_ws/install/rmitbot_bringup/share/rmitbot_bringup/package.zsh'
[0.907s] Level 1:colcon.colcon_core.environment:create_file_with_runtime_dependencies(/home/v120506/rmitbot_v3/lesson5_ws/install/rmitbot_bringup/share/colcon-core/packages/rmitbot_bringup)
[0.908s] Level 1:colcon.colcon_core.environment:create_environment_scripts_only(rmitbot_controller)
[0.908s] Level 1:colcon.colcon_core.environment:checking '/home/v120506/rmitbot_v3/lesson5_ws/install/rmitbot_controller' for CMake module files
[0.911s] DEBUG:colcon.colcon_core.event_handler.log_command:Invoked command in '/home/v120506/rmitbot_v3/lesson5_ws/build/rmitbot_controller' returned '0': CMAKE_PREFIX_PATH=${CMAKE_PREFIX_PATH}:/opt/ros/jazzy DEBUGINFOD_URLS=https://debuginfod.ubuntu.com /usr/bin/cmake --install /home/v120506/rmitbot_v3/lesson5_ws/build/rmitbot_controller
[0.912s] Level 1:colcon.colcon_core.environment:checking '/home/v120506/rmitbot_v3/lesson5_ws/install/rmitbot_controller' for CMake config files
[0.912s] Level 1:colcon.colcon_core.shell:create_environment_hook('rmitbot_controller', 'cmake_prefix_path')
[0.913s] INFO:colcon.colcon_core.shell:Creating environment hook '/home/v120506/rmitbot_v3/lesson5_ws/install/rmitbot_controller/share/rmitbot_controller/hook/cmake_prefix_path.ps1'
[0.914s] INFO:colcon.colcon_core.shell:Creating environment descriptor '/home/v120506/rmitbot_v3/lesson5_ws/install/rmitbot_controller/share/rmitbot_controller/hook/cmake_prefix_path.dsv'
[0.915s] INFO:colcon.colcon_core.shell:Creating environment hook '/home/v120506/rmitbot_v3/lesson5_ws/install/rmitbot_controller/share/rmitbot_controller/hook/cmake_prefix_path.sh'
[0.917s] Level 1:colcon.colcon_core.environment:checking '/home/v120506/rmitbot_v3/lesson5_ws/install/rmitbot_controller/bin'
[0.917s] Level 1:colcon.colcon_core.environment:checking '/home/v120506/rmitbot_v3/lesson5_ws/install/rmitbot_controller/lib/pkgconfig/rmitbot_controller.pc'
[0.917s] Level 1:colcon.colcon_core.environment:checking '/home/v120506/rmitbot_v3/lesson5_ws/install/rmitbot_controller/lib/python3.12/site-packages'
[0.918s] Level 1:colcon.colcon_core.environment:checking '/home/v120506/rmitbot_v3/lesson5_ws/install/rmitbot_controller/bin'
[0.918s] INFO:colcon.colcon_core.shell:Creating package script '/home/v120506/rmitbot_v3/lesson5_ws/install/rmitbot_controller/share/rmitbot_controller/package.ps1'
[0.920s] INFO:colcon.colcon_core.shell:Creating package descriptor '/home/v120506/rmitbot_v3/lesson5_ws/install/rmitbot_controller/share/rmitbot_controller/package.dsv'
[0.920s] INFO:colcon.colcon_core.shell:Creating package script '/home/v120506/rmitbot_v3/lesson5_ws/install/rmitbot_controller/share/rmitbot_controller/package.sh'
[0.921s] INFO:colcon.colcon_core.shell:Creating package script '/home/v120506/rmitbot_v3/lesson5_ws/install/rmitbot_controller/share/rmitbot_controller/package.bash'
[0.922s] INFO:colcon.colcon_core.shell:Creating package script '/home/v120506/rmitbot_v3/lesson5_ws/install/rmitbot_controller/share/rmitbot_controller/package.zsh'
[0.923s] Level 1:colcon.colcon_core.environment:create_file_with_runtime_dependencies(/home/v120506/rmitbot_v3/lesson5_ws/install/rmitbot_controller/share/colcon-core/packages/rmitbot_controller)
[0.924s] Level 1:colcon.colcon_core.environment:create_environment_scripts_only(rmitbot_controller)
[0.924s] Level 1:colcon.colcon_core.environment:checking '/home/v120506/rmitbot_v3/lesson5_ws/install/rmitbot_controller' for CMake module files
[0.925s] Level 1:colcon.colcon_core.environment:checking '/home/v120506/rmitbot_v3/lesson5_ws/install/rmitbot_controller' for CMake config files
[0.925s] Level 1:colcon.colcon_core.shell:create_environment_hook('rmitbot_controller', 'cmake_prefix_path')
[0.925s] INFO:colcon.colcon_core.shell:Creating environment hook '/home/v120506/rmitbot_v3/lesson5_ws/install/rmitbot_controller/share/rmitbot_controller/hook/cmake_prefix_path.ps1'
[0.926s] INFO:colcon.colcon_core.shell:Creating environment descriptor '/home/v120506/rmitbot_v3/lesson5_ws/install/rmitbot_controller/share/rmitbot_controller/hook/cmake_prefix_path.dsv'
[0.927s] INFO:colcon.colcon_core.shell:Creating environment hook '/home/v120506/rmitbot_v3/lesson5_ws/install/rmitbot_controller/share/rmitbot_controller/hook/cmake_prefix_path.sh'
[0.929s] Level 1:colcon.colcon_core.environment:checking '/home/v120506/rmitbot_v3/lesson5_ws/install/rmitbot_controller/bin'
[0.929s] Level 1:colcon.colcon_core.environment:checking '/home/v120506/rmitbot_v3/lesson5_ws/install/rmitbot_controller/lib/pkgconfig/rmitbot_controller.pc'
[0.930s] Level 1:colcon.colcon_core.environment:checking '/home/v120506/rmitbot_v3/lesson5_ws/install/rmitbot_controller/lib/python3.12/site-packages'
[0.930s] Level 1:colcon.colcon_core.environment:checking '/home/v120506/rmitbot_v3/lesson5_ws/install/rmitbot_controller/bin'
[0.931s] INFO:colcon.colcon_core.shell:Creating package script '/home/v120506/rmitbot_v3/lesson5_ws/install/rmitbot_controller/share/rmitbot_controller/package.ps1'
[0.933s] INFO:colcon.colcon_core.shell:Creating package descriptor '/home/v120506/rmitbot_v3/lesson5_ws/install/rmitbot_controller/share/rmitbot_controller/package.dsv'
[0.934s] INFO:colcon.colcon_core.shell:Creating package script '/home/v120506/rmitbot_v3/lesson5_ws/install/rmitbot_controller/share/rmitbot_controller/package.sh'
[0.936s] INFO:colcon.colcon_core.shell:Creating package script '/home/v120506/rmitbot_v3/lesson5_ws/install/rmitbot_controller/share/rmitbot_controller/package.bash'
[0.937s] INFO:colcon.colcon_core.shell:Creating package script '/home/v120506/rmitbot_v3/lesson5_ws/install/rmitbot_controller/share/rmitbot_controller/package.zsh'
[0.938s] Level 1:colcon.colcon_core.environment:create_file_with_runtime_dependencies(/home/v120506/rmitbot_v3/lesson5_ws/install/rmitbot_controller/share/colcon-core/packages/rmitbot_controller)
[0.939s] DEBUG:colcon.colcon_parallel_executor.executor.parallel:closing loop
[0.940s] DEBUG:colcon.colcon_parallel_executor.executor.parallel:loop closed
[0.940s] DEBUG:colcon.colcon_parallel_executor.executor.parallel:run_until_complete finished with '0'
[0.940s] DEBUG:colcon.colcon_core.event_reactor:joining thread
[0.954s] INFO:colcon.colcon_core.plugin_system:Skipping extension 'colcon_notification.desktop_notification.terminal_notifier': Not used on non-Darwin systems
[0.954s] INFO:colcon.colcon_core.plugin_system:Skipping extension 'colcon_notification.desktop_notification.win32': Not used on non-Windows systems
[0.954s] INFO:colcon.colcon_notification.desktop_notification:Sending desktop notification using 'notify2'
[0.977s] DEBUG:colcon.colcon_core.event_reactor:joined thread
[0.977s] INFO:colcon.colcon_core.shell:Creating prefix script '/home/v120506/rmitbot_v3/lesson5_ws/install/local_setup.ps1'
[0.979s] INFO:colcon.colcon_core.shell:Creating prefix util module '/home/v120506/rmitbot_v3/lesson5_ws/install/_local_setup_util_ps1.py'
[0.981s] INFO:colcon.colcon_core.shell:Creating prefix chain script '/home/v120506/rmitbot_v3/lesson5_ws/install/setup.ps1'
[0.983s] INFO:colcon.colcon_core.shell:Creating prefix script '/home/v120506/rmitbot_v3/lesson5_ws/install/local_setup.sh'
[0.984s] INFO:colcon.colcon_core.shell:Creating prefix util module '/home/v120506/rmitbot_v3/lesson5_ws/install/_local_setup_util_sh.py'
[0.985s] INFO:colcon.colcon_core.shell:Creating prefix chain script '/home/v120506/rmitbot_v3/lesson5_ws/install/setup.sh'
[0.986s] INFO:colcon.colcon_core.shell:Creating prefix script '/home/v120506/rmitbot_v3/lesson5_ws/install/local_setup.bash'
[0.987s] INFO:colcon.colcon_core.shell:Creating prefix chain script '/home/v120506/rmitbot_v3/lesson5_ws/install/setup.bash'
[0.989s] INFO:colcon.colcon_core.shell:Creating prefix script '/home/v120506/rmitbot_v3/lesson5_ws/install/local_setup.zsh'
[0.990s] INFO:colcon.colcon_core.shell:Creating prefix chain script '/home/v120506/rmitbot_v3/lesson5_ws/install/setup.zsh'
