[0.263s] DEBUG:colcon:Command line arguments: ['/usr/bin/colcon', 'build']
[0.264s] DEBUG:colcon:Parsed command line arguments: Namespace(log_base=None, log_level=None, verb_name='build', build_base='build', install_base='install', merge_install=False, symlink_install=False, test_result_base=None, continue_on_error=False, executor='parallel', parallel_workers=8, event_handlers=None, ignore_user_meta=False, metas=['./colcon.meta'], base_paths=['.'], packages_ignore=None, packages_ignore_regex=None, paths=None, packages_up_to=None, packages_up_to_regex=None, packages_above=None, packages_above_and_dependencies=None, packages_above_depth=None, packages_select_by_dep=None, packages_skip_by_dep=None, packages_skip_up_to=None, packages_select_build_failed=False, packages_skip_build_finished=False, packages_select_test_failures=False, packages_skip_test_passed=False, packages_select=None, packages_skip=None, packages_select_regex=None, packages_skip_regex=None, packages_start=None, packages_end=None, allow_overriding=[], cmake_args=None, cmake_target=None, cmake_target_skip_unavailable=False, cmake_clean_cache=False, cmake_clean_first=False, cmake_force_configure=False, ament_cmake_args=None, catkin_cmake_args=None, catkin_skip_building_tests=False, mixin_files=None, mixin=None, verb_parser=<colcon_mixin.mixin.mixin_argument.MixinArgumentDecorator object at 0x7ac2ebf8b0e0>, verb_extension=<colcon_core.verb.build.BuildVerb object at 0x7ac2ec0b34d0>, main=<bound method BuildVerb.main of <colcon_core.verb.build.BuildVerb object at 0x7ac2ec0b34d0>>, mixin_verb=('build',))
[0.359s] Level 1:colcon.colcon_core.package_discovery:discover_packages(colcon_meta) check parameters
[0.360s] Level 1:colcon.colcon_core.package_discovery:discover_packages(recursive) check parameters
[0.360s] Level 1:colcon.colcon_core.package_discovery:discover_packages(ignore) check parameters
[0.360s] Level 1:colcon.colcon_core.package_discovery:discover_packages(path) check parameters
[0.360s] Level 1:colcon.colcon_core.package_discovery:discover_packages(colcon_meta) discover
[0.360s] Level 1:colcon.colcon_core.package_discovery:discover_packages(recursive) discover
[0.360s] INFO:colcon.colcon_core.package_discovery:Crawling recursively for packages in '/home/v120506/rmitbot_v4/lesson5_ws'
[0.360s] Level 1:colcon.colcon_core.package_identification:_identify(.) by extensions ['ignore', 'ignore_ament_install']
[0.361s] Level 1:colcon.colcon_core.package_identification:_identify(.) by extension 'ignore'
[0.361s] Level 1:colcon.colcon_core.package_identification:_identify(.) by extension 'ignore_ament_install'
[0.361s] Level 1:colcon.colcon_core.package_identification:_identify(.) by extensions ['colcon_pkg']
[0.361s] Level 1:colcon.colcon_core.package_identification:_identify(.) by extension 'colcon_pkg'
[0.361s] Level 1:colcon.colcon_core.package_identification:_identify(.) by extensions ['colcon_meta']
[0.361s] Level 1:colcon.colcon_core.package_identification:_identify(.) by extension 'colcon_meta'
[0.361s] Level 1:colcon.colcon_core.package_identification:_identify(.) by extensions ['ros']
[0.361s] Level 1:colcon.colcon_core.package_identification:_identify(.) by extension 'ros'
[0.427s] Level 1:colcon.colcon_core.package_identification:_identify(.) by extensions ['cmake', 'python']
[0.427s] Level 1:colcon.colcon_core.package_identification:_identify(.) by extension 'cmake'
[0.427s] Level 1:colcon.colcon_core.package_identification:_identify(.) by extension 'python'
[0.427s] Level 1:colcon.colcon_core.package_identification:_identify(.) by extensions ['python_setup_py']
[0.427s] Level 1:colcon.colcon_core.package_identification:_identify(.) by extension 'python_setup_py'
[0.428s] Level 1:colcon.colcon_core.package_identification:_identify(build) by extensions ['ignore', 'ignore_ament_install']
[0.428s] Level 1:colcon.colcon_core.package_identification:_identify(build) by extension 'ignore'
[0.428s] Level 1:colcon.colcon_core.package_identification:_identify(build) ignored
[0.428s] Level 1:colcon.colcon_core.package_identification:_identify(install) by extensions ['ignore', 'ignore_ament_install']
[0.428s] Level 1:colcon.colcon_core.package_identification:_identify(install) by extension 'ignore'
[0.429s] Level 1:colcon.colcon_core.package_identification:_identify(install) ignored
[0.429s] Level 1:colcon.colcon_core.package_identification:_identify(log) by extensions ['ignore', 'ignore_ament_install']
[0.429s] Level 1:colcon.colcon_core.package_identification:_identify(log) by extension 'ignore'
[0.430s] Level 1:colcon.colcon_core.package_identification:_identify(log) ignored
[0.430s] Level 1:colcon.colcon_core.package_identification:_identify(src) by extensions ['ignore', 'ignore_ament_install']
[0.430s] Level 1:colcon.colcon_core.package_identification:_identify(src) by extension 'ignore'
[0.430s] Level 1:colcon.colcon_core.package_identification:_identify(src) by extension 'ignore_ament_install'
[0.430s] Level 1:colcon.colcon_core.package_identification:_identify(src) by extensions ['colcon_pkg']
[0.431s] Level 1:colcon.colcon_core.package_identification:_identify(src) by extension 'colcon_pkg'
[0.431s] Level 1:colcon.colcon_core.package_identification:_identify(src) by extensions ['colcon_meta']
[0.431s] Level 1:colcon.colcon_core.package_identification:_identify(src) by extension 'colcon_meta'
[0.431s] Level 1:colcon.colcon_core.package_identification:_identify(src) by extensions ['ros']
[0.431s] Level 1:colcon.colcon_core.package_identification:_identify(src) by extension 'ros'
[0.431s] Level 1:colcon.colcon_core.package_identification:_identify(src) by extensions ['cmake', 'python']
[0.431s] Level 1:colcon.colcon_core.package_identification:_identify(src) by extension 'cmake'
[0.431s] Level 1:colcon.colcon_core.package_identification:_identify(src) by extension 'python'
[0.431s] Level 1:colcon.colcon_core.package_identification:_identify(src) by extensions ['python_setup_py']
[0.431s] Level 1:colcon.colcon_core.package_identification:_identify(src) by extension 'python_setup_py'
[0.432s] Level 1:colcon.colcon_core.package_identification:_identify(src/rmitbot_bringup) by extensions ['ignore', 'ignore_ament_install']
[0.432s] Level 1:colcon.colcon_core.package_identification:_identify(src/rmitbot_bringup) by extension 'ignore'
[0.432s] Level 1:colcon.colcon_core.package_identification:_identify(src/rmitbot_bringup) by extension 'ignore_ament_install'
[0.432s] Level 1:colcon.colcon_core.package_identification:_identify(src/rmitbot_bringup) by extensions ['colcon_pkg']
[0.432s] Level 1:colcon.colcon_core.package_identification:_identify(src/rmitbot_bringup) by extension 'colcon_pkg'
[0.432s] Level 1:colcon.colcon_core.package_identification:_identify(src/rmitbot_bringup) by extensions ['colcon_meta']
[0.432s] Level 1:colcon.colcon_core.package_identification:_identify(src/rmitbot_bringup) by extension 'colcon_meta'
[0.432s] Level 1:colcon.colcon_core.package_identification:_identify(src/rmitbot_bringup) by extensions ['ros']
[0.432s] Level 1:colcon.colcon_core.package_identification:_identify(src/rmitbot_bringup) by extension 'ros'
[0.438s] DEBUG:colcon.colcon_core.package_identification:Package 'src/rmitbot_bringup' with type 'ros.ament_cmake' and name 'rmitbot_bringup'
[0.438s] Level 1:colcon.colcon_core.package_identification:_identify(src/rmitbot_controller) by extensions ['ignore', 'ignore_ament_install']
[0.438s] Level 1:colcon.colcon_core.package_identification:_identify(src/rmitbot_controller) by extension 'ignore'
[0.439s] Level 1:colcon.colcon_core.package_identification:_identify(src/rmitbot_controller) by extension 'ignore_ament_install'
[0.439s] Level 1:colcon.colcon_core.package_identification:_identify(src/rmitbot_controller) by extensions ['colcon_pkg']
[0.439s] Level 1:colcon.colcon_core.package_identification:_identify(src/rmitbot_controller) by extension 'colcon_pkg'
[0.439s] Level 1:colcon.colcon_core.package_identification:_identify(src/rmitbot_controller) by extensions ['colcon_meta']
[0.439s] Level 1:colcon.colcon_core.package_identification:_identify(src/rmitbot_controller) by extension 'colcon_meta'
[0.440s] Level 1:colcon.colcon_core.package_identification:_identify(src/rmitbot_controller) by extensions ['ros']
[0.440s] Level 1:colcon.colcon_core.package_identification:_identify(src/rmitbot_controller) by extension 'ros'
[0.442s] DEBUG:colcon.colcon_core.package_identification:Package 'src/rmitbot_controller' with type 'ros.ament_cmake' and name 'rmitbot_controller'
[0.442s] Level 1:colcon.colcon_core.package_identification:_identify(src/rmitbot_description) by extensions ['ignore', 'ignore_ament_install']
[0.442s] Level 1:colcon.colcon_core.package_identification:_identify(src/rmitbot_description) by extension 'ignore'
[0.442s] Level 1:colcon.colcon_core.package_identification:_identify(src/rmitbot_description) by extension 'ignore_ament_install'
[0.443s] Level 1:colcon.colcon_core.package_identification:_identify(src/rmitbot_description) by extensions ['colcon_pkg']
[0.443s] Level 1:colcon.colcon_core.package_identification:_identify(src/rmitbot_description) by extension 'colcon_pkg'
[0.443s] Level 1:colcon.colcon_core.package_identification:_identify(src/rmitbot_description) by extensions ['colcon_meta']
[0.443s] Level 1:colcon.colcon_core.package_identification:_identify(src/rmitbot_description) by extension 'colcon_meta'
[0.443s] Level 1:colcon.colcon_core.package_identification:_identify(src/rmitbot_description) by extensions ['ros']
[0.443s] Level 1:colcon.colcon_core.package_identification:_identify(src/rmitbot_description) by extension 'ros'
[0.444s] DEBUG:colcon.colcon_core.package_identification:Package 'src/rmitbot_description' with type 'ros.ament_cmake' and name 'rmitbot_description'
[0.445s] Level 1:colcon.colcon_core.package_identification:_identify(src/rmitbot_localization) by extensions ['ignore', 'ignore_ament_install']
[0.445s] Level 1:colcon.colcon_core.package_identification:_identify(src/rmitbot_localization) by extension 'ignore'
[0.445s] Level 1:colcon.colcon_core.package_identification:_identify(src/rmitbot_localization) by extension 'ignore_ament_install'
[0.445s] Level 1:colcon.colcon_core.package_identification:_identify(src/rmitbot_localization) by extensions ['colcon_pkg']
[0.445s] Level 1:colcon.colcon_core.package_identification:_identify(src/rmitbot_localization) by extension 'colcon_pkg'
[0.445s] Level 1:colcon.colcon_core.package_identification:_identify(src/rmitbot_localization) by extensions ['colcon_meta']
[0.445s] Level 1:colcon.colcon_core.package_identification:_identify(src/rmitbot_localization) by extension 'colcon_meta'
[0.445s] Level 1:colcon.colcon_core.package_identification:_identify(src/rmitbot_localization) by extensions ['ros']
[0.445s] Level 1:colcon.colcon_core.package_identification:_identify(src/rmitbot_localization) by extension 'ros'
[0.446s] DEBUG:colcon.colcon_core.package_identification:Package 'src/rmitbot_localization' with type 'ros.ament_cmake' and name 'rmitbot_localization'
[0.447s] Level 1:colcon.colcon_core.package_identification:_identify(src/rmitbot_mapping) by extensions ['ignore', 'ignore_ament_install']
[0.447s] Level 1:colcon.colcon_core.package_identification:_identify(src/rmitbot_mapping) by extension 'ignore'
[0.447s] Level 1:colcon.colcon_core.package_identification:_identify(src/rmitbot_mapping) by extension 'ignore_ament_install'
[0.447s] Level 1:colcon.colcon_core.package_identification:_identify(src/rmitbot_mapping) by extensions ['colcon_pkg']
[0.447s] Level 1:colcon.colcon_core.package_identification:_identify(src/rmitbot_mapping) by extension 'colcon_pkg'
[0.447s] Level 1:colcon.colcon_core.package_identification:_identify(src/rmitbot_mapping) by extensions ['colcon_meta']
[0.448s] Level 1:colcon.colcon_core.package_identification:_identify(src/rmitbot_mapping) by extension 'colcon_meta'
[0.448s] Level 1:colcon.colcon_core.package_identification:_identify(src/rmitbot_mapping) by extensions ['ros']
[0.448s] Level 1:colcon.colcon_core.package_identification:_identify(src/rmitbot_mapping) by extension 'ros'
[0.449s] DEBUG:colcon.colcon_core.package_identification:Package 'src/rmitbot_mapping' with type 'ros.ament_cmake' and name 'rmitbot_mapping'
[0.449s] Level 1:colcon.colcon_core.package_identification:_identify(src/rmitbot_navigation) by extensions ['ignore', 'ignore_ament_install']
[0.449s] Level 1:colcon.colcon_core.package_identification:_identify(src/rmitbot_navigation) by extension 'ignore'
[0.450s] Level 1:colcon.colcon_core.package_identification:_identify(src/rmitbot_navigation) by extension 'ignore_ament_install'
[0.450s] Level 1:colcon.colcon_core.package_identification:_identify(src/rmitbot_navigation) by extensions ['colcon_pkg']
[0.450s] Level 1:colcon.colcon_core.package_identification:_identify(src/rmitbot_navigation) by extension 'colcon_pkg'
[0.450s] Level 1:colcon.colcon_core.package_identification:_identify(src/rmitbot_navigation) by extensions ['colcon_meta']
[0.450s] Level 1:colcon.colcon_core.package_identification:_identify(src/rmitbot_navigation) by extension 'colcon_meta'
[0.451s] Level 1:colcon.colcon_core.package_identification:_identify(src/rmitbot_navigation) by extensions ['ros']
[0.451s] Level 1:colcon.colcon_core.package_identification:_identify(src/rmitbot_navigation) by extension 'ros'
[0.452s] DEBUG:colcon.colcon_core.package_identification:Package 'src/rmitbot_navigation' with type 'ros.ament_cmake' and name 'rmitbot_navigation'
[0.452s] Level 1:colcon.colcon_core.package_discovery:discover_packages(recursive) using defaults
[0.453s] Level 1:colcon.colcon_core.package_discovery:discover_packages(ignore) discover
[0.453s] Level 1:colcon.colcon_core.package_discovery:discover_packages(ignore) using defaults
[0.453s] Level 1:colcon.colcon_core.package_discovery:discover_packages(path) discover
[0.453s] Level 1:colcon.colcon_core.package_discovery:discover_packages(path) using defaults
[0.501s] Level 1:colcon.colcon_core.package_discovery:discover_packages(prefix_path) check parameters
[0.501s] Level 1:colcon.colcon_core.package_discovery:discover_packages(prefix_path) discover
[0.507s] DEBUG:colcon.colcon_installed_package_information.package_discovery:Found 6 installed packages in /home/v120506/rmitbot_v4/lesson5_ws/install
[0.513s] DEBUG:colcon.colcon_installed_package_information.package_discovery:Found 444 installed packages in /opt/ros/jazzy
[0.518s] Level 1:colcon.colcon_core.package_discovery:discover_packages(prefix_path) using defaults
[0.674s] Level 5:colcon.colcon_core.verb:set package 'rmitbot_bringup' build argument 'cmake_args' from command line to 'None'
[0.674s] Level 5:colcon.colcon_core.verb:set package 'rmitbot_bringup' build argument 'cmake_target' from command line to 'None'
[0.674s] Level 5:colcon.colcon_core.verb:set package 'rmitbot_bringup' build argument 'cmake_target_skip_unavailable' from command line to 'False'
[0.674s] Level 5:colcon.colcon_core.verb:set package 'rmitbot_bringup' build argument 'cmake_clean_cache' from command line to 'False'
[0.674s] Level 5:colcon.colcon_core.verb:set package 'rmitbot_bringup' build argument 'cmake_clean_first' from command line to 'False'
[0.674s] Level 5:colcon.colcon_core.verb:set package 'rmitbot_bringup' build argument 'cmake_force_configure' from command line to 'False'
[0.674s] Level 5:colcon.colcon_core.verb:set package 'rmitbot_bringup' build argument 'ament_cmake_args' from command line to 'None'
[0.674s] Level 5:colcon.colcon_core.verb:set package 'rmitbot_bringup' build argument 'catkin_cmake_args' from command line to 'None'
[0.674s] Level 5:colcon.colcon_core.verb:set package 'rmitbot_bringup' build argument 'catkin_skip_building_tests' from command line to 'False'
[0.675s] DEBUG:colcon.colcon_core.verb:Building package 'rmitbot_bringup' with the following arguments: {'ament_cmake_args': None, 'build_base': '/home/v120506/rmitbot_v4/lesson5_ws/build/rmitbot_bringup', 'catkin_cmake_args': None, 'catkin_skip_building_tests': False, 'cmake_args': None, 'cmake_clean_cache': False, 'cmake_clean_first': False, 'cmake_force_configure': False, 'cmake_target': None, 'cmake_target_skip_unavailable': False, 'install_base': '/home/v120506/rmitbot_v4/lesson5_ws/install/rmitbot_bringup', 'merge_install': False, 'path': '/home/v120506/rmitbot_v4/lesson5_ws/src/rmitbot_bringup', 'symlink_install': False, 'test_result_base': None}
[0.675s] Level 5:colcon.colcon_core.verb:set package 'rmitbot_controller' build argument 'cmake_args' from command line to 'None'
[0.675s] Level 5:colcon.colcon_core.verb:set package 'rmitbot_controller' build argument 'cmake_target' from command line to 'None'
[0.675s] Level 5:colcon.colcon_core.verb:set package 'rmitbot_controller' build argument 'cmake_target_skip_unavailable' from command line to 'False'
[0.675s] Level 5:colcon.colcon_core.verb:set package 'rmitbot_controller' build argument 'cmake_clean_cache' from command line to 'False'
[0.676s] Level 5:colcon.colcon_core.verb:set package 'rmitbot_controller' build argument 'cmake_clean_first' from command line to 'False'
[0.676s] Level 5:colcon.colcon_core.verb:set package 'rmitbot_controller' build argument 'cmake_force_configure' from command line to 'False'
[0.676s] Level 5:colcon.colcon_core.verb:set package 'rmitbot_controller' build argument 'ament_cmake_args' from command line to 'None'
[0.676s] Level 5:colcon.colcon_core.verb:set package 'rmitbot_controller' build argument 'catkin_cmake_args' from command line to 'None'
[0.676s] Level 5:colcon.colcon_core.verb:set package 'rmitbot_controller' build argument 'catkin_skip_building_tests' from command line to 'False'
[0.676s] DEBUG:colcon.colcon_core.verb:Building package 'rmitbot_controller' with the following arguments: {'ament_cmake_args': None, 'build_base': '/home/v120506/rmitbot_v4/lesson5_ws/build/rmitbot_controller', 'catkin_cmake_args': None, 'catkin_skip_building_tests': False, 'cmake_args': None, 'cmake_clean_cache': False, 'cmake_clean_first': False, 'cmake_force_configure': False, 'cmake_target': None, 'cmake_target_skip_unavailable': False, 'install_base': '/home/v120506/rmitbot_v4/lesson5_ws/install/rmitbot_controller', 'merge_install': False, 'path': '/home/v120506/rmitbot_v4/lesson5_ws/src/rmitbot_controller', 'symlink_install': False, 'test_result_base': None}
[0.676s] Level 5:colcon.colcon_core.verb:set package 'rmitbot_description' build argument 'cmake_args' from command line to 'None'
[0.677s] Level 5:colcon.colcon_core.verb:set package 'rmitbot_description' build argument 'cmake_target' from command line to 'None'
[0.677s] Level 5:colcon.colcon_core.verb:set package 'rmitbot_description' build argument 'cmake_target_skip_unavailable' from command line to 'False'
[0.677s] Level 5:colcon.colcon_core.verb:set package 'rmitbot_description' build argument 'cmake_clean_cache' from command line to 'False'
[0.677s] Level 5:colcon.colcon_core.verb:set package 'rmitbot_description' build argument 'cmake_clean_first' from command line to 'False'
[0.677s] Level 5:colcon.colcon_core.verb:set package 'rmitbot_description' build argument 'cmake_force_configure' from command line to 'False'
[0.677s] Level 5:colcon.colcon_core.verb:set package 'rmitbot_description' build argument 'ament_cmake_args' from command line to 'None'
[0.677s] Level 5:colcon.colcon_core.verb:set package 'rmitbot_description' build argument 'catkin_cmake_args' from command line to 'None'
[0.677s] Level 5:colcon.colcon_core.verb:set package 'rmitbot_description' build argument 'catkin_skip_building_tests' from command line to 'False'
[0.677s] DEBUG:colcon.colcon_core.verb:Building package 'rmitbot_description' with the following arguments: {'ament_cmake_args': None, 'build_base': '/home/v120506/rmitbot_v4/lesson5_ws/build/rmitbot_description', 'catkin_cmake_args': None, 'catkin_skip_building_tests': False, 'cmake_args': None, 'cmake_clean_cache': False, 'cmake_clean_first': False, 'cmake_force_configure': False, 'cmake_target': None, 'cmake_target_skip_unavailable': False, 'install_base': '/home/v120506/rmitbot_v4/lesson5_ws/install/rmitbot_description', 'merge_install': False, 'path': '/home/v120506/rmitbot_v4/lesson5_ws/src/rmitbot_description', 'symlink_install': False, 'test_result_base': None}
[0.677s] Level 5:colcon.colcon_core.verb:set package 'rmitbot_localization' build argument 'cmake_args' from command line to 'None'
[0.678s] Level 5:colcon.colcon_core.verb:set package 'rmitbot_localization' build argument 'cmake_target' from command line to 'None'
[0.678s] Level 5:colcon.colcon_core.verb:set package 'rmitbot_localization' build argument 'cmake_target_skip_unavailable' from command line to 'False'
[0.678s] Level 5:colcon.colcon_core.verb:set package 'rmitbot_localization' build argument 'cmake_clean_cache' from command line to 'False'
[0.678s] Level 5:colcon.colcon_core.verb:set package 'rmitbot_localization' build argument 'cmake_clean_first' from command line to 'False'
[0.678s] Level 5:colcon.colcon_core.verb:set package 'rmitbot_localization' build argument 'cmake_force_configure' from command line to 'False'
[0.678s] Level 5:colcon.colcon_core.verb:set package 'rmitbot_localization' build argument 'ament_cmake_args' from command line to 'None'
[0.678s] Level 5:colcon.colcon_core.verb:set package 'rmitbot_localization' build argument 'catkin_cmake_args' from command line to 'None'
[0.678s] Level 5:colcon.colcon_core.verb:set package 'rmitbot_localization' build argument 'catkin_skip_building_tests' from command line to 'False'
[0.678s] DEBUG:colcon.colcon_core.verb:Building package 'rmitbot_localization' with the following arguments: {'ament_cmake_args': None, 'build_base': '/home/v120506/rmitbot_v4/lesson5_ws/build/rmitbot_localization', 'catkin_cmake_args': None, 'catkin_skip_building_tests': False, 'cmake_args': None, 'cmake_clean_cache': False, 'cmake_clean_first': False, 'cmake_force_configure': False, 'cmake_target': None, 'cmake_target_skip_unavailable': False, 'install_base': '/home/v120506/rmitbot_v4/lesson5_ws/install/rmitbot_localization', 'merge_install': False, 'path': '/home/v120506/rmitbot_v4/lesson5_ws/src/rmitbot_localization', 'symlink_install': False, 'test_result_base': None}
[0.679s] Level 5:colcon.colcon_core.verb:set package 'rmitbot_mapping' build argument 'cmake_args' from command line to 'None'
[0.679s] Level 5:colcon.colcon_core.verb:set package 'rmitbot_mapping' build argument 'cmake_target' from command line to 'None'
[0.679s] Level 5:colcon.colcon_core.verb:set package 'rmitbot_mapping' build argument 'cmake_target_skip_unavailable' from command line to 'False'
[0.679s] Level 5:colcon.colcon_core.verb:set package 'rmitbot_mapping' build argument 'cmake_clean_cache' from command line to 'False'
[0.679s] Level 5:colcon.colcon_core.verb:set package 'rmitbot_mapping' build argument 'cmake_clean_first' from command line to 'False'
[0.679s] Level 5:colcon.colcon_core.verb:set package 'rmitbot_mapping' build argument 'cmake_force_configure' from command line to 'False'
[0.679s] Level 5:colcon.colcon_core.verb:set package 'rmitbot_mapping' build argument 'ament_cmake_args' from command line to 'None'
[0.679s] Level 5:colcon.colcon_core.verb:set package 'rmitbot_mapping' build argument 'catkin_cmake_args' from command line to 'None'
[0.679s] Level 5:colcon.colcon_core.verb:set package 'rmitbot_mapping' build argument 'catkin_skip_building_tests' from command line to 'False'
[0.679s] DEBUG:colcon.colcon_core.verb:Building package 'rmitbot_mapping' with the following arguments: {'ament_cmake_args': None, 'build_base': '/home/v120506/rmitbot_v4/lesson5_ws/build/rmitbot_mapping', 'catkin_cmake_args': None, 'catkin_skip_building_tests': False, 'cmake_args': None, 'cmake_clean_cache': False, 'cmake_clean_first': False, 'cmake_force_configure': False, 'cmake_target': None, 'cmake_target_skip_unavailable': False, 'install_base': '/home/v120506/rmitbot_v4/lesson5_ws/install/rmitbot_mapping', 'merge_install': False, 'path': '/home/v120506/rmitbot_v4/lesson5_ws/src/rmitbot_mapping', 'symlink_install': False, 'test_result_base': None}
[0.680s] Level 5:colcon.colcon_core.verb:set package 'rmitbot_navigation' build argument 'cmake_args' from command line to 'None'
[0.680s] Level 5:colcon.colcon_core.verb:set package 'rmitbot_navigation' build argument 'cmake_target' from command line to 'None'
[0.680s] Level 5:colcon.colcon_core.verb:set package 'rmitbot_navigation' build argument 'cmake_target_skip_unavailable' from command line to 'False'
[0.680s] Level 5:colcon.colcon_core.verb:set package 'rmitbot_navigation' build argument 'cmake_clean_cache' from command line to 'False'
[0.680s] Level 5:colcon.colcon_core.verb:set package 'rmitbot_navigation' build argument 'cmake_clean_first' from command line to 'False'
[0.680s] Level 5:colcon.colcon_core.verb:set package 'rmitbot_navigation' build argument 'cmake_force_configure' from command line to 'False'
[0.680s] Level 5:colcon.colcon_core.verb:set package 'rmitbot_navigation' build argument 'ament_cmake_args' from command line to 'None'
[0.680s] Level 5:colcon.colcon_core.verb:set package 'rmitbot_navigation' build argument 'catkin_cmake_args' from command line to 'None'
[0.680s] Level 5:colcon.colcon_core.verb:set package 'rmitbot_navigation' build argument 'catkin_skip_building_tests' from command line to 'False'
[0.680s] DEBUG:colcon.colcon_core.verb:Building package 'rmitbot_navigation' with the following arguments: {'ament_cmake_args': None, 'build_base': '/home/v120506/rmitbot_v4/lesson5_ws/build/rmitbot_navigation', 'catkin_cmake_args': None, 'catkin_skip_building_tests': False, 'cmake_args': None, 'cmake_clean_cache': False, 'cmake_clean_first': False, 'cmake_force_configure': False, 'cmake_target': None, 'cmake_target_skip_unavailable': False, 'install_base': '/home/v120506/rmitbot_v4/lesson5_ws/install/rmitbot_navigation', 'merge_install': False, 'path': '/home/v120506/rmitbot_v4/lesson5_ws/src/rmitbot_navigation', 'symlink_install': False, 'test_result_base': None}
[0.680s] INFO:colcon.colcon_core.executor:Executing jobs using 'parallel' executor
[0.684s] DEBUG:colcon.colcon_parallel_executor.executor.parallel:run_until_complete
[0.685s] INFO:colcon.colcon_ros.task.ament_cmake.build:Building ROS package in '/home/v120506/rmitbot_v4/lesson5_ws/src/rmitbot_bringup' with build type 'ament_cmake'
[0.685s] INFO:colcon.colcon_cmake.task.cmake.build:Building CMake package in '/home/v120506/rmitbot_v4/lesson5_ws/src/rmitbot_bringup'
[0.695s] INFO:colcon.colcon_core.plugin_system:Skipping extension 'colcon_core.shell.bat': Not used on non-Windows systems
[0.695s] INFO:colcon.colcon_core.shell:Skip shell extension 'powershell' for command environment: Not usable outside of PowerShell
[0.696s] DEBUG:colcon.colcon_core.shell:Skip shell extension 'dsv' for command environment
[0.709s] INFO:colcon.colcon_ros.task.ament_cmake.build:Building ROS package in '/home/v120506/rmitbot_v4/lesson5_ws/src/rmitbot_controller' with build type 'ament_cmake'
[0.710s] INFO:colcon.colcon_cmake.task.cmake.build:Building CMake package in '/home/v120506/rmitbot_v4/lesson5_ws/src/rmitbot_controller'
[0.710s] INFO:colcon.colcon_core.shell:Skip shell extension 'powershell' for command environment: Not usable outside of PowerShell
[0.710s] DEBUG:colcon.colcon_core.shell:Skip shell extension 'dsv' for command environment
[0.724s] INFO:colcon.colcon_ros.task.ament_cmake.build:Building ROS package in '/home/v120506/rmitbot_v4/lesson5_ws/src/rmitbot_description' with build type 'ament_cmake'
[0.724s] INFO:colcon.colcon_cmake.task.cmake.build:Building CMake package in '/home/v120506/rmitbot_v4/lesson5_ws/src/rmitbot_description'
[0.725s] INFO:colcon.colcon_core.shell:Skip shell extension 'powershell' for command environment: Not usable outside of PowerShell
[0.725s] DEBUG:colcon.colcon_core.shell:Skip shell extension 'dsv' for command environment
[0.743s] INFO:colcon.colcon_ros.task.ament_cmake.build:Building ROS package in '/home/v120506/rmitbot_v4/lesson5_ws/src/rmitbot_localization' with build type 'ament_cmake'
[0.744s] INFO:colcon.colcon_cmake.task.cmake.build:Building CMake package in '/home/v120506/rmitbot_v4/lesson5_ws/src/rmitbot_localization'
[0.744s] INFO:colcon.colcon_core.shell:Skip shell extension 'powershell' for command environment: Not usable outside of PowerShell
[0.744s] DEBUG:colcon.colcon_core.shell:Skip shell extension 'dsv' for command environment
[0.759s] INFO:colcon.colcon_ros.task.ament_cmake.build:Building ROS package in '/home/v120506/rmitbot_v4/lesson5_ws/src/rmitbot_mapping' with build type 'ament_cmake'
[0.760s] INFO:colcon.colcon_cmake.task.cmake.build:Building CMake package in '/home/v120506/rmitbot_v4/lesson5_ws/src/rmitbot_mapping'
[0.760s] INFO:colcon.colcon_core.shell:Skip shell extension 'powershell' for command environment: Not usable outside of PowerShell
[0.760s] DEBUG:colcon.colcon_core.shell:Skip shell extension 'dsv' for command environment
[0.776s] INFO:colcon.colcon_ros.task.ament_cmake.build:Building ROS package in '/home/v120506/rmitbot_v4/lesson5_ws/src/rmitbot_navigation' with build type 'ament_cmake'
[0.777s] INFO:colcon.colcon_cmake.task.cmake.build:Building CMake package in '/home/v120506/rmitbot_v4/lesson5_ws/src/rmitbot_navigation'
[0.777s] INFO:colcon.colcon_core.shell:Skip shell extension 'powershell' for command environment: Not usable outside of PowerShell
[0.778s] DEBUG:colcon.colcon_core.shell:Skip shell extension 'dsv' for command environment
[0.807s] DEBUG:colcon.colcon_core.event_handler.log_command:Invoking command in '/home/v120506/rmitbot_v4/lesson5_ws/build/rmitbot_bringup': CMAKE_PREFIX_PATH=${CMAKE_PREFIX_PATH}:/opt/ros/jazzy DEBUGINFOD_URLS=https://debuginfod.ubuntu.com /usr/bin/cmake --build /home/v120506/rmitbot_v4/lesson5_ws/build/rmitbot_bringup -- -j8 -l8
[0.815s] DEBUG:colcon.colcon_core.event_handler.log_command:Invoking command in '/home/v120506/rmitbot_v4/lesson5_ws/build/rmitbot_controller': CMAKE_PREFIX_PATH=${CMAKE_PREFIX_PATH}:/opt/ros/jazzy DEBUGINFOD_URLS=https://debuginfod.ubuntu.com /usr/bin/cmake --build /home/v120506/rmitbot_v4/lesson5_ws/build/rmitbot_controller -- -j8 -l8
[0.825s] DEBUG:colcon.colcon_core.event_handler.log_command:Invoking command in '/home/v120506/rmitbot_v4/lesson5_ws/build/rmitbot_description': CMAKE_PREFIX_PATH=${CMAKE_PREFIX_PATH}:/opt/ros/jazzy DEBUGINFOD_URLS=https://debuginfod.ubuntu.com /usr/bin/cmake --build /home/v120506/rmitbot_v4/lesson5_ws/build/rmitbot_description -- -j8 -l8
[0.833s] DEBUG:colcon.colcon_core.event_handler.log_command:Invoking command in '/home/v120506/rmitbot_v4/lesson5_ws/build/rmitbot_localization': CMAKE_PREFIX_PATH=${CMAKE_PREFIX_PATH}:/opt/ros/jazzy DEBUGINFOD_URLS=https://debuginfod.ubuntu.com /usr/bin/cmake --build /home/v120506/rmitbot_v4/lesson5_ws/build/rmitbot_localization -- -j8 -l8
[0.849s] DEBUG:colcon.colcon_core.event_handler.log_command:Invoking command in '/home/v120506/rmitbot_v4/lesson5_ws/build/rmitbot_mapping': CMAKE_PREFIX_PATH=${CMAKE_PREFIX_PATH}:/opt/ros/jazzy DEBUGINFOD_URLS=https://debuginfod.ubuntu.com /usr/bin/cmake --build /home/v120506/rmitbot_v4/lesson5_ws/build/rmitbot_mapping -- -j8 -l8
[0.896s] DEBUG:colcon.colcon_core.event_handler.log_command:Invoking command in '/home/v120506/rmitbot_v4/lesson5_ws/build/rmitbot_navigation': CMAKE_PREFIX_PATH=${CMAKE_PREFIX_PATH}:/opt/ros/jazzy DEBUGINFOD_URLS=https://debuginfod.ubuntu.com /usr/bin/cmake --build /home/v120506/rmitbot_v4/lesson5_ws/build/rmitbot_navigation -- -j8 -l8
[0.998s] DEBUG:colcon.colcon_core.event_handler.log_command:Invoked command in '/home/v120506/rmitbot_v4/lesson5_ws/build/rmitbot_description' returned '0': CMAKE_PREFIX_PATH=${CMAKE_PREFIX_PATH}:/opt/ros/jazzy DEBUGINFOD_URLS=https://debuginfod.ubuntu.com /usr/bin/cmake --build /home/v120506/rmitbot_v4/lesson5_ws/build/rmitbot_description -- -j8 -l8
[1.040s] DEBUG:colcon.colcon_core.event_handler.log_command:Invoking command in '/home/v120506/rmitbot_v4/lesson5_ws/build/rmitbot_description': CMAKE_PREFIX_PATH=${CMAKE_PREFIX_PATH}:/opt/ros/jazzy DEBUGINFOD_URLS=https://debuginfod.ubuntu.com /usr/bin/cmake --install /home/v120506/rmitbot_v4/lesson5_ws/build/rmitbot_description
[1.052s] DEBUG:colcon.colcon_core.event_handler.log_command:Invoked command in '/home/v120506/rmitbot_v4/lesson5_ws/build/rmitbot_bringup' returned '0': CMAKE_PREFIX_PATH=${CMAKE_PREFIX_PATH}:/opt/ros/jazzy DEBUGINFOD_URLS=https://debuginfod.ubuntu.com /usr/bin/cmake --build /home/v120506/rmitbot_v4/lesson5_ws/build/rmitbot_bringup -- -j8 -l8
[1.053s] DEBUG:colcon.colcon_core.event_handler.log_command:Invoking command in '/home/v120506/rmitbot_v4/lesson5_ws/build/rmitbot_bringup': CMAKE_PREFIX_PATH=${CMAKE_PREFIX_PATH}:/opt/ros/jazzy DEBUGINFOD_URLS=https://debuginfod.ubuntu.com /usr/bin/cmake --install /home/v120506/rmitbot_v4/lesson5_ws/build/rmitbot_bringup
[1.069s] DEBUG:colcon.colcon_core.event_handler.log_command:Invoked command in '/home/v120506/rmitbot_v4/lesson5_ws/build/rmitbot_controller' returned '0': CMAKE_PREFIX_PATH=${CMAKE_PREFIX_PATH}:/opt/ros/jazzy DEBUGINFOD_URLS=https://debuginfod.ubuntu.com /usr/bin/cmake --build /home/v120506/rmitbot_v4/lesson5_ws/build/rmitbot_controller -- -j8 -l8
[1.070s] DEBUG:colcon.colcon_core.event_handler.log_command:Invoking command in '/home/v120506/rmitbot_v4/lesson5_ws/build/rmitbot_controller': CMAKE_PREFIX_PATH=${CMAKE_PREFIX_PATH}:/opt/ros/jazzy DEBUGINFOD_URLS=https://debuginfod.ubuntu.com /usr/bin/cmake --install /home/v120506/rmitbot_v4/lesson5_ws/build/rmitbot_controller
[1.092s] DEBUG:colcon.colcon_core.event_handler.log_command:Invoked command in '/home/v120506/rmitbot_v4/lesson5_ws/build/rmitbot_localization' returned '0': CMAKE_PREFIX_PATH=${CMAKE_PREFIX_PATH}:/opt/ros/jazzy DEBUGINFOD_URLS=https://debuginfod.ubuntu.com /usr/bin/cmake --build /home/v120506/rmitbot_v4/lesson5_ws/build/rmitbot_localization -- -j8 -l8
[1.095s] Level 1:colcon.colcon_core.environment:create_environment_scripts_only(rmitbot_bringup)
[1.099s] DEBUG:colcon.colcon_core.event_handler.log_command:Invoking command in '/home/v120506/rmitbot_v4/lesson5_ws/build/rmitbot_localization': CMAKE_PREFIX_PATH=${CMAKE_PREFIX_PATH}:/opt/ros/jazzy DEBUGINFOD_URLS=https://debuginfod.ubuntu.com /usr/bin/cmake --install /home/v120506/rmitbot_v4/lesson5_ws/build/rmitbot_localization
[1.103s] Level 1:colcon.colcon_core.environment:checking '/home/v120506/rmitbot_v4/lesson5_ws/install/rmitbot_bringup' for CMake module files
[1.107s] Level 1:colcon.colcon_core.environment:checking '/home/v120506/rmitbot_v4/lesson5_ws/install/rmitbot_bringup' for CMake config files
[1.107s] Level 1:colcon.colcon_core.shell:create_environment_hook('rmitbot_bringup', 'cmake_prefix_path')
[1.108s] INFO:colcon.colcon_core.shell:Creating environment hook '/home/v120506/rmitbot_v4/lesson5_ws/install/rmitbot_bringup/share/rmitbot_bringup/hook/cmake_prefix_path.ps1'
[1.110s] INFO:colcon.colcon_core.shell:Creating environment descriptor '/home/v120506/rmitbot_v4/lesson5_ws/install/rmitbot_bringup/share/rmitbot_bringup/hook/cmake_prefix_path.dsv'
[1.113s] INFO:colcon.colcon_core.shell:Creating environment hook '/home/v120506/rmitbot_v4/lesson5_ws/install/rmitbot_bringup/share/rmitbot_bringup/hook/cmake_prefix_path.sh'
[1.115s] Level 1:colcon.colcon_core.environment:checking '/home/v120506/rmitbot_v4/lesson5_ws/install/rmitbot_bringup/bin'
[1.115s] Level 1:colcon.colcon_core.environment:checking '/home/v120506/rmitbot_v4/lesson5_ws/install/rmitbot_bringup/lib/pkgconfig/rmitbot_bringup.pc'
[1.116s] Level 1:colcon.colcon_core.environment:checking '/home/v120506/rmitbot_v4/lesson5_ws/install/rmitbot_bringup/lib/python3.12/site-packages'
[1.120s] Level 1:colcon.colcon_core.environment:checking '/home/v120506/rmitbot_v4/lesson5_ws/install/rmitbot_bringup/bin'
[1.121s] INFO:colcon.colcon_core.shell:Creating package script '/home/v120506/rmitbot_v4/lesson5_ws/install/rmitbot_bringup/share/rmitbot_bringup/package.ps1'
[1.123s] INFO:colcon.colcon_core.shell:Creating package descriptor '/home/v120506/rmitbot_v4/lesson5_ws/install/rmitbot_bringup/share/rmitbot_bringup/package.dsv'
[1.125s] DEBUG:colcon.colcon_core.event_handler.log_command:Invoked command in '/home/v120506/rmitbot_v4/lesson5_ws/build/rmitbot_bringup' returned '0': CMAKE_PREFIX_PATH=${CMAKE_PREFIX_PATH}:/opt/ros/jazzy DEBUGINFOD_URLS=https://debuginfod.ubuntu.com /usr/bin/cmake --install /home/v120506/rmitbot_v4/lesson5_ws/build/rmitbot_bringup
[1.128s] INFO:colcon.colcon_core.shell:Creating package script '/home/v120506/rmitbot_v4/lesson5_ws/install/rmitbot_bringup/share/rmitbot_bringup/package.sh'
[1.129s] INFO:colcon.colcon_core.shell:Creating package script '/home/v120506/rmitbot_v4/lesson5_ws/install/rmitbot_bringup/share/rmitbot_bringup/package.bash'
[1.137s] INFO:colcon.colcon_core.shell:Creating package script '/home/v120506/rmitbot_v4/lesson5_ws/install/rmitbot_bringup/share/rmitbot_bringup/package.zsh'
[1.138s] Level 1:colcon.colcon_core.environment:create_file_with_runtime_dependencies(/home/v120506/rmitbot_v4/lesson5_ws/install/rmitbot_bringup/share/colcon-core/packages/rmitbot_bringup)
[1.142s] Level 1:colcon.colcon_core.environment:create_environment_scripts_only(rmitbot_bringup)
[1.143s] Level 1:colcon.colcon_core.environment:checking '/home/v120506/rmitbot_v4/lesson5_ws/install/rmitbot_bringup' for CMake module files
[1.149s] Level 1:colcon.colcon_core.environment:checking '/home/v120506/rmitbot_v4/lesson5_ws/install/rmitbot_bringup' for CMake config files
[1.149s] Level 1:colcon.colcon_core.shell:create_environment_hook('rmitbot_bringup', 'cmake_prefix_path')
[1.150s] INFO:colcon.colcon_core.shell:Creating environment hook '/home/v120506/rmitbot_v4/lesson5_ws/install/rmitbot_bringup/share/rmitbot_bringup/hook/cmake_prefix_path.ps1'
[1.151s] INFO:colcon.colcon_core.shell:Creating environment descriptor '/home/v120506/rmitbot_v4/lesson5_ws/install/rmitbot_bringup/share/rmitbot_bringup/hook/cmake_prefix_path.dsv'
[1.155s] INFO:colcon.colcon_core.shell:Creating environment hook '/home/v120506/rmitbot_v4/lesson5_ws/install/rmitbot_bringup/share/rmitbot_bringup/hook/cmake_prefix_path.sh'
[1.156s] Level 1:colcon.colcon_core.environment:checking '/home/v120506/rmitbot_v4/lesson5_ws/install/rmitbot_bringup/bin'
[1.156s] Level 1:colcon.colcon_core.environment:checking '/home/v120506/rmitbot_v4/lesson5_ws/install/rmitbot_bringup/lib/pkgconfig/rmitbot_bringup.pc'
[1.157s] Level 1:colcon.colcon_core.environment:checking '/home/v120506/rmitbot_v4/lesson5_ws/install/rmitbot_bringup/lib/python3.12/site-packages'
[1.164s] Level 1:colcon.colcon_core.environment:checking '/home/v120506/rmitbot_v4/lesson5_ws/install/rmitbot_bringup/bin'
[1.165s] INFO:colcon.colcon_core.shell:Creating package script '/home/v120506/rmitbot_v4/lesson5_ws/install/rmitbot_bringup/share/rmitbot_bringup/package.ps1'
[1.166s] INFO:colcon.colcon_core.shell:Creating package descriptor '/home/v120506/rmitbot_v4/lesson5_ws/install/rmitbot_bringup/share/rmitbot_bringup/package.dsv'
[1.167s] INFO:colcon.colcon_core.shell:Creating package script '/home/v120506/rmitbot_v4/lesson5_ws/install/rmitbot_bringup/share/rmitbot_bringup/package.sh'
[1.168s] INFO:colcon.colcon_core.shell:Creating package script '/home/v120506/rmitbot_v4/lesson5_ws/install/rmitbot_bringup/share/rmitbot_bringup/package.bash'
[1.169s] INFO:colcon.colcon_core.shell:Creating package script '/home/v120506/rmitbot_v4/lesson5_ws/install/rmitbot_bringup/share/rmitbot_bringup/package.zsh'
[1.170s] Level 1:colcon.colcon_core.environment:create_file_with_runtime_dependencies(/home/v120506/rmitbot_v4/lesson5_ws/install/rmitbot_bringup/share/colcon-core/packages/rmitbot_bringup)
[1.172s] Level 1:colcon.colcon_core.environment:create_environment_scripts_only(rmitbot_description)
[1.173s] Level 1:colcon.colcon_core.environment:checking '/home/v120506/rmitbot_v4/lesson5_ws/install/rmitbot_description' for CMake module files
[1.175s] Level 1:colcon.colcon_core.environment:checking '/home/v120506/rmitbot_v4/lesson5_ws/install/rmitbot_description' for CMake config files
[1.175s] Level 1:colcon.colcon_core.shell:create_environment_hook('rmitbot_description', 'cmake_prefix_path')
[1.176s] INFO:colcon.colcon_core.shell:Creating environment hook '/home/v120506/rmitbot_v4/lesson5_ws/install/rmitbot_description/share/rmitbot_description/hook/cmake_prefix_path.ps1'
[1.176s] INFO:colcon.colcon_core.shell:Creating environment descriptor '/home/v120506/rmitbot_v4/lesson5_ws/install/rmitbot_description/share/rmitbot_description/hook/cmake_prefix_path.dsv'
[1.173s] DEBUG:colcon.colcon_core.event_handler.log_command:Invoked command in '/home/v120506/rmitbot_v4/lesson5_ws/build/rmitbot_description' returned '0': CMAKE_PREFIX_PATH=${CMAKE_PREFIX_PATH}:/opt/ros/jazzy DEBUGINFOD_URLS=https://debuginfod.ubuntu.com /usr/bin/cmake --install /home/v120506/rmitbot_v4/lesson5_ws/build/rmitbot_description
[1.178s] INFO:colcon.colcon_core.shell:Creating environment hook '/home/v120506/rmitbot_v4/lesson5_ws/install/rmitbot_description/share/rmitbot_description/hook/cmake_prefix_path.sh'
[1.179s] Level 1:colcon.colcon_core.environment:checking '/home/v120506/rmitbot_v4/lesson5_ws/install/rmitbot_description/bin'
[1.179s] Level 1:colcon.colcon_core.environment:checking '/home/v120506/rmitbot_v4/lesson5_ws/install/rmitbot_description/lib/pkgconfig/rmitbot_description.pc'
[1.179s] Level 1:colcon.colcon_core.environment:checking '/home/v120506/rmitbot_v4/lesson5_ws/install/rmitbot_description/lib/python3.12/site-packages'
[1.181s] Level 1:colcon.colcon_core.environment:checking '/home/v120506/rmitbot_v4/lesson5_ws/install/rmitbot_description/bin'
[1.182s] INFO:colcon.colcon_core.shell:Creating package script '/home/v120506/rmitbot_v4/lesson5_ws/install/rmitbot_description/share/rmitbot_description/package.ps1'
[1.185s] INFO:colcon.colcon_core.shell:Creating package descriptor '/home/v120506/rmitbot_v4/lesson5_ws/install/rmitbot_description/share/rmitbot_description/package.dsv'
[1.186s] INFO:colcon.colcon_core.shell:Creating package script '/home/v120506/rmitbot_v4/lesson5_ws/install/rmitbot_description/share/rmitbot_description/package.sh'
[1.187s] INFO:colcon.colcon_core.shell:Creating package script '/home/v120506/rmitbot_v4/lesson5_ws/install/rmitbot_description/share/rmitbot_description/package.bash'
[1.188s] INFO:colcon.colcon_core.shell:Creating package script '/home/v120506/rmitbot_v4/lesson5_ws/install/rmitbot_description/share/rmitbot_description/package.zsh'
[1.189s] Level 1:colcon.colcon_core.environment:create_file_with_runtime_dependencies(/home/v120506/rmitbot_v4/lesson5_ws/install/rmitbot_description/share/colcon-core/packages/rmitbot_description)
[1.190s] Level 1:colcon.colcon_core.environment:create_environment_scripts_only(rmitbot_description)
[1.190s] Level 1:colcon.colcon_core.environment:checking '/home/v120506/rmitbot_v4/lesson5_ws/install/rmitbot_description' for CMake module files
[1.249s] Level 1:colcon.colcon_core.environment:checking '/home/v120506/rmitbot_v4/lesson5_ws/install/rmitbot_description' for CMake config files
[1.250s] Level 1:colcon.colcon_core.shell:create_environment_hook('rmitbot_description', 'cmake_prefix_path')
[1.250s] INFO:colcon.colcon_core.shell:Creating environment hook '/home/v120506/rmitbot_v4/lesson5_ws/install/rmitbot_description/share/rmitbot_description/hook/cmake_prefix_path.ps1'
[1.253s] INFO:colcon.colcon_core.shell:Creating environment descriptor '/home/v120506/rmitbot_v4/lesson5_ws/install/rmitbot_description/share/rmitbot_description/hook/cmake_prefix_path.dsv'
[1.254s] INFO:colcon.colcon_core.shell:Creating environment hook '/home/v120506/rmitbot_v4/lesson5_ws/install/rmitbot_description/share/rmitbot_description/hook/cmake_prefix_path.sh'
[1.257s] Level 1:colcon.colcon_core.environment:checking '/home/v120506/rmitbot_v4/lesson5_ws/install/rmitbot_description/bin'
[1.257s] Level 1:colcon.colcon_core.environment:checking '/home/v120506/rmitbot_v4/lesson5_ws/install/rmitbot_description/lib/pkgconfig/rmitbot_description.pc'
[1.258s] Level 1:colcon.colcon_core.environment:checking '/home/v120506/rmitbot_v4/lesson5_ws/install/rmitbot_description/lib/python3.12/site-packages'
[1.261s] Level 1:colcon.colcon_core.environment:checking '/home/v120506/rmitbot_v4/lesson5_ws/install/rmitbot_description/bin'
[1.262s] INFO:colcon.colcon_core.shell:Creating package script '/home/v120506/rmitbot_v4/lesson5_ws/install/rmitbot_description/share/rmitbot_description/package.ps1'
[1.263s] INFO:colcon.colcon_core.shell:Creating package descriptor '/home/v120506/rmitbot_v4/lesson5_ws/install/rmitbot_description/share/rmitbot_description/package.dsv'
[1.270s] INFO:colcon.colcon_core.shell:Creating package script '/home/v120506/rmitbot_v4/lesson5_ws/install/rmitbot_description/share/rmitbot_description/package.sh'
[1.271s] INFO:colcon.colcon_core.shell:Creating package script '/home/v120506/rmitbot_v4/lesson5_ws/install/rmitbot_description/share/rmitbot_description/package.bash'
[1.273s] INFO:colcon.colcon_core.shell:Creating package script '/home/v120506/rmitbot_v4/lesson5_ws/install/rmitbot_description/share/rmitbot_description/package.zsh'
[1.276s] Level 1:colcon.colcon_core.environment:create_file_with_runtime_dependencies(/home/v120506/rmitbot_v4/lesson5_ws/install/rmitbot_description/share/colcon-core/packages/rmitbot_description)
[1.279s] DEBUG:colcon.colcon_core.event_handler.log_command:Invoked command in '/home/v120506/rmitbot_v4/lesson5_ws/build/rmitbot_mapping' returned '0': CMAKE_PREFIX_PATH=${CMAKE_PREFIX_PATH}:/opt/ros/jazzy DEBUGINFOD_URLS=https://debuginfod.ubuntu.com /usr/bin/cmake --build /home/v120506/rmitbot_v4/lesson5_ws/build/rmitbot_mapping -- -j8 -l8
[1.282s] DEBUG:colcon.colcon_core.event_handler.log_command:Invoking command in '/home/v120506/rmitbot_v4/lesson5_ws/build/rmitbot_mapping': CMAKE_PREFIX_PATH=${CMAKE_PREFIX_PATH}:/opt/ros/jazzy DEBUGINFOD_URLS=https://debuginfod.ubuntu.com /usr/bin/cmake --install /home/v120506/rmitbot_v4/lesson5_ws/build/rmitbot_mapping
[1.287s] Level 1:colcon.colcon_core.environment:create_environment_scripts_only(rmitbot_controller)
[1.288s] Level 1:colcon.colcon_core.environment:checking '/home/v120506/rmitbot_v4/lesson5_ws/install/rmitbot_controller' for CMake module files
[1.291s] DEBUG:colcon.colcon_core.event_handler.log_command:Invoked command in '/home/v120506/rmitbot_v4/lesson5_ws/build/rmitbot_controller' returned '0': CMAKE_PREFIX_PATH=${CMAKE_PREFIX_PATH}:/opt/ros/jazzy DEBUGINFOD_URLS=https://debuginfod.ubuntu.com /usr/bin/cmake --install /home/v120506/rmitbot_v4/lesson5_ws/build/rmitbot_controller
[1.293s] Level 1:colcon.colcon_core.environment:checking '/home/v120506/rmitbot_v4/lesson5_ws/install/rmitbot_controller' for CMake config files
[1.294s] Level 1:colcon.colcon_core.shell:create_environment_hook('rmitbot_controller', 'cmake_prefix_path')
[1.294s] INFO:colcon.colcon_core.shell:Creating environment hook '/home/v120506/rmitbot_v4/lesson5_ws/install/rmitbot_controller/share/rmitbot_controller/hook/cmake_prefix_path.ps1'
[1.295s] INFO:colcon.colcon_core.shell:Creating environment descriptor '/home/v120506/rmitbot_v4/lesson5_ws/install/rmitbot_controller/share/rmitbot_controller/hook/cmake_prefix_path.dsv'
[1.296s] INFO:colcon.colcon_core.shell:Creating environment hook '/home/v120506/rmitbot_v4/lesson5_ws/install/rmitbot_controller/share/rmitbot_controller/hook/cmake_prefix_path.sh'
[1.297s] Level 1:colcon.colcon_core.environment:checking '/home/v120506/rmitbot_v4/lesson5_ws/install/rmitbot_controller/bin'
[1.297s] Level 1:colcon.colcon_core.environment:checking '/home/v120506/rmitbot_v4/lesson5_ws/install/rmitbot_controller/lib/pkgconfig/rmitbot_controller.pc'
[1.298s] Level 1:colcon.colcon_core.environment:checking '/home/v120506/rmitbot_v4/lesson5_ws/install/rmitbot_controller/lib/python3.12/site-packages'
[1.298s] Level 1:colcon.colcon_core.environment:checking '/home/v120506/rmitbot_v4/lesson5_ws/install/rmitbot_controller/bin'
[1.299s] INFO:colcon.colcon_core.shell:Creating package script '/home/v120506/rmitbot_v4/lesson5_ws/install/rmitbot_controller/share/rmitbot_controller/package.ps1'
[1.300s] INFO:colcon.colcon_core.shell:Creating package descriptor '/home/v120506/rmitbot_v4/lesson5_ws/install/rmitbot_controller/share/rmitbot_controller/package.dsv'
[1.301s] INFO:colcon.colcon_core.shell:Creating package script '/home/v120506/rmitbot_v4/lesson5_ws/install/rmitbot_controller/share/rmitbot_controller/package.sh'
[1.301s] INFO:colcon.colcon_core.shell:Creating package script '/home/v120506/rmitbot_v4/lesson5_ws/install/rmitbot_controller/share/rmitbot_controller/package.bash'
[1.302s] INFO:colcon.colcon_core.shell:Creating package script '/home/v120506/rmitbot_v4/lesson5_ws/install/rmitbot_controller/share/rmitbot_controller/package.zsh'
[1.303s] Level 1:colcon.colcon_core.environment:create_file_with_runtime_dependencies(/home/v120506/rmitbot_v4/lesson5_ws/install/rmitbot_controller/share/colcon-core/packages/rmitbot_controller)
[1.304s] Level 1:colcon.colcon_core.environment:create_environment_scripts_only(rmitbot_controller)
[1.305s] Level 1:colcon.colcon_core.environment:checking '/home/v120506/rmitbot_v4/lesson5_ws/install/rmitbot_controller' for CMake module files
[1.306s] Level 1:colcon.colcon_core.environment:checking '/home/v120506/rmitbot_v4/lesson5_ws/install/rmitbot_controller' for CMake config files
[1.306s] Level 1:colcon.colcon_core.shell:create_environment_hook('rmitbot_controller', 'cmake_prefix_path')
[1.307s] INFO:colcon.colcon_core.shell:Creating environment hook '/home/v120506/rmitbot_v4/lesson5_ws/install/rmitbot_controller/share/rmitbot_controller/hook/cmake_prefix_path.ps1'
[1.308s] INFO:colcon.colcon_core.shell:Creating environment descriptor '/home/v120506/rmitbot_v4/lesson5_ws/install/rmitbot_controller/share/rmitbot_controller/hook/cmake_prefix_path.dsv'
[1.308s] INFO:colcon.colcon_core.shell:Creating environment hook '/home/v120506/rmitbot_v4/lesson5_ws/install/rmitbot_controller/share/rmitbot_controller/hook/cmake_prefix_path.sh'
[1.309s] Level 1:colcon.colcon_core.environment:checking '/home/v120506/rmitbot_v4/lesson5_ws/install/rmitbot_controller/bin'
[1.310s] Level 1:colcon.colcon_core.environment:checking '/home/v120506/rmitbot_v4/lesson5_ws/install/rmitbot_controller/lib/pkgconfig/rmitbot_controller.pc'
[1.310s] Level 1:colcon.colcon_core.environment:checking '/home/v120506/rmitbot_v4/lesson5_ws/install/rmitbot_controller/lib/python3.12/site-packages'
[1.311s] Level 1:colcon.colcon_core.environment:checking '/home/v120506/rmitbot_v4/lesson5_ws/install/rmitbot_controller/bin'
[1.311s] INFO:colcon.colcon_core.shell:Creating package script '/home/v120506/rmitbot_v4/lesson5_ws/install/rmitbot_controller/share/rmitbot_controller/package.ps1'
[1.312s] INFO:colcon.colcon_core.shell:Creating package descriptor '/home/v120506/rmitbot_v4/lesson5_ws/install/rmitbot_controller/share/rmitbot_controller/package.dsv'
[1.313s] INFO:colcon.colcon_core.shell:Creating package script '/home/v120506/rmitbot_v4/lesson5_ws/install/rmitbot_controller/share/rmitbot_controller/package.sh'
[1.314s] INFO:colcon.colcon_core.shell:Creating package script '/home/v120506/rmitbot_v4/lesson5_ws/install/rmitbot_controller/share/rmitbot_controller/package.bash'
[1.315s] INFO:colcon.colcon_core.shell:Creating package script '/home/v120506/rmitbot_v4/lesson5_ws/install/rmitbot_controller/share/rmitbot_controller/package.zsh'
[1.316s] Level 1:colcon.colcon_core.environment:create_file_with_runtime_dependencies(/home/v120506/rmitbot_v4/lesson5_ws/install/rmitbot_controller/share/colcon-core/packages/rmitbot_controller)
[1.316s] Level 1:colcon.colcon_core.environment:create_environment_scripts_only(rmitbot_localization)
[1.317s] Level 1:colcon.colcon_core.environment:checking '/home/v120506/rmitbot_v4/lesson5_ws/install/rmitbot_localization' for CMake module files
[1.318s] Level 1:colcon.colcon_core.environment:checking '/home/v120506/rmitbot_v4/lesson5_ws/install/rmitbot_localization' for CMake config files
[1.321s] DEBUG:colcon.colcon_core.event_handler.log_command:Invoked command in '/home/v120506/rmitbot_v4/lesson5_ws/build/rmitbot_localization' returned '0': CMAKE_PREFIX_PATH=${CMAKE_PREFIX_PATH}:/opt/ros/jazzy DEBUGINFOD_URLS=https://debuginfod.ubuntu.com /usr/bin/cmake --install /home/v120506/rmitbot_v4/lesson5_ws/build/rmitbot_localization
[1.323s] Level 1:colcon.colcon_core.shell:create_environment_hook('rmitbot_localization', 'cmake_prefix_path')
[1.323s] INFO:colcon.colcon_core.shell:Creating environment hook '/home/v120506/rmitbot_v4/lesson5_ws/install/rmitbot_localization/share/rmitbot_localization/hook/cmake_prefix_path.ps1'
[1.327s] INFO:colcon.colcon_core.shell:Creating environment descriptor '/home/v120506/rmitbot_v4/lesson5_ws/install/rmitbot_localization/share/rmitbot_localization/hook/cmake_prefix_path.dsv'
[1.328s] INFO:colcon.colcon_core.shell:Creating environment hook '/home/v120506/rmitbot_v4/lesson5_ws/install/rmitbot_localization/share/rmitbot_localization/hook/cmake_prefix_path.sh'
[1.333s] Level 1:colcon.colcon_core.environment:checking '/home/v120506/rmitbot_v4/lesson5_ws/install/rmitbot_localization/bin'
[1.333s] Level 1:colcon.colcon_core.environment:checking '/home/v120506/rmitbot_v4/lesson5_ws/install/rmitbot_localization/lib/pkgconfig/rmitbot_localization.pc'
[1.333s] Level 1:colcon.colcon_core.environment:checking '/home/v120506/rmitbot_v4/lesson5_ws/install/rmitbot_localization/lib/python3.12/site-packages'
[1.334s] Level 1:colcon.colcon_core.environment:checking '/home/v120506/rmitbot_v4/lesson5_ws/install/rmitbot_localization/bin'
[1.336s] INFO:colcon.colcon_core.shell:Creating package script '/home/v120506/rmitbot_v4/lesson5_ws/install/rmitbot_localization/share/rmitbot_localization/package.ps1'
[1.337s] INFO:colcon.colcon_core.shell:Creating package descriptor '/home/v120506/rmitbot_v4/lesson5_ws/install/rmitbot_localization/share/rmitbot_localization/package.dsv'
[1.341s] INFO:colcon.colcon_core.shell:Creating package script '/home/v120506/rmitbot_v4/lesson5_ws/install/rmitbot_localization/share/rmitbot_localization/package.sh'
[1.342s] INFO:colcon.colcon_core.shell:Creating package script '/home/v120506/rmitbot_v4/lesson5_ws/install/rmitbot_localization/share/rmitbot_localization/package.bash'
[1.343s] INFO:colcon.colcon_core.shell:Creating package script '/home/v120506/rmitbot_v4/lesson5_ws/install/rmitbot_localization/share/rmitbot_localization/package.zsh'
[1.344s] Level 1:colcon.colcon_core.environment:create_file_with_runtime_dependencies(/home/v120506/rmitbot_v4/lesson5_ws/install/rmitbot_localization/share/colcon-core/packages/rmitbot_localization)
[1.345s] Level 1:colcon.colcon_core.environment:create_environment_scripts_only(rmitbot_localization)
[1.346s] Level 1:colcon.colcon_core.environment:checking '/home/v120506/rmitbot_v4/lesson5_ws/install/rmitbot_localization' for CMake module files
[1.347s] Level 1:colcon.colcon_core.environment:checking '/home/v120506/rmitbot_v4/lesson5_ws/install/rmitbot_localization' for CMake config files
[1.348s] Level 1:colcon.colcon_core.shell:create_environment_hook('rmitbot_localization', 'cmake_prefix_path')
[1.350s] INFO:colcon.colcon_core.shell:Creating environment hook '/home/v120506/rmitbot_v4/lesson5_ws/install/rmitbot_localization/share/rmitbot_localization/hook/cmake_prefix_path.ps1'
[1.351s] INFO:colcon.colcon_core.shell:Creating environment descriptor '/home/v120506/rmitbot_v4/lesson5_ws/install/rmitbot_localization/share/rmitbot_localization/hook/cmake_prefix_path.dsv'
[1.352s] INFO:colcon.colcon_core.shell:Creating environment hook '/home/v120506/rmitbot_v4/lesson5_ws/install/rmitbot_localization/share/rmitbot_localization/hook/cmake_prefix_path.sh'
[1.357s] Level 1:colcon.colcon_core.environment:checking '/home/v120506/rmitbot_v4/lesson5_ws/install/rmitbot_localization/bin'
[1.357s] Level 1:colcon.colcon_core.environment:checking '/home/v120506/rmitbot_v4/lesson5_ws/install/rmitbot_localization/lib/pkgconfig/rmitbot_localization.pc'
[1.358s] Level 1:colcon.colcon_core.environment:checking '/home/v120506/rmitbot_v4/lesson5_ws/install/rmitbot_localization/lib/python3.12/site-packages'
[1.358s] Level 1:colcon.colcon_core.environment:checking '/home/v120506/rmitbot_v4/lesson5_ws/install/rmitbot_localization/bin'
[1.365s] INFO:colcon.colcon_core.shell:Creating package script '/home/v120506/rmitbot_v4/lesson5_ws/install/rmitbot_localization/share/rmitbot_localization/package.ps1'
[1.366s] INFO:colcon.colcon_core.shell:Creating package descriptor '/home/v120506/rmitbot_v4/lesson5_ws/install/rmitbot_localization/share/rmitbot_localization/package.dsv'
[1.368s] INFO:colcon.colcon_core.shell:Creating package script '/home/v120506/rmitbot_v4/lesson5_ws/install/rmitbot_localization/share/rmitbot_localization/package.sh'
[1.369s] INFO:colcon.colcon_core.shell:Creating package script '/home/v120506/rmitbot_v4/lesson5_ws/install/rmitbot_localization/share/rmitbot_localization/package.bash'
[1.370s] INFO:colcon.colcon_core.shell:Creating package script '/home/v120506/rmitbot_v4/lesson5_ws/install/rmitbot_localization/share/rmitbot_localization/package.zsh'
[1.371s] Level 1:colcon.colcon_core.environment:create_file_with_runtime_dependencies(/home/v120506/rmitbot_v4/lesson5_ws/install/rmitbot_localization/share/colcon-core/packages/rmitbot_localization)
[1.375s] DEBUG:colcon.colcon_core.event_handler.log_command:Invoked command in '/home/v120506/rmitbot_v4/lesson5_ws/build/rmitbot_navigation' returned '0': CMAKE_PREFIX_PATH=${CMAKE_PREFIX_PATH}:/opt/ros/jazzy DEBUGINFOD_URLS=https://debuginfod.ubuntu.com /usr/bin/cmake --build /home/v120506/rmitbot_v4/lesson5_ws/build/rmitbot_navigation -- -j8 -l8
[1.376s] DEBUG:colcon.colcon_core.event_handler.log_command:Invoking command in '/home/v120506/rmitbot_v4/lesson5_ws/build/rmitbot_navigation': CMAKE_PREFIX_PATH=${CMAKE_PREFIX_PATH}:/opt/ros/jazzy DEBUGINFOD_URLS=https://debuginfod.ubuntu.com /usr/bin/cmake --install /home/v120506/rmitbot_v4/lesson5_ws/build/rmitbot_navigation
[1.377s] Level 1:colcon.colcon_core.environment:create_environment_scripts_only(rmitbot_mapping)
[1.378s] Level 1:colcon.colcon_core.environment:checking '/home/v120506/rmitbot_v4/lesson5_ws/install/rmitbot_mapping' for CMake module files
[1.379s] DEBUG:colcon.colcon_core.event_handler.log_command:Invoked command in '/home/v120506/rmitbot_v4/lesson5_ws/build/rmitbot_mapping' returned '0': CMAKE_PREFIX_PATH=${CMAKE_PREFIX_PATH}:/opt/ros/jazzy DEBUGINFOD_URLS=https://debuginfod.ubuntu.com /usr/bin/cmake --install /home/v120506/rmitbot_v4/lesson5_ws/build/rmitbot_mapping
[1.380s] Level 1:colcon.colcon_core.environment:checking '/home/v120506/rmitbot_v4/lesson5_ws/install/rmitbot_mapping' for CMake config files
[1.380s] Level 1:colcon.colcon_core.shell:create_environment_hook('rmitbot_mapping', 'cmake_prefix_path')
[1.381s] INFO:colcon.colcon_core.shell:Creating environment hook '/home/v120506/rmitbot_v4/lesson5_ws/install/rmitbot_mapping/share/rmitbot_mapping/hook/cmake_prefix_path.ps1'
[1.382s] INFO:colcon.colcon_core.shell:Creating environment descriptor '/home/v120506/rmitbot_v4/lesson5_ws/install/rmitbot_mapping/share/rmitbot_mapping/hook/cmake_prefix_path.dsv'
[1.382s] INFO:colcon.colcon_core.shell:Creating environment hook '/home/v120506/rmitbot_v4/lesson5_ws/install/rmitbot_mapping/share/rmitbot_mapping/hook/cmake_prefix_path.sh'
[1.384s] Level 1:colcon.colcon_core.environment:checking '/home/v120506/rmitbot_v4/lesson5_ws/install/rmitbot_mapping/bin'
[1.384s] Level 1:colcon.colcon_core.environment:checking '/home/v120506/rmitbot_v4/lesson5_ws/install/rmitbot_mapping/lib/pkgconfig/rmitbot_mapping.pc'
[1.384s] Level 1:colcon.colcon_core.environment:checking '/home/v120506/rmitbot_v4/lesson5_ws/install/rmitbot_mapping/lib/python3.12/site-packages'
[1.385s] Level 1:colcon.colcon_core.environment:checking '/home/v120506/rmitbot_v4/lesson5_ws/install/rmitbot_mapping/bin'
[1.386s] INFO:colcon.colcon_core.shell:Creating package script '/home/v120506/rmitbot_v4/lesson5_ws/install/rmitbot_mapping/share/rmitbot_mapping/package.ps1'
[1.387s] INFO:colcon.colcon_core.shell:Creating package descriptor '/home/v120506/rmitbot_v4/lesson5_ws/install/rmitbot_mapping/share/rmitbot_mapping/package.dsv'
[1.388s] INFO:colcon.colcon_core.shell:Creating package script '/home/v120506/rmitbot_v4/lesson5_ws/install/rmitbot_mapping/share/rmitbot_mapping/package.sh'
[1.388s] INFO:colcon.colcon_core.shell:Creating package script '/home/v120506/rmitbot_v4/lesson5_ws/install/rmitbot_mapping/share/rmitbot_mapping/package.bash'
[1.389s] INFO:colcon.colcon_core.shell:Creating package script '/home/v120506/rmitbot_v4/lesson5_ws/install/rmitbot_mapping/share/rmitbot_mapping/package.zsh'
[1.390s] Level 1:colcon.colcon_core.environment:create_file_with_runtime_dependencies(/home/v120506/rmitbot_v4/lesson5_ws/install/rmitbot_mapping/share/colcon-core/packages/rmitbot_mapping)
[1.391s] Level 1:colcon.colcon_core.environment:create_environment_scripts_only(rmitbot_mapping)
[1.391s] Level 1:colcon.colcon_core.environment:checking '/home/v120506/rmitbot_v4/lesson5_ws/install/rmitbot_mapping' for CMake module files
[1.392s] Level 1:colcon.colcon_core.environment:checking '/home/v120506/rmitbot_v4/lesson5_ws/install/rmitbot_mapping' for CMake config files
[1.396s] Level 1:colcon.colcon_core.shell:create_environment_hook('rmitbot_mapping', 'cmake_prefix_path')
[1.397s] INFO:colcon.colcon_core.shell:Creating environment hook '/home/v120506/rmitbot_v4/lesson5_ws/install/rmitbot_mapping/share/rmitbot_mapping/hook/cmake_prefix_path.ps1'
[1.401s] INFO:colcon.colcon_core.shell:Creating environment descriptor '/home/v120506/rmitbot_v4/lesson5_ws/install/rmitbot_mapping/share/rmitbot_mapping/hook/cmake_prefix_path.dsv'
[1.402s] INFO:colcon.colcon_core.shell:Creating environment hook '/home/v120506/rmitbot_v4/lesson5_ws/install/rmitbot_mapping/share/rmitbot_mapping/hook/cmake_prefix_path.sh'
[1.403s] Level 1:colcon.colcon_core.environment:checking '/home/v120506/rmitbot_v4/lesson5_ws/install/rmitbot_mapping/bin'
[1.403s] Level 1:colcon.colcon_core.environment:checking '/home/v120506/rmitbot_v4/lesson5_ws/install/rmitbot_mapping/lib/pkgconfig/rmitbot_mapping.pc'
[1.404s] Level 1:colcon.colcon_core.environment:checking '/home/v120506/rmitbot_v4/lesson5_ws/install/rmitbot_mapping/lib/python3.12/site-packages'
[1.405s] Level 1:colcon.colcon_core.environment:checking '/home/v120506/rmitbot_v4/lesson5_ws/install/rmitbot_mapping/bin'
[1.405s] INFO:colcon.colcon_core.shell:Creating package script '/home/v120506/rmitbot_v4/lesson5_ws/install/rmitbot_mapping/share/rmitbot_mapping/package.ps1'
[1.406s] INFO:colcon.colcon_core.shell:Creating package descriptor '/home/v120506/rmitbot_v4/lesson5_ws/install/rmitbot_mapping/share/rmitbot_mapping/package.dsv'
[1.407s] INFO:colcon.colcon_core.shell:Creating package script '/home/v120506/rmitbot_v4/lesson5_ws/install/rmitbot_mapping/share/rmitbot_mapping/package.sh'
[1.408s] INFO:colcon.colcon_core.shell:Creating package script '/home/v120506/rmitbot_v4/lesson5_ws/install/rmitbot_mapping/share/rmitbot_mapping/package.bash'
[1.409s] INFO:colcon.colcon_core.shell:Creating package script '/home/v120506/rmitbot_v4/lesson5_ws/install/rmitbot_mapping/share/rmitbot_mapping/package.zsh'
[1.410s] Level 1:colcon.colcon_core.environment:create_file_with_runtime_dependencies(/home/v120506/rmitbot_v4/lesson5_ws/install/rmitbot_mapping/share/colcon-core/packages/rmitbot_mapping)
[1.411s] Level 1:colcon.colcon_core.environment:create_environment_scripts_only(rmitbot_navigation)
[1.412s] Level 1:colcon.colcon_core.environment:checking '/home/v120506/rmitbot_v4/lesson5_ws/install/rmitbot_navigation' for CMake module files
[1.413s] Level 1:colcon.colcon_core.environment:checking '/home/v120506/rmitbot_v4/lesson5_ws/install/rmitbot_navigation' for CMake config files
[1.413s] Level 1:colcon.colcon_core.shell:create_environment_hook('rmitbot_navigation', 'cmake_prefix_path')
[1.414s] INFO:colcon.colcon_core.shell:Creating environment hook '/home/v120506/rmitbot_v4/lesson5_ws/install/rmitbot_navigation/share/rmitbot_navigation/hook/cmake_prefix_path.ps1'
[1.415s] DEBUG:colcon.colcon_core.event_handler.log_command:Invoked command in '/home/v120506/rmitbot_v4/lesson5_ws/build/rmitbot_navigation' returned '0': CMAKE_PREFIX_PATH=${CMAKE_PREFIX_PATH}:/opt/ros/jazzy DEBUGINFOD_URLS=https://debuginfod.ubuntu.com /usr/bin/cmake --install /home/v120506/rmitbot_v4/lesson5_ws/build/rmitbot_navigation
[1.416s] INFO:colcon.colcon_core.shell:Creating environment descriptor '/home/v120506/rmitbot_v4/lesson5_ws/install/rmitbot_navigation/share/rmitbot_navigation/hook/cmake_prefix_path.dsv'
[1.416s] INFO:colcon.colcon_core.shell:Creating environment hook '/home/v120506/rmitbot_v4/lesson5_ws/install/rmitbot_navigation/share/rmitbot_navigation/hook/cmake_prefix_path.sh'
[1.418s] Level 1:colcon.colcon_core.environment:checking '/home/v120506/rmitbot_v4/lesson5_ws/install/rmitbot_navigation/bin'
[1.418s] Level 1:colcon.colcon_core.environment:checking '/home/v120506/rmitbot_v4/lesson5_ws/install/rmitbot_navigation/lib/pkgconfig/rmitbot_navigation.pc'
[1.418s] Level 1:colcon.colcon_core.environment:checking '/home/v120506/rmitbot_v4/lesson5_ws/install/rmitbot_navigation/lib/python3.12/site-packages'
[1.419s] Level 1:colcon.colcon_core.environment:checking '/home/v120506/rmitbot_v4/lesson5_ws/install/rmitbot_navigation/bin'
[1.420s] INFO:colcon.colcon_core.shell:Creating package script '/home/v120506/rmitbot_v4/lesson5_ws/install/rmitbot_navigation/share/rmitbot_navigation/package.ps1'
[1.421s] INFO:colcon.colcon_core.shell:Creating package descriptor '/home/v120506/rmitbot_v4/lesson5_ws/install/rmitbot_navigation/share/rmitbot_navigation/package.dsv'
[1.422s] INFO:colcon.colcon_core.shell:Creating package script '/home/v120506/rmitbot_v4/lesson5_ws/install/rmitbot_navigation/share/rmitbot_navigation/package.sh'
[1.422s] INFO:colcon.colcon_core.shell:Creating package script '/home/v120506/rmitbot_v4/lesson5_ws/install/rmitbot_navigation/share/rmitbot_navigation/package.bash'
[1.423s] INFO:colcon.colcon_core.shell:Creating package script '/home/v120506/rmitbot_v4/lesson5_ws/install/rmitbot_navigation/share/rmitbot_navigation/package.zsh'
[1.424s] Level 1:colcon.colcon_core.environment:create_file_with_runtime_dependencies(/home/v120506/rmitbot_v4/lesson5_ws/install/rmitbot_navigation/share/colcon-core/packages/rmitbot_navigation)
[1.425s] Level 1:colcon.colcon_core.environment:create_environment_scripts_only(rmitbot_navigation)
[1.425s] Level 1:colcon.colcon_core.environment:checking '/home/v120506/rmitbot_v4/lesson5_ws/install/rmitbot_navigation' for CMake module files
[1.430s] Level 1:colcon.colcon_core.environment:checking '/home/v120506/rmitbot_v4/lesson5_ws/install/rmitbot_navigation' for CMake config files
[1.430s] Level 1:colcon.colcon_core.shell:create_environment_hook('rmitbot_navigation', 'cmake_prefix_path')
[1.431s] INFO:colcon.colcon_core.shell:Creating environment hook '/home/v120506/rmitbot_v4/lesson5_ws/install/rmitbot_navigation/share/rmitbot_navigation/hook/cmake_prefix_path.ps1'
[1.432s] INFO:colcon.colcon_core.shell:Creating environment descriptor '/home/v120506/rmitbot_v4/lesson5_ws/install/rmitbot_navigation/share/rmitbot_navigation/hook/cmake_prefix_path.dsv'
[1.433s] INFO:colcon.colcon_core.shell:Creating environment hook '/home/v120506/rmitbot_v4/lesson5_ws/install/rmitbot_navigation/share/rmitbot_navigation/hook/cmake_prefix_path.sh'
[1.434s] Level 1:colcon.colcon_core.environment:checking '/home/v120506/rmitbot_v4/lesson5_ws/install/rmitbot_navigation/bin'
[1.434s] Level 1:colcon.colcon_core.environment:checking '/home/v120506/rmitbot_v4/lesson5_ws/install/rmitbot_navigation/lib/pkgconfig/rmitbot_navigation.pc'
[1.435s] Level 1:colcon.colcon_core.environment:checking '/home/v120506/rmitbot_v4/lesson5_ws/install/rmitbot_navigation/lib/python3.12/site-packages'
[1.435s] Level 1:colcon.colcon_core.environment:checking '/home/v120506/rmitbot_v4/lesson5_ws/install/rmitbot_navigation/bin'
[1.436s] INFO:colcon.colcon_core.shell:Creating package script '/home/v120506/rmitbot_v4/lesson5_ws/install/rmitbot_navigation/share/rmitbot_navigation/package.ps1'
[1.437s] INFO:colcon.colcon_core.shell:Creating package descriptor '/home/v120506/rmitbot_v4/lesson5_ws/install/rmitbot_navigation/share/rmitbot_navigation/package.dsv'
[1.438s] INFO:colcon.colcon_core.shell:Creating package script '/home/v120506/rmitbot_v4/lesson5_ws/install/rmitbot_navigation/share/rmitbot_navigation/package.sh'
[1.439s] INFO:colcon.colcon_core.shell:Creating package script '/home/v120506/rmitbot_v4/lesson5_ws/install/rmitbot_navigation/share/rmitbot_navigation/package.bash'
[1.440s] INFO:colcon.colcon_core.shell:Creating package script '/home/v120506/rmitbot_v4/lesson5_ws/install/rmitbot_navigation/share/rmitbot_navigation/package.zsh'
[1.440s] Level 1:colcon.colcon_core.environment:create_file_with_runtime_dependencies(/home/v120506/rmitbot_v4/lesson5_ws/install/rmitbot_navigation/share/colcon-core/packages/rmitbot_navigation)
[1.442s] DEBUG:colcon.colcon_parallel_executor.executor.parallel:closing loop
[1.443s] DEBUG:colcon.colcon_parallel_executor.executor.parallel:loop closed
[1.444s] DEBUG:colcon.colcon_parallel_executor.executor.parallel:run_until_complete finished with '0'
[1.444s] DEBUG:colcon.colcon_core.event_reactor:joining thread
[1.456s] INFO:colcon.colcon_core.plugin_system:Skipping extension 'colcon_notification.desktop_notification.terminal_notifier': Not used on non-Darwin systems
[1.456s] INFO:colcon.colcon_core.plugin_system:Skipping extension 'colcon_notification.desktop_notification.win32': Not used on non-Windows systems
[1.456s] INFO:colcon.colcon_notification.desktop_notification:Sending desktop notification using 'notify2'
[1.475s] DEBUG:colcon.colcon_core.event_reactor:joined thread
[1.477s] INFO:colcon.colcon_core.shell:Creating prefix script '/home/v120506/rmitbot_v4/lesson5_ws/install/local_setup.ps1'
[1.480s] INFO:colcon.colcon_core.shell:Creating prefix util module '/home/v120506/rmitbot_v4/lesson5_ws/install/_local_setup_util_ps1.py'
[1.487s] INFO:colcon.colcon_core.shell:Creating prefix chain script '/home/v120506/rmitbot_v4/lesson5_ws/install/setup.ps1'
[1.490s] INFO:colcon.colcon_core.shell:Creating prefix script '/home/v120506/rmitbot_v4/lesson5_ws/install/local_setup.sh'
[1.492s] INFO:colcon.colcon_core.shell:Creating prefix util module '/home/v120506/rmitbot_v4/lesson5_ws/install/_local_setup_util_sh.py'
[1.494s] INFO:colcon.colcon_core.shell:Creating prefix chain script '/home/v120506/rmitbot_v4/lesson5_ws/install/setup.sh'
[1.498s] INFO:colcon.colcon_core.shell:Creating prefix script '/home/v120506/rmitbot_v4/lesson5_ws/install/local_setup.bash'
[1.500s] INFO:colcon.colcon_core.shell:Creating prefix chain script '/home/v120506/rmitbot_v4/lesson5_ws/install/setup.bash'
[1.503s] INFO:colcon.colcon_core.shell:Creating prefix script '/home/v120506/rmitbot_v4/lesson5_ws/install/local_setup.zsh'
[1.505s] INFO:colcon.colcon_core.shell:Creating prefix chain script '/home/v120506/rmitbot_v4/lesson5_ws/install/setup.zsh'
