[0.276s] DEBUG:colcon:Command line arguments: ['/usr/bin/colcon', 'build']
[0.276s] DEBUG:colcon:Parsed command line arguments: Namespace(log_base=None, log_level=None, verb_name='build', build_base='build', install_base='install', merge_install=False, symlink_install=False, test_result_base=None, continue_on_error=False, executor='parallel', parallel_workers=8, event_handlers=None, ignore_user_meta=False, metas=['./colcon.meta'], base_paths=['.'], packages_ignore=None, packages_ignore_regex=None, paths=None, packages_up_to=None, packages_up_to_regex=None, packages_above=None, packages_above_and_dependencies=None, packages_above_depth=None, packages_select_by_dep=None, packages_skip_by_dep=None, packages_skip_up_to=None, packages_select_build_failed=False, packages_skip_build_finished=False, packages_select_test_failures=False, packages_skip_test_passed=False, packages_select=None, packages_skip=None, packages_select_regex=None, packages_skip_regex=None, packages_start=None, packages_end=None, allow_overriding=[], cmake_args=None, cmake_target=None, cmake_target_skip_unavailable=False, cmake_clean_cache=False, cmake_clean_first=False, cmake_force_configure=False, ament_cmake_args=None, catkin_cmake_args=None, catkin_skip_building_tests=False, mixin_files=None, mixin=None, verb_parser=<colcon_mixin.mixin.mixin_argument.MixinArgumentDecorator object at 0x7adb1fe3ed80>, verb_extension=<colcon_core.verb.build.BuildVerb object at 0x7adb1ffbb020>, main=<bound method BuildVerb.main of <colcon_core.verb.build.BuildVerb object at 0x7adb1ffbb020>>, mixin_verb=('build',))
[0.373s] Level 1:colcon.colcon_core.package_discovery:discover_packages(colcon_meta) check parameters
[0.374s] Level 1:colcon.colcon_core.package_discovery:discover_packages(recursive) check parameters
[0.374s] Level 1:colcon.colcon_core.package_discovery:discover_packages(ignore) check parameters
[0.375s] Level 1:colcon.colcon_core.package_discovery:discover_packages(path) check parameters
[0.375s] Level 1:colcon.colcon_core.package_discovery:discover_packages(colcon_meta) discover
[0.375s] Level 1:colcon.colcon_core.package_discovery:discover_packages(recursive) discover
[0.375s] INFO:colcon.colcon_core.package_discovery:Crawling recursively for packages in '/home/v120506/rmitbot_v4/lesson5_ws'
[0.375s] Level 1:colcon.colcon_core.package_identification:_identify(.) by extensions ['ignore', 'ignore_ament_install']
[0.375s] Level 1:colcon.colcon_core.package_identification:_identify(.) by extension 'ignore'
[0.376s] Level 1:colcon.colcon_core.package_identification:_identify(.) by extension 'ignore_ament_install'
[0.376s] Level 1:colcon.colcon_core.package_identification:_identify(.) by extensions ['colcon_pkg']
[0.376s] Level 1:colcon.colcon_core.package_identification:_identify(.) by extension 'colcon_pkg'
[0.376s] Level 1:colcon.colcon_core.package_identification:_identify(.) by extensions ['colcon_meta']
[0.377s] Level 1:colcon.colcon_core.package_identification:_identify(.) by extension 'colcon_meta'
[0.377s] Level 1:colcon.colcon_core.package_identification:_identify(.) by extensions ['ros']
[0.377s] Level 1:colcon.colcon_core.package_identification:_identify(.) by extension 'ros'
[0.440s] Level 1:colcon.colcon_core.package_identification:_identify(.) by extensions ['cmake', 'python']
[0.440s] Level 1:colcon.colcon_core.package_identification:_identify(.) by extension 'cmake'
[0.441s] Level 1:colcon.colcon_core.package_identification:_identify(.) by extension 'python'
[0.441s] Level 1:colcon.colcon_core.package_identification:_identify(.) by extensions ['python_setup_py']
[0.441s] Level 1:colcon.colcon_core.package_identification:_identify(.) by extension 'python_setup_py'
[0.442s] Level 1:colcon.colcon_core.package_identification:_identify(build) by extensions ['ignore', 'ignore_ament_install']
[0.442s] Level 1:colcon.colcon_core.package_identification:_identify(build) by extension 'ignore'
[0.442s] Level 1:colcon.colcon_core.package_identification:_identify(build) ignored
[0.442s] Level 1:colcon.colcon_core.package_identification:_identify(install) by extensions ['ignore', 'ignore_ament_install']
[0.443s] Level 1:colcon.colcon_core.package_identification:_identify(install) by extension 'ignore'
[0.443s] Level 1:colcon.colcon_core.package_identification:_identify(install) ignored
[0.443s] Level 1:colcon.colcon_core.package_identification:_identify(log) by extensions ['ignore', 'ignore_ament_install']
[0.443s] Level 1:colcon.colcon_core.package_identification:_identify(log) by extension 'ignore'
[0.443s] Level 1:colcon.colcon_core.package_identification:_identify(log) ignored
[0.443s] Level 1:colcon.colcon_core.package_identification:_identify(src) by extensions ['ignore', 'ignore_ament_install']
[0.444s] Level 1:colcon.colcon_core.package_identification:_identify(src) by extension 'ignore'
[0.444s] Level 1:colcon.colcon_core.package_identification:_identify(src) by extension 'ignore_ament_install'
[0.444s] Level 1:colcon.colcon_core.package_identification:_identify(src) by extensions ['colcon_pkg']
[0.444s] Level 1:colcon.colcon_core.package_identification:_identify(src) by extension 'colcon_pkg'
[0.444s] Level 1:colcon.colcon_core.package_identification:_identify(src) by extensions ['colcon_meta']
[0.444s] Level 1:colcon.colcon_core.package_identification:_identify(src) by extension 'colcon_meta'
[0.444s] Level 1:colcon.colcon_core.package_identification:_identify(src) by extensions ['ros']
[0.444s] Level 1:colcon.colcon_core.package_identification:_identify(src) by extension 'ros'
[0.445s] Level 1:colcon.colcon_core.package_identification:_identify(src) by extensions ['cmake', 'python']
[0.445s] Level 1:colcon.colcon_core.package_identification:_identify(src) by extension 'cmake'
[0.445s] Level 1:colcon.colcon_core.package_identification:_identify(src) by extension 'python'
[0.446s] Level 1:colcon.colcon_core.package_identification:_identify(src) by extensions ['python_setup_py']
[0.446s] Level 1:colcon.colcon_core.package_identification:_identify(src) by extension 'python_setup_py'
[0.446s] Level 1:colcon.colcon_core.package_identification:_identify(src/rmitbot_bringup) by extensions ['ignore', 'ignore_ament_install']
[0.447s] Level 1:colcon.colcon_core.package_identification:_identify(src/rmitbot_bringup) by extension 'ignore'
[0.447s] Level 1:colcon.colcon_core.package_identification:_identify(src/rmitbot_bringup) by extension 'ignore_ament_install'
[0.447s] Level 1:colcon.colcon_core.package_identification:_identify(src/rmitbot_bringup) by extensions ['colcon_pkg']
[0.447s] Level 1:colcon.colcon_core.package_identification:_identify(src/rmitbot_bringup) by extension 'colcon_pkg'
[0.448s] Level 1:colcon.colcon_core.package_identification:_identify(src/rmitbot_bringup) by extensions ['colcon_meta']
[0.448s] Level 1:colcon.colcon_core.package_identification:_identify(src/rmitbot_bringup) by extension 'colcon_meta'
[0.448s] Level 1:colcon.colcon_core.package_identification:_identify(src/rmitbot_bringup) by extensions ['ros']
[0.448s] Level 1:colcon.colcon_core.package_identification:_identify(src/rmitbot_bringup) by extension 'ros'
[0.455s] DEBUG:colcon.colcon_core.package_identification:Package 'src/rmitbot_bringup' with type 'ros.ament_cmake' and name 'rmitbot_bringup'
[0.455s] Level 1:colcon.colcon_core.package_identification:_identify(src/rmitbot_controller) by extensions ['ignore', 'ignore_ament_install']
[0.456s] Level 1:colcon.colcon_core.package_identification:_identify(src/rmitbot_controller) by extension 'ignore'
[0.456s] Level 1:colcon.colcon_core.package_identification:_identify(src/rmitbot_controller) by extension 'ignore_ament_install'
[0.456s] Level 1:colcon.colcon_core.package_identification:_identify(src/rmitbot_controller) by extensions ['colcon_pkg']
[0.456s] Level 1:colcon.colcon_core.package_identification:_identify(src/rmitbot_controller) by extension 'colcon_pkg'
[0.456s] Level 1:colcon.colcon_core.package_identification:_identify(src/rmitbot_controller) by extensions ['colcon_meta']
[0.456s] Level 1:colcon.colcon_core.package_identification:_identify(src/rmitbot_controller) by extension 'colcon_meta'
[0.457s] Level 1:colcon.colcon_core.package_identification:_identify(src/rmitbot_controller) by extensions ['ros']
[0.457s] Level 1:colcon.colcon_core.package_identification:_identify(src/rmitbot_controller) by extension 'ros'
[0.458s] DEBUG:colcon.colcon_core.package_identification:Package 'src/rmitbot_controller' with type 'ros.ament_cmake' and name 'rmitbot_controller'
[0.459s] Level 1:colcon.colcon_core.package_identification:_identify(src/rmitbot_description) by extensions ['ignore', 'ignore_ament_install']
[0.459s] Level 1:colcon.colcon_core.package_identification:_identify(src/rmitbot_description) by extension 'ignore'
[0.459s] Level 1:colcon.colcon_core.package_identification:_identify(src/rmitbot_description) by extension 'ignore_ament_install'
[0.460s] Level 1:colcon.colcon_core.package_identification:_identify(src/rmitbot_description) by extensions ['colcon_pkg']
[0.460s] Level 1:colcon.colcon_core.package_identification:_identify(src/rmitbot_description) by extension 'colcon_pkg'
[0.460s] Level 1:colcon.colcon_core.package_identification:_identify(src/rmitbot_description) by extensions ['colcon_meta']
[0.460s] Level 1:colcon.colcon_core.package_identification:_identify(src/rmitbot_description) by extension 'colcon_meta'
[0.460s] Level 1:colcon.colcon_core.package_identification:_identify(src/rmitbot_description) by extensions ['ros']
[0.460s] Level 1:colcon.colcon_core.package_identification:_identify(src/rmitbot_description) by extension 'ros'
[0.462s] DEBUG:colcon.colcon_core.package_identification:Package 'src/rmitbot_description' with type 'ros.ament_cmake' and name 'rmitbot_description'
[0.462s] Level 1:colcon.colcon_core.package_identification:_identify(src/rmitbot_localization) by extensions ['ignore', 'ignore_ament_install']
[0.462s] Level 1:colcon.colcon_core.package_identification:_identify(src/rmitbot_localization) by extension 'ignore'
[0.463s] Level 1:colcon.colcon_core.package_identification:_identify(src/rmitbot_localization) by extension 'ignore_ament_install'
[0.463s] Level 1:colcon.colcon_core.package_identification:_identify(src/rmitbot_localization) by extensions ['colcon_pkg']
[0.463s] Level 1:colcon.colcon_core.package_identification:_identify(src/rmitbot_localization) by extension 'colcon_pkg'
[0.463s] Level 1:colcon.colcon_core.package_identification:_identify(src/rmitbot_localization) by extensions ['colcon_meta']
[0.463s] Level 1:colcon.colcon_core.package_identification:_identify(src/rmitbot_localization) by extension 'colcon_meta'
[0.463s] Level 1:colcon.colcon_core.package_identification:_identify(src/rmitbot_localization) by extensions ['ros']
[0.463s] Level 1:colcon.colcon_core.package_identification:_identify(src/rmitbot_localization) by extension 'ros'
[0.465s] DEBUG:colcon.colcon_core.package_identification:Package 'src/rmitbot_localization' with type 'ros.ament_cmake' and name 'rmitbot_localization'
[0.465s] Level 1:colcon.colcon_core.package_identification:_identify(src/rmitbot_mapping) by extensions ['ignore', 'ignore_ament_install']
[0.465s] Level 1:colcon.colcon_core.package_identification:_identify(src/rmitbot_mapping) by extension 'ignore'
[0.465s] Level 1:colcon.colcon_core.package_identification:_identify(src/rmitbot_mapping) by extension 'ignore_ament_install'
[0.465s] Level 1:colcon.colcon_core.package_identification:_identify(src/rmitbot_mapping) by extensions ['colcon_pkg']
[0.465s] Level 1:colcon.colcon_core.package_identification:_identify(src/rmitbot_mapping) by extension 'colcon_pkg'
[0.466s] Level 1:colcon.colcon_core.package_identification:_identify(src/rmitbot_mapping) by extensions ['colcon_meta']
[0.466s] Level 1:colcon.colcon_core.package_identification:_identify(src/rmitbot_mapping) by extension 'colcon_meta'
[0.466s] Level 1:colcon.colcon_core.package_identification:_identify(src/rmitbot_mapping) by extensions ['ros']
[0.466s] Level 1:colcon.colcon_core.package_identification:_identify(src/rmitbot_mapping) by extension 'ros'
[0.468s] DEBUG:colcon.colcon_core.package_identification:Package 'src/rmitbot_mapping' with type 'ros.ament_cmake' and name 'rmitbot_mapping'
[0.468s] Level 1:colcon.colcon_core.package_identification:_identify(src/rmitbot_navigation) by extensions ['ignore', 'ignore_ament_install']
[0.468s] Level 1:colcon.colcon_core.package_identification:_identify(src/rmitbot_navigation) by extension 'ignore'
[0.468s] Level 1:colcon.colcon_core.package_identification:_identify(src/rmitbot_navigation) by extension 'ignore_ament_install'
[0.469s] Level 1:colcon.colcon_core.package_identification:_identify(src/rmitbot_navigation) by extensions ['colcon_pkg']
[0.469s] Level 1:colcon.colcon_core.package_identification:_identify(src/rmitbot_navigation) by extension 'colcon_pkg'
[0.469s] Level 1:colcon.colcon_core.package_identification:_identify(src/rmitbot_navigation) by extensions ['colcon_meta']
[0.469s] Level 1:colcon.colcon_core.package_identification:_identify(src/rmitbot_navigation) by extension 'colcon_meta'
[0.469s] Level 1:colcon.colcon_core.package_identification:_identify(src/rmitbot_navigation) by extensions ['ros']
[0.469s] Level 1:colcon.colcon_core.package_identification:_identify(src/rmitbot_navigation) by extension 'ros'
[0.470s] DEBUG:colcon.colcon_core.package_identification:Package 'src/rmitbot_navigation' with type 'ros.ament_cmake' and name 'rmitbot_navigation'
[0.470s] Level 1:colcon.colcon_core.package_discovery:discover_packages(recursive) using defaults
[0.471s] Level 1:colcon.colcon_core.package_discovery:discover_packages(ignore) discover
[0.471s] Level 1:colcon.colcon_core.package_discovery:discover_packages(ignore) using defaults
[0.471s] Level 1:colcon.colcon_core.package_discovery:discover_packages(path) discover
[0.471s] Level 1:colcon.colcon_core.package_discovery:discover_packages(path) using defaults
[0.515s] Level 1:colcon.colcon_core.package_discovery:discover_packages(prefix_path) check parameters
[0.515s] Level 1:colcon.colcon_core.package_discovery:discover_packages(prefix_path) discover
[0.520s] DEBUG:colcon.colcon_installed_package_information.package_discovery:Found 6 installed packages in /home/v120506/rmitbot_v4/lesson5_ws/install
[0.526s] DEBUG:colcon.colcon_installed_package_information.package_discovery:Found 444 installed packages in /opt/ros/jazzy
[0.531s] Level 1:colcon.colcon_core.package_discovery:discover_packages(prefix_path) using defaults
[0.680s] Level 5:colcon.colcon_core.verb:set package 'rmitbot_bringup' build argument 'cmake_args' from command line to 'None'
[0.681s] Level 5:colcon.colcon_core.verb:set package 'rmitbot_bringup' build argument 'cmake_target' from command line to 'None'
[0.681s] Level 5:colcon.colcon_core.verb:set package 'rmitbot_bringup' build argument 'cmake_target_skip_unavailable' from command line to 'False'
[0.681s] Level 5:colcon.colcon_core.verb:set package 'rmitbot_bringup' build argument 'cmake_clean_cache' from command line to 'False'
[0.681s] Level 5:colcon.colcon_core.verb:set package 'rmitbot_bringup' build argument 'cmake_clean_first' from command line to 'False'
[0.681s] Level 5:colcon.colcon_core.verb:set package 'rmitbot_bringup' build argument 'cmake_force_configure' from command line to 'False'
[0.682s] Level 5:colcon.colcon_core.verb:set package 'rmitbot_bringup' build argument 'ament_cmake_args' from command line to 'None'
[0.682s] Level 5:colcon.colcon_core.verb:set package 'rmitbot_bringup' build argument 'catkin_cmake_args' from command line to 'None'
[0.682s] Level 5:colcon.colcon_core.verb:set package 'rmitbot_bringup' build argument 'catkin_skip_building_tests' from command line to 'False'
[0.682s] DEBUG:colcon.colcon_core.verb:Building package 'rmitbot_bringup' with the following arguments: {'ament_cmake_args': None, 'build_base': '/home/v120506/rmitbot_v4/lesson5_ws/build/rmitbot_bringup', 'catkin_cmake_args': None, 'catkin_skip_building_tests': False, 'cmake_args': None, 'cmake_clean_cache': False, 'cmake_clean_first': False, 'cmake_force_configure': False, 'cmake_target': None, 'cmake_target_skip_unavailable': False, 'install_base': '/home/v120506/rmitbot_v4/lesson5_ws/install/rmitbot_bringup', 'merge_install': False, 'path': '/home/v120506/rmitbot_v4/lesson5_ws/src/rmitbot_bringup', 'symlink_install': False, 'test_result_base': None}
[0.683s] Level 5:colcon.colcon_core.verb:set package 'rmitbot_controller' build argument 'cmake_args' from command line to 'None'
[0.683s] Level 5:colcon.colcon_core.verb:set package 'rmitbot_controller' build argument 'cmake_target' from command line to 'None'
[0.683s] Level 5:colcon.colcon_core.verb:set package 'rmitbot_controller' build argument 'cmake_target_skip_unavailable' from command line to 'False'
[0.683s] Level 5:colcon.colcon_core.verb:set package 'rmitbot_controller' build argument 'cmake_clean_cache' from command line to 'False'
[0.683s] Level 5:colcon.colcon_core.verb:set package 'rmitbot_controller' build argument 'cmake_clean_first' from command line to 'False'
[0.683s] Level 5:colcon.colcon_core.verb:set package 'rmitbot_controller' build argument 'cmake_force_configure' from command line to 'False'
[0.683s] Level 5:colcon.colcon_core.verb:set package 'rmitbot_controller' build argument 'ament_cmake_args' from command line to 'None'
[0.683s] Level 5:colcon.colcon_core.verb:set package 'rmitbot_controller' build argument 'catkin_cmake_args' from command line to 'None'
[0.683s] Level 5:colcon.colcon_core.verb:set package 'rmitbot_controller' build argument 'catkin_skip_building_tests' from command line to 'False'
[0.683s] DEBUG:colcon.colcon_core.verb:Building package 'rmitbot_controller' with the following arguments: {'ament_cmake_args': None, 'build_base': '/home/v120506/rmitbot_v4/lesson5_ws/build/rmitbot_controller', 'catkin_cmake_args': None, 'catkin_skip_building_tests': False, 'cmake_args': None, 'cmake_clean_cache': False, 'cmake_clean_first': False, 'cmake_force_configure': False, 'cmake_target': None, 'cmake_target_skip_unavailable': False, 'install_base': '/home/v120506/rmitbot_v4/lesson5_ws/install/rmitbot_controller', 'merge_install': False, 'path': '/home/v120506/rmitbot_v4/lesson5_ws/src/rmitbot_controller', 'symlink_install': False, 'test_result_base': None}
[0.684s] Level 5:colcon.colcon_core.verb:set package 'rmitbot_description' build argument 'cmake_args' from command line to 'None'
[0.684s] Level 5:colcon.colcon_core.verb:set package 'rmitbot_description' build argument 'cmake_target' from command line to 'None'
[0.684s] Level 5:colcon.colcon_core.verb:set package 'rmitbot_description' build argument 'cmake_target_skip_unavailable' from command line to 'False'
[0.684s] Level 5:colcon.colcon_core.verb:set package 'rmitbot_description' build argument 'cmake_clean_cache' from command line to 'False'
[0.684s] Level 5:colcon.colcon_core.verb:set package 'rmitbot_description' build argument 'cmake_clean_first' from command line to 'False'
[0.684s] Level 5:colcon.colcon_core.verb:set package 'rmitbot_description' build argument 'cmake_force_configure' from command line to 'False'
[0.684s] Level 5:colcon.colcon_core.verb:set package 'rmitbot_description' build argument 'ament_cmake_args' from command line to 'None'
[0.684s] Level 5:colcon.colcon_core.verb:set package 'rmitbot_description' build argument 'catkin_cmake_args' from command line to 'None'
[0.685s] Level 5:colcon.colcon_core.verb:set package 'rmitbot_description' build argument 'catkin_skip_building_tests' from command line to 'False'
[0.685s] DEBUG:colcon.colcon_core.verb:Building package 'rmitbot_description' with the following arguments: {'ament_cmake_args': None, 'build_base': '/home/v120506/rmitbot_v4/lesson5_ws/build/rmitbot_description', 'catkin_cmake_args': None, 'catkin_skip_building_tests': False, 'cmake_args': None, 'cmake_clean_cache': False, 'cmake_clean_first': False, 'cmake_force_configure': False, 'cmake_target': None, 'cmake_target_skip_unavailable': False, 'install_base': '/home/v120506/rmitbot_v4/lesson5_ws/install/rmitbot_description', 'merge_install': False, 'path': '/home/v120506/rmitbot_v4/lesson5_ws/src/rmitbot_description', 'symlink_install': False, 'test_result_base': None}
[0.685s] Level 5:colcon.colcon_core.verb:set package 'rmitbot_localization' build argument 'cmake_args' from command line to 'None'
[0.685s] Level 5:colcon.colcon_core.verb:set package 'rmitbot_localization' build argument 'cmake_target' from command line to 'None'
[0.685s] Level 5:colcon.colcon_core.verb:set package 'rmitbot_localization' build argument 'cmake_target_skip_unavailable' from command line to 'False'
[0.685s] Level 5:colcon.colcon_core.verb:set package 'rmitbot_localization' build argument 'cmake_clean_cache' from command line to 'False'
[0.685s] Level 5:colcon.colcon_core.verb:set package 'rmitbot_localization' build argument 'cmake_clean_first' from command line to 'False'
[0.685s] Level 5:colcon.colcon_core.verb:set package 'rmitbot_localization' build argument 'cmake_force_configure' from command line to 'False'
[0.686s] Level 5:colcon.colcon_core.verb:set package 'rmitbot_localization' build argument 'ament_cmake_args' from command line to 'None'
[0.686s] Level 5:colcon.colcon_core.verb:set package 'rmitbot_localization' build argument 'catkin_cmake_args' from command line to 'None'
[0.686s] Level 5:colcon.colcon_core.verb:set package 'rmitbot_localization' build argument 'catkin_skip_building_tests' from command line to 'False'
[0.686s] DEBUG:colcon.colcon_core.verb:Building package 'rmitbot_localization' with the following arguments: {'ament_cmake_args': None, 'build_base': '/home/v120506/rmitbot_v4/lesson5_ws/build/rmitbot_localization', 'catkin_cmake_args': None, 'catkin_skip_building_tests': False, 'cmake_args': None, 'cmake_clean_cache': False, 'cmake_clean_first': False, 'cmake_force_configure': False, 'cmake_target': None, 'cmake_target_skip_unavailable': False, 'install_base': '/home/v120506/rmitbot_v4/lesson5_ws/install/rmitbot_localization', 'merge_install': False, 'path': '/home/v120506/rmitbot_v4/lesson5_ws/src/rmitbot_localization', 'symlink_install': False, 'test_result_base': None}
[0.686s] Level 5:colcon.colcon_core.verb:set package 'rmitbot_mapping' build argument 'cmake_args' from command line to 'None'
[0.686s] Level 5:colcon.colcon_core.verb:set package 'rmitbot_mapping' build argument 'cmake_target' from command line to 'None'
[0.686s] Level 5:colcon.colcon_core.verb:set package 'rmitbot_mapping' build argument 'cmake_target_skip_unavailable' from command line to 'False'
[0.686s] Level 5:colcon.colcon_core.verb:set package 'rmitbot_mapping' build argument 'cmake_clean_cache' from command line to 'False'
[0.687s] Level 5:colcon.colcon_core.verb:set package 'rmitbot_mapping' build argument 'cmake_clean_first' from command line to 'False'
[0.687s] Level 5:colcon.colcon_core.verb:set package 'rmitbot_mapping' build argument 'cmake_force_configure' from command line to 'False'
[0.687s] Level 5:colcon.colcon_core.verb:set package 'rmitbot_mapping' build argument 'ament_cmake_args' from command line to 'None'
[0.687s] Level 5:colcon.colcon_core.verb:set package 'rmitbot_mapping' build argument 'catkin_cmake_args' from command line to 'None'
[0.687s] Level 5:colcon.colcon_core.verb:set package 'rmitbot_mapping' build argument 'catkin_skip_building_tests' from command line to 'False'
[0.687s] DEBUG:colcon.colcon_core.verb:Building package 'rmitbot_mapping' with the following arguments: {'ament_cmake_args': None, 'build_base': '/home/v120506/rmitbot_v4/lesson5_ws/build/rmitbot_mapping', 'catkin_cmake_args': None, 'catkin_skip_building_tests': False, 'cmake_args': None, 'cmake_clean_cache': False, 'cmake_clean_first': False, 'cmake_force_configure': False, 'cmake_target': None, 'cmake_target_skip_unavailable': False, 'install_base': '/home/v120506/rmitbot_v4/lesson5_ws/install/rmitbot_mapping', 'merge_install': False, 'path': '/home/v120506/rmitbot_v4/lesson5_ws/src/rmitbot_mapping', 'symlink_install': False, 'test_result_base': None}
[0.687s] Level 5:colcon.colcon_core.verb:set package 'rmitbot_navigation' build argument 'cmake_args' from command line to 'None'
[0.687s] Level 5:colcon.colcon_core.verb:set package 'rmitbot_navigation' build argument 'cmake_target' from command line to 'None'
[0.688s] Level 5:colcon.colcon_core.verb:set package 'rmitbot_navigation' build argument 'cmake_target_skip_unavailable' from command line to 'False'
[0.688s] Level 5:colcon.colcon_core.verb:set package 'rmitbot_navigation' build argument 'cmake_clean_cache' from command line to 'False'
[0.688s] Level 5:colcon.colcon_core.verb:set package 'rmitbot_navigation' build argument 'cmake_clean_first' from command line to 'False'
[0.688s] Level 5:colcon.colcon_core.verb:set package 'rmitbot_navigation' build argument 'cmake_force_configure' from command line to 'False'
[0.688s] Level 5:colcon.colcon_core.verb:set package 'rmitbot_navigation' build argument 'ament_cmake_args' from command line to 'None'
[0.688s] Level 5:colcon.colcon_core.verb:set package 'rmitbot_navigation' build argument 'catkin_cmake_args' from command line to 'None'
[0.688s] Level 5:colcon.colcon_core.verb:set package 'rmitbot_navigation' build argument 'catkin_skip_building_tests' from command line to 'False'
[0.688s] DEBUG:colcon.colcon_core.verb:Building package 'rmitbot_navigation' with the following arguments: {'ament_cmake_args': None, 'build_base': '/home/v120506/rmitbot_v4/lesson5_ws/build/rmitbot_navigation', 'catkin_cmake_args': None, 'catkin_skip_building_tests': False, 'cmake_args': None, 'cmake_clean_cache': False, 'cmake_clean_first': False, 'cmake_force_configure': False, 'cmake_target': None, 'cmake_target_skip_unavailable': False, 'install_base': '/home/v120506/rmitbot_v4/lesson5_ws/install/rmitbot_navigation', 'merge_install': False, 'path': '/home/v120506/rmitbot_v4/lesson5_ws/src/rmitbot_navigation', 'symlink_install': False, 'test_result_base': None}
[0.688s] INFO:colcon.colcon_core.executor:Executing jobs using 'parallel' executor
[0.690s] DEBUG:colcon.colcon_parallel_executor.executor.parallel:run_until_complete
[0.690s] INFO:colcon.colcon_ros.task.ament_cmake.build:Building ROS package in '/home/v120506/rmitbot_v4/lesson5_ws/src/rmitbot_bringup' with build type 'ament_cmake'
[0.691s] INFO:colcon.colcon_cmake.task.cmake.build:Building CMake package in '/home/v120506/rmitbot_v4/lesson5_ws/src/rmitbot_bringup'
[0.695s] INFO:colcon.colcon_core.plugin_system:Skipping extension 'colcon_core.shell.bat': Not used on non-Windows systems
[0.696s] INFO:colcon.colcon_core.shell:Skip shell extension 'powershell' for command environment: Not usable outside of PowerShell
[0.696s] DEBUG:colcon.colcon_core.shell:Skip shell extension 'dsv' for command environment
[0.708s] INFO:colcon.colcon_ros.task.ament_cmake.build:Building ROS package in '/home/v120506/rmitbot_v4/lesson5_ws/src/rmitbot_controller' with build type 'ament_cmake'
[0.709s] INFO:colcon.colcon_cmake.task.cmake.build:Building CMake package in '/home/v120506/rmitbot_v4/lesson5_ws/src/rmitbot_controller'
[0.709s] INFO:colcon.colcon_core.shell:Skip shell extension 'powershell' for command environment: Not usable outside of PowerShell
[0.709s] DEBUG:colcon.colcon_core.shell:Skip shell extension 'dsv' for command environment
[0.725s] INFO:colcon.colcon_ros.task.ament_cmake.build:Building ROS package in '/home/v120506/rmitbot_v4/lesson5_ws/src/rmitbot_description' with build type 'ament_cmake'
[0.725s] INFO:colcon.colcon_cmake.task.cmake.build:Building CMake package in '/home/v120506/rmitbot_v4/lesson5_ws/src/rmitbot_description'
[0.725s] INFO:colcon.colcon_core.shell:Skip shell extension 'powershell' for command environment: Not usable outside of PowerShell
[0.726s] DEBUG:colcon.colcon_core.shell:Skip shell extension 'dsv' for command environment
[0.736s] INFO:colcon.colcon_ros.task.ament_cmake.build:Building ROS package in '/home/v120506/rmitbot_v4/lesson5_ws/src/rmitbot_localization' with build type 'ament_cmake'
[0.737s] INFO:colcon.colcon_cmake.task.cmake.build:Building CMake package in '/home/v120506/rmitbot_v4/lesson5_ws/src/rmitbot_localization'
[0.738s] INFO:colcon.colcon_core.shell:Skip shell extension 'powershell' for command environment: Not usable outside of PowerShell
[0.738s] DEBUG:colcon.colcon_core.shell:Skip shell extension 'dsv' for command environment
[0.755s] INFO:colcon.colcon_ros.task.ament_cmake.build:Building ROS package in '/home/v120506/rmitbot_v4/lesson5_ws/src/rmitbot_mapping' with build type 'ament_cmake'
[0.756s] INFO:colcon.colcon_cmake.task.cmake.build:Building CMake package in '/home/v120506/rmitbot_v4/lesson5_ws/src/rmitbot_mapping'
[0.756s] INFO:colcon.colcon_core.shell:Skip shell extension 'powershell' for command environment: Not usable outside of PowerShell
[0.756s] DEBUG:colcon.colcon_core.shell:Skip shell extension 'dsv' for command environment
[0.774s] INFO:colcon.colcon_ros.task.ament_cmake.build:Building ROS package in '/home/v120506/rmitbot_v4/lesson5_ws/src/rmitbot_navigation' with build type 'ament_cmake'
[0.775s] INFO:colcon.colcon_cmake.task.cmake.build:Building CMake package in '/home/v120506/rmitbot_v4/lesson5_ws/src/rmitbot_navigation'
[0.775s] INFO:colcon.colcon_core.shell:Skip shell extension 'powershell' for command environment: Not usable outside of PowerShell
[0.775s] DEBUG:colcon.colcon_core.shell:Skip shell extension 'dsv' for command environment
[0.822s] DEBUG:colcon.colcon_core.event_handler.log_command:Invoking command in '/home/v120506/rmitbot_v4/lesson5_ws/build/rmitbot_bringup': CMAKE_PREFIX_PATH=${CMAKE_PREFIX_PATH}:/opt/ros/jazzy DEBUGINFOD_URLS=https://debuginfod.ubuntu.com /usr/bin/cmake --build /home/v120506/rmitbot_v4/lesson5_ws/build/rmitbot_bringup -- -j8 -l8
[0.838s] DEBUG:colcon.colcon_core.event_handler.log_command:Invoking command in '/home/v120506/rmitbot_v4/lesson5_ws/build/rmitbot_controller': CMAKE_PREFIX_PATH=${CMAKE_PREFIX_PATH}:/opt/ros/jazzy DEBUGINFOD_URLS=https://debuginfod.ubuntu.com /usr/bin/cmake --build /home/v120506/rmitbot_v4/lesson5_ws/build/rmitbot_controller -- -j8 -l8
[0.847s] DEBUG:colcon.colcon_core.event_handler.log_command:Invoking command in '/home/v120506/rmitbot_v4/lesson5_ws/build/rmitbot_description': CMAKE_PREFIX_PATH=${CMAKE_PREFIX_PATH}:/opt/ros/jazzy DEBUGINFOD_URLS=https://debuginfod.ubuntu.com /usr/bin/cmake --build /home/v120506/rmitbot_v4/lesson5_ws/build/rmitbot_description -- -j8 -l8
[0.868s] DEBUG:colcon.colcon_core.event_handler.log_command:Invoking command in '/home/v120506/rmitbot_v4/lesson5_ws/build/rmitbot_localization': CMAKE_PREFIX_PATH=${CMAKE_PREFIX_PATH}:/opt/ros/jazzy DEBUGINFOD_URLS=https://debuginfod.ubuntu.com /usr/bin/cmake --build /home/v120506/rmitbot_v4/lesson5_ws/build/rmitbot_localization -- -j8 -l8
[0.887s] DEBUG:colcon.colcon_core.event_handler.log_command:Invoking command in '/home/v120506/rmitbot_v4/lesson5_ws/build/rmitbot_mapping': CMAKE_PREFIX_PATH=${CMAKE_PREFIX_PATH}:/opt/ros/jazzy DEBUGINFOD_URLS=https://debuginfod.ubuntu.com /usr/bin/cmake --build /home/v120506/rmitbot_v4/lesson5_ws/build/rmitbot_mapping -- -j8 -l8
[0.922s] DEBUG:colcon.colcon_core.event_handler.log_command:Invoking command in '/home/v120506/rmitbot_v4/lesson5_ws/build/rmitbot_navigation': CMAKE_PREFIX_PATH=${CMAKE_PREFIX_PATH}:/opt/ros/jazzy DEBUGINFOD_URLS=https://debuginfod.ubuntu.com /usr/bin/cmake --build /home/v120506/rmitbot_v4/lesson5_ws/build/rmitbot_navigation -- -j8 -l8
[0.972s] DEBUG:colcon.colcon_core.event_handler.log_command:Invoked command in '/home/v120506/rmitbot_v4/lesson5_ws/build/rmitbot_description' returned '0': CMAKE_PREFIX_PATH=${CMAKE_PREFIX_PATH}:/opt/ros/jazzy DEBUGINFOD_URLS=https://debuginfod.ubuntu.com /usr/bin/cmake --build /home/v120506/rmitbot_v4/lesson5_ws/build/rmitbot_description -- -j8 -l8
[1.005s] DEBUG:colcon.colcon_core.event_handler.log_command:Invoking command in '/home/v120506/rmitbot_v4/lesson5_ws/build/rmitbot_description': CMAKE_PREFIX_PATH=${CMAKE_PREFIX_PATH}:/opt/ros/jazzy DEBUGINFOD_URLS=https://debuginfod.ubuntu.com /usr/bin/cmake --install /home/v120506/rmitbot_v4/lesson5_ws/build/rmitbot_description
[1.009s] DEBUG:colcon.colcon_core.event_handler.log_command:Invoked command in '/home/v120506/rmitbot_v4/lesson5_ws/build/rmitbot_localization' returned '0': CMAKE_PREFIX_PATH=${CMAKE_PREFIX_PATH}:/opt/ros/jazzy DEBUGINFOD_URLS=https://debuginfod.ubuntu.com /usr/bin/cmake --build /home/v120506/rmitbot_v4/lesson5_ws/build/rmitbot_localization -- -j8 -l8
[1.011s] DEBUG:colcon.colcon_core.event_handler.log_command:Invoking command in '/home/v120506/rmitbot_v4/lesson5_ws/build/rmitbot_localization': CMAKE_PREFIX_PATH=${CMAKE_PREFIX_PATH}:/opt/ros/jazzy DEBUGINFOD_URLS=https://debuginfod.ubuntu.com /usr/bin/cmake --install /home/v120506/rmitbot_v4/lesson5_ws/build/rmitbot_localization
[1.030s] DEBUG:colcon.colcon_core.event_handler.log_command:Invoked command in '/home/v120506/rmitbot_v4/lesson5_ws/build/rmitbot_mapping' returned '0': CMAKE_PREFIX_PATH=${CMAKE_PREFIX_PATH}:/opt/ros/jazzy DEBUGINFOD_URLS=https://debuginfod.ubuntu.com /usr/bin/cmake --build /home/v120506/rmitbot_v4/lesson5_ws/build/rmitbot_mapping -- -j8 -l8
[1.045s] DEBUG:colcon.colcon_core.event_handler.log_command:Invoking command in '/home/v120506/rmitbot_v4/lesson5_ws/build/rmitbot_mapping': CMAKE_PREFIX_PATH=${CMAKE_PREFIX_PATH}:/opt/ros/jazzy DEBUGINFOD_URLS=https://debuginfod.ubuntu.com /usr/bin/cmake --install /home/v120506/rmitbot_v4/lesson5_ws/build/rmitbot_mapping
[1.057s] Level 1:colcon.colcon_core.environment:create_environment_scripts_only(rmitbot_description)
[1.069s] DEBUG:colcon.colcon_core.event_handler.log_command:Invoked command in '/home/v120506/rmitbot_v4/lesson5_ws/build/rmitbot_navigation' returned '0': CMAKE_PREFIX_PATH=${CMAKE_PREFIX_PATH}:/opt/ros/jazzy DEBUGINFOD_URLS=https://debuginfod.ubuntu.com /usr/bin/cmake --build /home/v120506/rmitbot_v4/lesson5_ws/build/rmitbot_navigation -- -j8 -l8
[1.070s] Level 1:colcon.colcon_core.environment:checking '/home/v120506/rmitbot_v4/lesson5_ws/install/rmitbot_description' for CMake module files
[1.080s] Level 1:colcon.colcon_core.environment:checking '/home/v120506/rmitbot_v4/lesson5_ws/install/rmitbot_description' for CMake config files
[1.080s] Level 1:colcon.colcon_core.shell:create_environment_hook('rmitbot_description', 'cmake_prefix_path')
[1.081s] INFO:colcon.colcon_core.shell:Creating environment hook '/home/v120506/rmitbot_v4/lesson5_ws/install/rmitbot_description/share/rmitbot_description/hook/cmake_prefix_path.ps1'
[1.075s] DEBUG:colcon.colcon_core.event_handler.log_command:Invoking command in '/home/v120506/rmitbot_v4/lesson5_ws/build/rmitbot_navigation': CMAKE_PREFIX_PATH=${CMAKE_PREFIX_PATH}:/opt/ros/jazzy DEBUGINFOD_URLS=https://debuginfod.ubuntu.com /usr/bin/cmake --install /home/v120506/rmitbot_v4/lesson5_ws/build/rmitbot_navigation
[1.096s] INFO:colcon.colcon_core.shell:Creating environment descriptor '/home/v120506/rmitbot_v4/lesson5_ws/install/rmitbot_description/share/rmitbot_description/hook/cmake_prefix_path.dsv'
[1.100s] INFO:colcon.colcon_core.shell:Creating environment hook '/home/v120506/rmitbot_v4/lesson5_ws/install/rmitbot_description/share/rmitbot_description/hook/cmake_prefix_path.sh'
[1.105s] Level 1:colcon.colcon_core.environment:checking '/home/v120506/rmitbot_v4/lesson5_ws/install/rmitbot_description/bin'
[1.105s] Level 1:colcon.colcon_core.environment:checking '/home/v120506/rmitbot_v4/lesson5_ws/install/rmitbot_description/lib/pkgconfig/rmitbot_description.pc'
[1.106s] Level 1:colcon.colcon_core.environment:checking '/home/v120506/rmitbot_v4/lesson5_ws/install/rmitbot_description/lib/python3.12/site-packages'
[1.107s] Level 1:colcon.colcon_core.environment:checking '/home/v120506/rmitbot_v4/lesson5_ws/install/rmitbot_description/bin'
[1.108s] INFO:colcon.colcon_core.shell:Creating package script '/home/v120506/rmitbot_v4/lesson5_ws/install/rmitbot_description/share/rmitbot_description/package.ps1'
[1.120s] INFO:colcon.colcon_core.shell:Creating package descriptor '/home/v120506/rmitbot_v4/lesson5_ws/install/rmitbot_description/share/rmitbot_description/package.dsv'
[1.121s] INFO:colcon.colcon_core.shell:Creating package script '/home/v120506/rmitbot_v4/lesson5_ws/install/rmitbot_description/share/rmitbot_description/package.sh'
[1.122s] INFO:colcon.colcon_core.shell:Creating package script '/home/v120506/rmitbot_v4/lesson5_ws/install/rmitbot_description/share/rmitbot_description/package.bash'
[1.131s] INFO:colcon.colcon_core.shell:Creating package script '/home/v120506/rmitbot_v4/lesson5_ws/install/rmitbot_description/share/rmitbot_description/package.zsh'
[1.138s] DEBUG:colcon.colcon_core.event_handler.log_command:Invoked command in '/home/v120506/rmitbot_v4/lesson5_ws/build/rmitbot_description' returned '0': CMAKE_PREFIX_PATH=${CMAKE_PREFIX_PATH}:/opt/ros/jazzy DEBUGINFOD_URLS=https://debuginfod.ubuntu.com /usr/bin/cmake --install /home/v120506/rmitbot_v4/lesson5_ws/build/rmitbot_description
[1.149s] Level 1:colcon.colcon_core.environment:create_file_with_runtime_dependencies(/home/v120506/rmitbot_v4/lesson5_ws/install/rmitbot_description/share/colcon-core/packages/rmitbot_description)
[1.150s] Level 1:colcon.colcon_core.environment:create_environment_scripts_only(rmitbot_description)
[1.153s] Level 1:colcon.colcon_core.environment:checking '/home/v120506/rmitbot_v4/lesson5_ws/install/rmitbot_description' for CMake module files
[1.159s] Level 1:colcon.colcon_core.environment:checking '/home/v120506/rmitbot_v4/lesson5_ws/install/rmitbot_description' for CMake config files
[1.159s] Level 1:colcon.colcon_core.shell:create_environment_hook('rmitbot_description', 'cmake_prefix_path')
[1.160s] INFO:colcon.colcon_core.shell:Creating environment hook '/home/v120506/rmitbot_v4/lesson5_ws/install/rmitbot_description/share/rmitbot_description/hook/cmake_prefix_path.ps1'
[1.161s] INFO:colcon.colcon_core.shell:Creating environment descriptor '/home/v120506/rmitbot_v4/lesson5_ws/install/rmitbot_description/share/rmitbot_description/hook/cmake_prefix_path.dsv'
[1.168s] INFO:colcon.colcon_core.shell:Creating environment hook '/home/v120506/rmitbot_v4/lesson5_ws/install/rmitbot_description/share/rmitbot_description/hook/cmake_prefix_path.sh'
[1.175s] Level 1:colcon.colcon_core.environment:checking '/home/v120506/rmitbot_v4/lesson5_ws/install/rmitbot_description/bin'
[1.175s] Level 1:colcon.colcon_core.environment:checking '/home/v120506/rmitbot_v4/lesson5_ws/install/rmitbot_description/lib/pkgconfig/rmitbot_description.pc'
[1.176s] Level 1:colcon.colcon_core.environment:checking '/home/v120506/rmitbot_v4/lesson5_ws/install/rmitbot_description/lib/python3.12/site-packages'
[1.176s] Level 1:colcon.colcon_core.environment:checking '/home/v120506/rmitbot_v4/lesson5_ws/install/rmitbot_description/bin'
[1.177s] INFO:colcon.colcon_core.shell:Creating package script '/home/v120506/rmitbot_v4/lesson5_ws/install/rmitbot_description/share/rmitbot_description/package.ps1'
[1.181s] INFO:colcon.colcon_core.shell:Creating package descriptor '/home/v120506/rmitbot_v4/lesson5_ws/install/rmitbot_description/share/rmitbot_description/package.dsv'
[1.182s] INFO:colcon.colcon_core.shell:Creating package script '/home/v120506/rmitbot_v4/lesson5_ws/install/rmitbot_description/share/rmitbot_description/package.sh'
[1.190s] INFO:colcon.colcon_core.shell:Creating package script '/home/v120506/rmitbot_v4/lesson5_ws/install/rmitbot_description/share/rmitbot_description/package.bash'
[1.191s] INFO:colcon.colcon_core.shell:Creating package script '/home/v120506/rmitbot_v4/lesson5_ws/install/rmitbot_description/share/rmitbot_description/package.zsh'
[1.192s] Level 1:colcon.colcon_core.environment:create_file_with_runtime_dependencies(/home/v120506/rmitbot_v4/lesson5_ws/install/rmitbot_description/share/colcon-core/packages/rmitbot_description)
[1.204s] DEBUG:colcon.colcon_core.event_handler.log_command:Invoked command in '/home/v120506/rmitbot_v4/lesson5_ws/build/rmitbot_controller' returned '0': CMAKE_PREFIX_PATH=${CMAKE_PREFIX_PATH}:/opt/ros/jazzy DEBUGINFOD_URLS=https://debuginfod.ubuntu.com /usr/bin/cmake --build /home/v120506/rmitbot_v4/lesson5_ws/build/rmitbot_controller -- -j8 -l8
[1.205s] DEBUG:colcon.colcon_core.event_handler.log_command:Invoking command in '/home/v120506/rmitbot_v4/lesson5_ws/build/rmitbot_controller': CMAKE_PREFIX_PATH=${CMAKE_PREFIX_PATH}:/opt/ros/jazzy DEBUGINFOD_URLS=https://debuginfod.ubuntu.com /usr/bin/cmake --install /home/v120506/rmitbot_v4/lesson5_ws/build/rmitbot_controller
[1.209s] DEBUG:colcon.colcon_core.event_handler.log_command:Invoked command in '/home/v120506/rmitbot_v4/lesson5_ws/build/rmitbot_bringup' returned '0': CMAKE_PREFIX_PATH=${CMAKE_PREFIX_PATH}:/opt/ros/jazzy DEBUGINFOD_URLS=https://debuginfod.ubuntu.com /usr/bin/cmake --build /home/v120506/rmitbot_v4/lesson5_ws/build/rmitbot_bringup -- -j8 -l8
[1.210s] DEBUG:colcon.colcon_core.event_handler.log_command:Invoking command in '/home/v120506/rmitbot_v4/lesson5_ws/build/rmitbot_bringup': CMAKE_PREFIX_PATH=${CMAKE_PREFIX_PATH}:/opt/ros/jazzy DEBUGINFOD_URLS=https://debuginfod.ubuntu.com /usr/bin/cmake --install /home/v120506/rmitbot_v4/lesson5_ws/build/rmitbot_bringup
[1.213s] Level 1:colcon.colcon_core.environment:create_environment_scripts_only(rmitbot_localization)
[1.213s] Level 1:colcon.colcon_core.environment:checking '/home/v120506/rmitbot_v4/lesson5_ws/install/rmitbot_localization' for CMake module files
[1.214s] Level 1:colcon.colcon_core.environment:checking '/home/v120506/rmitbot_v4/lesson5_ws/install/rmitbot_localization' for CMake config files
[1.215s] Level 1:colcon.colcon_core.shell:create_environment_hook('rmitbot_localization', 'cmake_prefix_path')
[1.215s] INFO:colcon.colcon_core.shell:Creating environment hook '/home/v120506/rmitbot_v4/lesson5_ws/install/rmitbot_localization/share/rmitbot_localization/hook/cmake_prefix_path.ps1'
[1.216s] DEBUG:colcon.colcon_core.event_handler.log_command:Invoked command in '/home/v120506/rmitbot_v4/lesson5_ws/build/rmitbot_localization' returned '0': CMAKE_PREFIX_PATH=${CMAKE_PREFIX_PATH}:/opt/ros/jazzy DEBUGINFOD_URLS=https://debuginfod.ubuntu.com /usr/bin/cmake --install /home/v120506/rmitbot_v4/lesson5_ws/build/rmitbot_localization
[1.217s] INFO:colcon.colcon_core.shell:Creating environment descriptor '/home/v120506/rmitbot_v4/lesson5_ws/install/rmitbot_localization/share/rmitbot_localization/hook/cmake_prefix_path.dsv'
[1.221s] INFO:colcon.colcon_core.shell:Creating environment hook '/home/v120506/rmitbot_v4/lesson5_ws/install/rmitbot_localization/share/rmitbot_localization/hook/cmake_prefix_path.sh'
[1.222s] Level 1:colcon.colcon_core.environment:checking '/home/v120506/rmitbot_v4/lesson5_ws/install/rmitbot_localization/bin'
[1.223s] Level 1:colcon.colcon_core.environment:checking '/home/v120506/rmitbot_v4/lesson5_ws/install/rmitbot_localization/lib/pkgconfig/rmitbot_localization.pc'
[1.225s] Level 1:colcon.colcon_core.environment:checking '/home/v120506/rmitbot_v4/lesson5_ws/install/rmitbot_localization/lib/python3.12/site-packages'
[1.229s] Level 1:colcon.colcon_core.environment:checking '/home/v120506/rmitbot_v4/lesson5_ws/install/rmitbot_localization/bin'
[1.229s] INFO:colcon.colcon_core.shell:Creating package script '/home/v120506/rmitbot_v4/lesson5_ws/install/rmitbot_localization/share/rmitbot_localization/package.ps1'
[1.230s] INFO:colcon.colcon_core.shell:Creating package descriptor '/home/v120506/rmitbot_v4/lesson5_ws/install/rmitbot_localization/share/rmitbot_localization/package.dsv'
[1.237s] INFO:colcon.colcon_core.shell:Creating package script '/home/v120506/rmitbot_v4/lesson5_ws/install/rmitbot_localization/share/rmitbot_localization/package.sh'
[1.238s] INFO:colcon.colcon_core.shell:Creating package script '/home/v120506/rmitbot_v4/lesson5_ws/install/rmitbot_localization/share/rmitbot_localization/package.bash'
[1.239s] INFO:colcon.colcon_core.shell:Creating package script '/home/v120506/rmitbot_v4/lesson5_ws/install/rmitbot_localization/share/rmitbot_localization/package.zsh'
[1.247s] Level 1:colcon.colcon_core.environment:create_file_with_runtime_dependencies(/home/v120506/rmitbot_v4/lesson5_ws/install/rmitbot_localization/share/colcon-core/packages/rmitbot_localization)
[1.248s] Level 1:colcon.colcon_core.environment:create_environment_scripts_only(rmitbot_localization)
[1.249s] Level 1:colcon.colcon_core.environment:checking '/home/v120506/rmitbot_v4/lesson5_ws/install/rmitbot_localization' for CMake module files
[1.250s] Level 1:colcon.colcon_core.environment:checking '/home/v120506/rmitbot_v4/lesson5_ws/install/rmitbot_localization' for CMake config files
[1.258s] Level 1:colcon.colcon_core.shell:create_environment_hook('rmitbot_localization', 'cmake_prefix_path')
[1.258s] INFO:colcon.colcon_core.shell:Creating environment hook '/home/v120506/rmitbot_v4/lesson5_ws/install/rmitbot_localization/share/rmitbot_localization/hook/cmake_prefix_path.ps1'
[1.260s] INFO:colcon.colcon_core.shell:Creating environment descriptor '/home/v120506/rmitbot_v4/lesson5_ws/install/rmitbot_localization/share/rmitbot_localization/hook/cmake_prefix_path.dsv'
[1.260s] INFO:colcon.colcon_core.shell:Creating environment hook '/home/v120506/rmitbot_v4/lesson5_ws/install/rmitbot_localization/share/rmitbot_localization/hook/cmake_prefix_path.sh'
[1.264s] Level 1:colcon.colcon_core.environment:checking '/home/v120506/rmitbot_v4/lesson5_ws/install/rmitbot_localization/bin'
[1.264s] Level 1:colcon.colcon_core.environment:checking '/home/v120506/rmitbot_v4/lesson5_ws/install/rmitbot_localization/lib/pkgconfig/rmitbot_localization.pc'
[1.265s] Level 1:colcon.colcon_core.environment:checking '/home/v120506/rmitbot_v4/lesson5_ws/install/rmitbot_localization/lib/python3.12/site-packages'
[1.266s] Level 1:colcon.colcon_core.environment:checking '/home/v120506/rmitbot_v4/lesson5_ws/install/rmitbot_localization/bin'
[1.266s] INFO:colcon.colcon_core.shell:Creating package script '/home/v120506/rmitbot_v4/lesson5_ws/install/rmitbot_localization/share/rmitbot_localization/package.ps1'
[1.268s] INFO:colcon.colcon_core.shell:Creating package descriptor '/home/v120506/rmitbot_v4/lesson5_ws/install/rmitbot_localization/share/rmitbot_localization/package.dsv'
[1.269s] INFO:colcon.colcon_core.shell:Creating package script '/home/v120506/rmitbot_v4/lesson5_ws/install/rmitbot_localization/share/rmitbot_localization/package.sh'
[1.270s] INFO:colcon.colcon_core.shell:Creating package script '/home/v120506/rmitbot_v4/lesson5_ws/install/rmitbot_localization/share/rmitbot_localization/package.bash'
[1.271s] INFO:colcon.colcon_core.shell:Creating package script '/home/v120506/rmitbot_v4/lesson5_ws/install/rmitbot_localization/share/rmitbot_localization/package.zsh'
[1.272s] Level 1:colcon.colcon_core.environment:create_file_with_runtime_dependencies(/home/v120506/rmitbot_v4/lesson5_ws/install/rmitbot_localization/share/colcon-core/packages/rmitbot_localization)
[1.273s] Level 1:colcon.colcon_core.environment:create_environment_scripts_only(rmitbot_mapping)
[1.274s] Level 1:colcon.colcon_core.environment:checking '/home/v120506/rmitbot_v4/lesson5_ws/install/rmitbot_mapping' for CMake module files
[1.276s] Level 1:colcon.colcon_core.environment:checking '/home/v120506/rmitbot_v4/lesson5_ws/install/rmitbot_mapping' for CMake config files
[1.277s] DEBUG:colcon.colcon_core.event_handler.log_command:Invoked command in '/home/v120506/rmitbot_v4/lesson5_ws/build/rmitbot_mapping' returned '0': CMAKE_PREFIX_PATH=${CMAKE_PREFIX_PATH}:/opt/ros/jazzy DEBUGINFOD_URLS=https://debuginfod.ubuntu.com /usr/bin/cmake --install /home/v120506/rmitbot_v4/lesson5_ws/build/rmitbot_mapping
[1.278s] Level 1:colcon.colcon_core.shell:create_environment_hook('rmitbot_mapping', 'cmake_prefix_path')
[1.279s] INFO:colcon.colcon_core.shell:Creating environment hook '/home/v120506/rmitbot_v4/lesson5_ws/install/rmitbot_mapping/share/rmitbot_mapping/hook/cmake_prefix_path.ps1'
[1.280s] INFO:colcon.colcon_core.shell:Creating environment descriptor '/home/v120506/rmitbot_v4/lesson5_ws/install/rmitbot_mapping/share/rmitbot_mapping/hook/cmake_prefix_path.dsv'
[1.281s] INFO:colcon.colcon_core.shell:Creating environment hook '/home/v120506/rmitbot_v4/lesson5_ws/install/rmitbot_mapping/share/rmitbot_mapping/hook/cmake_prefix_path.sh'
[1.282s] Level 1:colcon.colcon_core.environment:checking '/home/v120506/rmitbot_v4/lesson5_ws/install/rmitbot_mapping/bin'
[1.282s] Level 1:colcon.colcon_core.environment:checking '/home/v120506/rmitbot_v4/lesson5_ws/install/rmitbot_mapping/lib/pkgconfig/rmitbot_mapping.pc'
[1.283s] Level 1:colcon.colcon_core.environment:checking '/home/v120506/rmitbot_v4/lesson5_ws/install/rmitbot_mapping/lib/python3.12/site-packages'
[1.284s] Level 1:colcon.colcon_core.environment:checking '/home/v120506/rmitbot_v4/lesson5_ws/install/rmitbot_mapping/bin'
[1.284s] INFO:colcon.colcon_core.shell:Creating package script '/home/v120506/rmitbot_v4/lesson5_ws/install/rmitbot_mapping/share/rmitbot_mapping/package.ps1'
[1.285s] INFO:colcon.colcon_core.shell:Creating package descriptor '/home/v120506/rmitbot_v4/lesson5_ws/install/rmitbot_mapping/share/rmitbot_mapping/package.dsv'
[1.286s] INFO:colcon.colcon_core.shell:Creating package script '/home/v120506/rmitbot_v4/lesson5_ws/install/rmitbot_mapping/share/rmitbot_mapping/package.sh'
[1.287s] INFO:colcon.colcon_core.shell:Creating package script '/home/v120506/rmitbot_v4/lesson5_ws/install/rmitbot_mapping/share/rmitbot_mapping/package.bash'
[1.288s] INFO:colcon.colcon_core.shell:Creating package script '/home/v120506/rmitbot_v4/lesson5_ws/install/rmitbot_mapping/share/rmitbot_mapping/package.zsh'
[1.289s] Level 1:colcon.colcon_core.environment:create_file_with_runtime_dependencies(/home/v120506/rmitbot_v4/lesson5_ws/install/rmitbot_mapping/share/colcon-core/packages/rmitbot_mapping)
[1.290s] Level 1:colcon.colcon_core.environment:create_environment_scripts_only(rmitbot_mapping)
[1.290s] Level 1:colcon.colcon_core.environment:checking '/home/v120506/rmitbot_v4/lesson5_ws/install/rmitbot_mapping' for CMake module files
[1.291s] Level 1:colcon.colcon_core.environment:checking '/home/v120506/rmitbot_v4/lesson5_ws/install/rmitbot_mapping' for CMake config files
[1.291s] Level 1:colcon.colcon_core.shell:create_environment_hook('rmitbot_mapping', 'cmake_prefix_path')
[1.292s] INFO:colcon.colcon_core.shell:Creating environment hook '/home/v120506/rmitbot_v4/lesson5_ws/install/rmitbot_mapping/share/rmitbot_mapping/hook/cmake_prefix_path.ps1'
[1.293s] INFO:colcon.colcon_core.shell:Creating environment descriptor '/home/v120506/rmitbot_v4/lesson5_ws/install/rmitbot_mapping/share/rmitbot_mapping/hook/cmake_prefix_path.dsv'
[1.293s] INFO:colcon.colcon_core.shell:Creating environment hook '/home/v120506/rmitbot_v4/lesson5_ws/install/rmitbot_mapping/share/rmitbot_mapping/hook/cmake_prefix_path.sh'
[1.294s] Level 1:colcon.colcon_core.environment:checking '/home/v120506/rmitbot_v4/lesson5_ws/install/rmitbot_mapping/bin'
[1.295s] Level 1:colcon.colcon_core.environment:checking '/home/v120506/rmitbot_v4/lesson5_ws/install/rmitbot_mapping/lib/pkgconfig/rmitbot_mapping.pc'
[1.295s] Level 1:colcon.colcon_core.environment:checking '/home/v120506/rmitbot_v4/lesson5_ws/install/rmitbot_mapping/lib/python3.12/site-packages'
[1.296s] Level 1:colcon.colcon_core.environment:checking '/home/v120506/rmitbot_v4/lesson5_ws/install/rmitbot_mapping/bin'
[1.296s] INFO:colcon.colcon_core.shell:Creating package script '/home/v120506/rmitbot_v4/lesson5_ws/install/rmitbot_mapping/share/rmitbot_mapping/package.ps1'
[1.320s] INFO:colcon.colcon_core.shell:Creating package descriptor '/home/v120506/rmitbot_v4/lesson5_ws/install/rmitbot_mapping/share/rmitbot_mapping/package.dsv'
[1.322s] INFO:colcon.colcon_core.shell:Creating package script '/home/v120506/rmitbot_v4/lesson5_ws/install/rmitbot_mapping/share/rmitbot_mapping/package.sh'
[1.323s] INFO:colcon.colcon_core.shell:Creating package script '/home/v120506/rmitbot_v4/lesson5_ws/install/rmitbot_mapping/share/rmitbot_mapping/package.bash'
[1.324s] INFO:colcon.colcon_core.shell:Creating package script '/home/v120506/rmitbot_v4/lesson5_ws/install/rmitbot_mapping/share/rmitbot_mapping/package.zsh'
[1.325s] Level 1:colcon.colcon_core.environment:create_file_with_runtime_dependencies(/home/v120506/rmitbot_v4/lesson5_ws/install/rmitbot_mapping/share/colcon-core/packages/rmitbot_mapping)
[1.330s] Level 1:colcon.colcon_core.environment:create_environment_scripts_only(rmitbot_navigation)
[1.331s] Level 1:colcon.colcon_core.environment:checking '/home/v120506/rmitbot_v4/lesson5_ws/install/rmitbot_navigation' for CMake module files
[1.335s] Level 1:colcon.colcon_core.environment:checking '/home/v120506/rmitbot_v4/lesson5_ws/install/rmitbot_navigation' for CMake config files
[1.336s] DEBUG:colcon.colcon_core.event_handler.log_command:Invoked command in '/home/v120506/rmitbot_v4/lesson5_ws/build/rmitbot_navigation' returned '0': CMAKE_PREFIX_PATH=${CMAKE_PREFIX_PATH}:/opt/ros/jazzy DEBUGINFOD_URLS=https://debuginfod.ubuntu.com /usr/bin/cmake --install /home/v120506/rmitbot_v4/lesson5_ws/build/rmitbot_navigation
[1.337s] Level 1:colcon.colcon_core.shell:create_environment_hook('rmitbot_navigation', 'cmake_prefix_path')
[1.338s] INFO:colcon.colcon_core.shell:Creating environment hook '/home/v120506/rmitbot_v4/lesson5_ws/install/rmitbot_navigation/share/rmitbot_navigation/hook/cmake_prefix_path.ps1'
[1.349s] INFO:colcon.colcon_core.shell:Creating environment descriptor '/home/v120506/rmitbot_v4/lesson5_ws/install/rmitbot_navigation/share/rmitbot_navigation/hook/cmake_prefix_path.dsv'
[1.350s] INFO:colcon.colcon_core.shell:Creating environment hook '/home/v120506/rmitbot_v4/lesson5_ws/install/rmitbot_navigation/share/rmitbot_navigation/hook/cmake_prefix_path.sh'
[1.357s] Level 1:colcon.colcon_core.environment:checking '/home/v120506/rmitbot_v4/lesson5_ws/install/rmitbot_navigation/bin'
[1.357s] Level 1:colcon.colcon_core.environment:checking '/home/v120506/rmitbot_v4/lesson5_ws/install/rmitbot_navigation/lib/pkgconfig/rmitbot_navigation.pc'
[1.357s] Level 1:colcon.colcon_core.environment:checking '/home/v120506/rmitbot_v4/lesson5_ws/install/rmitbot_navigation/lib/python3.12/site-packages'
[1.363s] Level 1:colcon.colcon_core.environment:checking '/home/v120506/rmitbot_v4/lesson5_ws/install/rmitbot_navigation/bin'
[1.364s] INFO:colcon.colcon_core.shell:Creating package script '/home/v120506/rmitbot_v4/lesson5_ws/install/rmitbot_navigation/share/rmitbot_navigation/package.ps1'
[1.369s] INFO:colcon.colcon_core.shell:Creating package descriptor '/home/v120506/rmitbot_v4/lesson5_ws/install/rmitbot_navigation/share/rmitbot_navigation/package.dsv'
[1.371s] INFO:colcon.colcon_core.shell:Creating package script '/home/v120506/rmitbot_v4/lesson5_ws/install/rmitbot_navigation/share/rmitbot_navigation/package.sh'
[1.372s] INFO:colcon.colcon_core.shell:Creating package script '/home/v120506/rmitbot_v4/lesson5_ws/install/rmitbot_navigation/share/rmitbot_navigation/package.bash'
[1.373s] INFO:colcon.colcon_core.shell:Creating package script '/home/v120506/rmitbot_v4/lesson5_ws/install/rmitbot_navigation/share/rmitbot_navigation/package.zsh'
[1.374s] Level 1:colcon.colcon_core.environment:create_file_with_runtime_dependencies(/home/v120506/rmitbot_v4/lesson5_ws/install/rmitbot_navigation/share/colcon-core/packages/rmitbot_navigation)
[1.376s] Level 1:colcon.colcon_core.environment:create_environment_scripts_only(rmitbot_navigation)
[1.376s] Level 1:colcon.colcon_core.environment:checking '/home/v120506/rmitbot_v4/lesson5_ws/install/rmitbot_navigation' for CMake module files
[1.377s] Level 1:colcon.colcon_core.environment:checking '/home/v120506/rmitbot_v4/lesson5_ws/install/rmitbot_navigation' for CMake config files
[1.378s] Level 1:colcon.colcon_core.shell:create_environment_hook('rmitbot_navigation', 'cmake_prefix_path')
[1.378s] INFO:colcon.colcon_core.shell:Creating environment hook '/home/v120506/rmitbot_v4/lesson5_ws/install/rmitbot_navigation/share/rmitbot_navigation/hook/cmake_prefix_path.ps1'
[1.379s] INFO:colcon.colcon_core.shell:Creating environment descriptor '/home/v120506/rmitbot_v4/lesson5_ws/install/rmitbot_navigation/share/rmitbot_navigation/hook/cmake_prefix_path.dsv'
[1.380s] INFO:colcon.colcon_core.shell:Creating environment hook '/home/v120506/rmitbot_v4/lesson5_ws/install/rmitbot_navigation/share/rmitbot_navigation/hook/cmake_prefix_path.sh'
[1.382s] Level 1:colcon.colcon_core.environment:checking '/home/v120506/rmitbot_v4/lesson5_ws/install/rmitbot_navigation/bin'
[1.382s] Level 1:colcon.colcon_core.environment:checking '/home/v120506/rmitbot_v4/lesson5_ws/install/rmitbot_navigation/lib/pkgconfig/rmitbot_navigation.pc'
[1.382s] Level 1:colcon.colcon_core.environment:checking '/home/v120506/rmitbot_v4/lesson5_ws/install/rmitbot_navigation/lib/python3.12/site-packages'
[1.384s] Level 1:colcon.colcon_core.environment:checking '/home/v120506/rmitbot_v4/lesson5_ws/install/rmitbot_navigation/bin'
[1.385s] INFO:colcon.colcon_core.shell:Creating package script '/home/v120506/rmitbot_v4/lesson5_ws/install/rmitbot_navigation/share/rmitbot_navigation/package.ps1'
[1.387s] INFO:colcon.colcon_core.shell:Creating package descriptor '/home/v120506/rmitbot_v4/lesson5_ws/install/rmitbot_navigation/share/rmitbot_navigation/package.dsv'
[1.388s] INFO:colcon.colcon_core.shell:Creating package script '/home/v120506/rmitbot_v4/lesson5_ws/install/rmitbot_navigation/share/rmitbot_navigation/package.sh'
[1.389s] INFO:colcon.colcon_core.shell:Creating package script '/home/v120506/rmitbot_v4/lesson5_ws/install/rmitbot_navigation/share/rmitbot_navigation/package.bash'
[1.390s] INFO:colcon.colcon_core.shell:Creating package script '/home/v120506/rmitbot_v4/lesson5_ws/install/rmitbot_navigation/share/rmitbot_navigation/package.zsh'
[1.391s] Level 1:colcon.colcon_core.environment:create_file_with_runtime_dependencies(/home/v120506/rmitbot_v4/lesson5_ws/install/rmitbot_navigation/share/colcon-core/packages/rmitbot_navigation)
[1.397s] Level 1:colcon.colcon_core.environment:create_environment_scripts_only(rmitbot_bringup)
[1.402s] Level 1:colcon.colcon_core.environment:checking '/home/v120506/rmitbot_v4/lesson5_ws/install/rmitbot_bringup' for CMake module files
[1.405s] DEBUG:colcon.colcon_core.event_handler.log_command:Invoked command in '/home/v120506/rmitbot_v4/lesson5_ws/build/rmitbot_bringup' returned '0': CMAKE_PREFIX_PATH=${CMAKE_PREFIX_PATH}:/opt/ros/jazzy DEBUGINFOD_URLS=https://debuginfod.ubuntu.com /usr/bin/cmake --install /home/v120506/rmitbot_v4/lesson5_ws/build/rmitbot_bringup
[1.405s] Level 1:colcon.colcon_core.environment:checking '/home/v120506/rmitbot_v4/lesson5_ws/install/rmitbot_bringup' for CMake config files
[1.406s] Level 1:colcon.colcon_core.shell:create_environment_hook('rmitbot_bringup', 'cmake_prefix_path')
[1.406s] INFO:colcon.colcon_core.shell:Creating environment hook '/home/v120506/rmitbot_v4/lesson5_ws/install/rmitbot_bringup/share/rmitbot_bringup/hook/cmake_prefix_path.ps1'
[1.408s] INFO:colcon.colcon_core.shell:Creating environment descriptor '/home/v120506/rmitbot_v4/lesson5_ws/install/rmitbot_bringup/share/rmitbot_bringup/hook/cmake_prefix_path.dsv'
[1.409s] INFO:colcon.colcon_core.shell:Creating environment hook '/home/v120506/rmitbot_v4/lesson5_ws/install/rmitbot_bringup/share/rmitbot_bringup/hook/cmake_prefix_path.sh'
[1.411s] Level 1:colcon.colcon_core.environment:checking '/home/v120506/rmitbot_v4/lesson5_ws/install/rmitbot_bringup/bin'
[1.411s] Level 1:colcon.colcon_core.environment:checking '/home/v120506/rmitbot_v4/lesson5_ws/install/rmitbot_bringup/lib/pkgconfig/rmitbot_bringup.pc'
[1.412s] Level 1:colcon.colcon_core.environment:checking '/home/v120506/rmitbot_v4/lesson5_ws/install/rmitbot_bringup/lib/python3.12/site-packages'
[1.413s] Level 1:colcon.colcon_core.environment:checking '/home/v120506/rmitbot_v4/lesson5_ws/install/rmitbot_bringup/bin'
[1.414s] INFO:colcon.colcon_core.shell:Creating package script '/home/v120506/rmitbot_v4/lesson5_ws/install/rmitbot_bringup/share/rmitbot_bringup/package.ps1'
[1.416s] INFO:colcon.colcon_core.shell:Creating package descriptor '/home/v120506/rmitbot_v4/lesson5_ws/install/rmitbot_bringup/share/rmitbot_bringup/package.dsv'
[1.417s] INFO:colcon.colcon_core.shell:Creating package script '/home/v120506/rmitbot_v4/lesson5_ws/install/rmitbot_bringup/share/rmitbot_bringup/package.sh'
[1.418s] INFO:colcon.colcon_core.shell:Creating package script '/home/v120506/rmitbot_v4/lesson5_ws/install/rmitbot_bringup/share/rmitbot_bringup/package.bash'
[1.420s] INFO:colcon.colcon_core.shell:Creating package script '/home/v120506/rmitbot_v4/lesson5_ws/install/rmitbot_bringup/share/rmitbot_bringup/package.zsh'
[1.423s] Level 1:colcon.colcon_core.environment:create_file_with_runtime_dependencies(/home/v120506/rmitbot_v4/lesson5_ws/install/rmitbot_bringup/share/colcon-core/packages/rmitbot_bringup)
[1.424s] Level 1:colcon.colcon_core.environment:create_environment_scripts_only(rmitbot_bringup)
[1.425s] Level 1:colcon.colcon_core.environment:checking '/home/v120506/rmitbot_v4/lesson5_ws/install/rmitbot_bringup' for CMake module files
[1.426s] Level 1:colcon.colcon_core.environment:checking '/home/v120506/rmitbot_v4/lesson5_ws/install/rmitbot_bringup' for CMake config files
[1.427s] Level 1:colcon.colcon_core.shell:create_environment_hook('rmitbot_bringup', 'cmake_prefix_path')
[1.428s] INFO:colcon.colcon_core.shell:Creating environment hook '/home/v120506/rmitbot_v4/lesson5_ws/install/rmitbot_bringup/share/rmitbot_bringup/hook/cmake_prefix_path.ps1'
[1.429s] INFO:colcon.colcon_core.shell:Creating environment descriptor '/home/v120506/rmitbot_v4/lesson5_ws/install/rmitbot_bringup/share/rmitbot_bringup/hook/cmake_prefix_path.dsv'
[1.430s] INFO:colcon.colcon_core.shell:Creating environment hook '/home/v120506/rmitbot_v4/lesson5_ws/install/rmitbot_bringup/share/rmitbot_bringup/hook/cmake_prefix_path.sh'
[1.431s] Level 1:colcon.colcon_core.environment:checking '/home/v120506/rmitbot_v4/lesson5_ws/install/rmitbot_bringup/bin'
[1.431s] Level 1:colcon.colcon_core.environment:checking '/home/v120506/rmitbot_v4/lesson5_ws/install/rmitbot_bringup/lib/pkgconfig/rmitbot_bringup.pc'
[1.432s] Level 1:colcon.colcon_core.environment:checking '/home/v120506/rmitbot_v4/lesson5_ws/install/rmitbot_bringup/lib/python3.12/site-packages'
[1.433s] Level 1:colcon.colcon_core.environment:checking '/home/v120506/rmitbot_v4/lesson5_ws/install/rmitbot_bringup/bin'
[1.433s] INFO:colcon.colcon_core.shell:Creating package script '/home/v120506/rmitbot_v4/lesson5_ws/install/rmitbot_bringup/share/rmitbot_bringup/package.ps1'
[1.435s] INFO:colcon.colcon_core.shell:Creating package descriptor '/home/v120506/rmitbot_v4/lesson5_ws/install/rmitbot_bringup/share/rmitbot_bringup/package.dsv'
[1.436s] INFO:colcon.colcon_core.shell:Creating package script '/home/v120506/rmitbot_v4/lesson5_ws/install/rmitbot_bringup/share/rmitbot_bringup/package.sh'
[1.437s] INFO:colcon.colcon_core.shell:Creating package script '/home/v120506/rmitbot_v4/lesson5_ws/install/rmitbot_bringup/share/rmitbot_bringup/package.bash'
[1.438s] INFO:colcon.colcon_core.shell:Creating package script '/home/v120506/rmitbot_v4/lesson5_ws/install/rmitbot_bringup/share/rmitbot_bringup/package.zsh'
[1.438s] Level 1:colcon.colcon_core.environment:create_file_with_runtime_dependencies(/home/v120506/rmitbot_v4/lesson5_ws/install/rmitbot_bringup/share/colcon-core/packages/rmitbot_bringup)
[1.439s] Level 1:colcon.colcon_core.environment:create_environment_scripts_only(rmitbot_controller)
[1.442s] Level 1:colcon.colcon_core.environment:checking '/home/v120506/rmitbot_v4/lesson5_ws/install/rmitbot_controller' for CMake module files
[1.443s] Level 1:colcon.colcon_core.environment:checking '/home/v120506/rmitbot_v4/lesson5_ws/install/rmitbot_controller' for CMake config files
[1.443s] Level 1:colcon.colcon_core.shell:create_environment_hook('rmitbot_controller', 'cmake_prefix_path')
[1.444s] INFO:colcon.colcon_core.shell:Creating environment hook '/home/v120506/rmitbot_v4/lesson5_ws/install/rmitbot_controller/share/rmitbot_controller/hook/cmake_prefix_path.ps1'
[1.440s] DEBUG:colcon.colcon_core.event_handler.log_command:Invoked command in '/home/v120506/rmitbot_v4/lesson5_ws/build/rmitbot_controller' returned '0': CMAKE_PREFIX_PATH=${CMAKE_PREFIX_PATH}:/opt/ros/jazzy DEBUGINFOD_URLS=https://debuginfod.ubuntu.com /usr/bin/cmake --install /home/v120506/rmitbot_v4/lesson5_ws/build/rmitbot_controller
[1.445s] INFO:colcon.colcon_core.shell:Creating environment descriptor '/home/v120506/rmitbot_v4/lesson5_ws/install/rmitbot_controller/share/rmitbot_controller/hook/cmake_prefix_path.dsv'
[1.446s] INFO:colcon.colcon_core.shell:Creating environment hook '/home/v120506/rmitbot_v4/lesson5_ws/install/rmitbot_controller/share/rmitbot_controller/hook/cmake_prefix_path.sh'
[1.447s] Level 1:colcon.colcon_core.environment:checking '/home/v120506/rmitbot_v4/lesson5_ws/install/rmitbot_controller/bin'
[1.447s] Level 1:colcon.colcon_core.environment:checking '/home/v120506/rmitbot_v4/lesson5_ws/install/rmitbot_controller/lib/pkgconfig/rmitbot_controller.pc'
[1.448s] Level 1:colcon.colcon_core.environment:checking '/home/v120506/rmitbot_v4/lesson5_ws/install/rmitbot_controller/lib/python3.12/site-packages'
[1.449s] Level 1:colcon.colcon_core.environment:checking '/home/v120506/rmitbot_v4/lesson5_ws/install/rmitbot_controller/bin'
[1.450s] INFO:colcon.colcon_core.shell:Creating package script '/home/v120506/rmitbot_v4/lesson5_ws/install/rmitbot_controller/share/rmitbot_controller/package.ps1'
[1.451s] INFO:colcon.colcon_core.shell:Creating package descriptor '/home/v120506/rmitbot_v4/lesson5_ws/install/rmitbot_controller/share/rmitbot_controller/package.dsv'
[1.452s] INFO:colcon.colcon_core.shell:Creating package script '/home/v120506/rmitbot_v4/lesson5_ws/install/rmitbot_controller/share/rmitbot_controller/package.sh'
[1.453s] INFO:colcon.colcon_core.shell:Creating package script '/home/v120506/rmitbot_v4/lesson5_ws/install/rmitbot_controller/share/rmitbot_controller/package.bash'
[1.455s] INFO:colcon.colcon_core.shell:Creating package script '/home/v120506/rmitbot_v4/lesson5_ws/install/rmitbot_controller/share/rmitbot_controller/package.zsh'
[1.458s] Level 1:colcon.colcon_core.environment:create_file_with_runtime_dependencies(/home/v120506/rmitbot_v4/lesson5_ws/install/rmitbot_controller/share/colcon-core/packages/rmitbot_controller)
[1.459s] Level 1:colcon.colcon_core.environment:create_environment_scripts_only(rmitbot_controller)
[1.460s] Level 1:colcon.colcon_core.environment:checking '/home/v120506/rmitbot_v4/lesson5_ws/install/rmitbot_controller' for CMake module files
[1.461s] Level 1:colcon.colcon_core.environment:checking '/home/v120506/rmitbot_v4/lesson5_ws/install/rmitbot_controller' for CMake config files
[1.462s] Level 1:colcon.colcon_core.shell:create_environment_hook('rmitbot_controller', 'cmake_prefix_path')
[1.462s] INFO:colcon.colcon_core.shell:Creating environment hook '/home/v120506/rmitbot_v4/lesson5_ws/install/rmitbot_controller/share/rmitbot_controller/hook/cmake_prefix_path.ps1'
[1.464s] INFO:colcon.colcon_core.shell:Creating environment descriptor '/home/v120506/rmitbot_v4/lesson5_ws/install/rmitbot_controller/share/rmitbot_controller/hook/cmake_prefix_path.dsv'
[1.465s] INFO:colcon.colcon_core.shell:Creating environment hook '/home/v120506/rmitbot_v4/lesson5_ws/install/rmitbot_controller/share/rmitbot_controller/hook/cmake_prefix_path.sh'
[1.466s] Level 1:colcon.colcon_core.environment:checking '/home/v120506/rmitbot_v4/lesson5_ws/install/rmitbot_controller/bin'
[1.466s] Level 1:colcon.colcon_core.environment:checking '/home/v120506/rmitbot_v4/lesson5_ws/install/rmitbot_controller/lib/pkgconfig/rmitbot_controller.pc'
[1.467s] Level 1:colcon.colcon_core.environment:checking '/home/v120506/rmitbot_v4/lesson5_ws/install/rmitbot_controller/lib/python3.12/site-packages'
[1.468s] Level 1:colcon.colcon_core.environment:checking '/home/v120506/rmitbot_v4/lesson5_ws/install/rmitbot_controller/bin'
[1.469s] INFO:colcon.colcon_core.shell:Creating package script '/home/v120506/rmitbot_v4/lesson5_ws/install/rmitbot_controller/share/rmitbot_controller/package.ps1'
[1.470s] INFO:colcon.colcon_core.shell:Creating package descriptor '/home/v120506/rmitbot_v4/lesson5_ws/install/rmitbot_controller/share/rmitbot_controller/package.dsv'
[1.471s] INFO:colcon.colcon_core.shell:Creating package script '/home/v120506/rmitbot_v4/lesson5_ws/install/rmitbot_controller/share/rmitbot_controller/package.sh'
[1.473s] INFO:colcon.colcon_core.shell:Creating package script '/home/v120506/rmitbot_v4/lesson5_ws/install/rmitbot_controller/share/rmitbot_controller/package.bash'
[1.474s] INFO:colcon.colcon_core.shell:Creating package script '/home/v120506/rmitbot_v4/lesson5_ws/install/rmitbot_controller/share/rmitbot_controller/package.zsh'
[1.476s] Level 1:colcon.colcon_core.environment:create_file_with_runtime_dependencies(/home/v120506/rmitbot_v4/lesson5_ws/install/rmitbot_controller/share/colcon-core/packages/rmitbot_controller)
[1.478s] DEBUG:colcon.colcon_parallel_executor.executor.parallel:closing loop
[1.478s] DEBUG:colcon.colcon_parallel_executor.executor.parallel:loop closed
[1.478s] DEBUG:colcon.colcon_parallel_executor.executor.parallel:run_until_complete finished with '0'
[1.478s] DEBUG:colcon.colcon_core.event_reactor:joining thread
[1.503s] INFO:colcon.colcon_core.plugin_system:Skipping extension 'colcon_notification.desktop_notification.terminal_notifier': Not used on non-Darwin systems
[1.504s] INFO:colcon.colcon_core.plugin_system:Skipping extension 'colcon_notification.desktop_notification.win32': Not used on non-Windows systems
[1.504s] INFO:colcon.colcon_notification.desktop_notification:Sending desktop notification using 'notify2'
[1.551s] DEBUG:colcon.colcon_core.event_reactor:joined thread
[1.551s] INFO:colcon.colcon_core.shell:Creating prefix script '/home/v120506/rmitbot_v4/lesson5_ws/install/local_setup.ps1'
[1.556s] INFO:colcon.colcon_core.shell:Creating prefix util module '/home/v120506/rmitbot_v4/lesson5_ws/install/_local_setup_util_ps1.py'
[1.564s] INFO:colcon.colcon_core.shell:Creating prefix chain script '/home/v120506/rmitbot_v4/lesson5_ws/install/setup.ps1'
[1.574s] INFO:colcon.colcon_core.shell:Creating prefix script '/home/v120506/rmitbot_v4/lesson5_ws/install/local_setup.sh'
[1.581s] INFO:colcon.colcon_core.shell:Creating prefix util module '/home/v120506/rmitbot_v4/lesson5_ws/install/_local_setup_util_sh.py'
[1.588s] INFO:colcon.colcon_core.shell:Creating prefix chain script '/home/v120506/rmitbot_v4/lesson5_ws/install/setup.sh'
[1.591s] INFO:colcon.colcon_core.shell:Creating prefix script '/home/v120506/rmitbot_v4/lesson5_ws/install/local_setup.bash'
[1.592s] INFO:colcon.colcon_core.shell:Creating prefix chain script '/home/v120506/rmitbot_v4/lesson5_ws/install/setup.bash'
[1.595s] INFO:colcon.colcon_core.shell:Creating prefix script '/home/v120506/rmitbot_v4/lesson5_ws/install/local_setup.zsh'
[1.597s] INFO:colcon.colcon_core.shell:Creating prefix chain script '/home/v120506/rmitbot_v4/lesson5_ws/install/setup.zsh'
