[0.105s] Invoking command in '/home/v120506/rmitbot_v4/lesson5_ws/build/rmitbot_description': CMAKE_PREFIX_PATH=${CMAKE_PREFIX_PATH}:/opt/ros/jazzy DEBUGINFOD_URLS=https://debuginfod.ubuntu.com /usr/bin/cmake --build /home/v120506/rmitbot_v4/lesson5_ws/build/rmitbot_description -- -j8 -l8
[0.322s] Invoked command in '/home/v120506/rmitbot_v4/lesson5_ws/build/rmitbot_description' returned '0': CMAKE_PREFIX_PATH=${CMAKE_PREFIX_PATH}:/opt/ros/jazzy DEBUGINFOD_URLS=https://debuginfod.ubuntu.com /usr/bin/cmake --build /home/v120506/rmitbot_v4/lesson5_ws/build/rmitbot_description -- -j8 -l8
[0.328s] Invoking command in '/home/v120506/rmitbot_v4/lesson5_ws/build/rmitbot_description': CMAKE_PREFIX_PATH=${CMAKE_PREFIX_PATH}:/opt/ros/jazzy DEBUGINFOD_URLS=https://debuginfod.ubuntu.com /usr/bin/cmake --install /home/v120506/rmitbot_v4/lesson5_ws/build/rmitbot_description
[0.375s] -- Install configuration: ""
[0.375s] -- Up-to-date: /home/v120506/rmitbot_v4/lesson5_ws/install/rmitbot_description/share/rmitbot_description/meshes
[0.375s] -- Up-to-date: /home/v120506/rmitbot_v4/lesson5_ws/install/rmitbot_description/share/rmitbot_description/meshes/base_link.STL
[0.376s] -- Up-to-date: /home/v120506/rmitbot_v4/lesson5_ws/install/rmitbot_description/share/rmitbot_description/meshes/caster_front_link.STL
[0.376s] -- Up-to-date: /home/v120506/rmitbot_v4/lesson5_ws/install/rmitbot_description/share/rmitbot_description/meshes/laser_link.STL
[0.376s] -- Up-to-date: /home/v120506/rmitbot_v4/lesson5_ws/install/rmitbot_description/share/rmitbot_description/meshes/wheel_left_link.STL
[0.376s] -- Up-to-date: /home/v120506/rmitbot_v4/lesson5_ws/install/rmitbot_description/share/rmitbot_description/meshes/wheel_right_link.STL
[0.376s] -- Up-to-date: /home/v120506/rmitbot_v4/lesson5_ws/install/rmitbot_description/share/rmitbot_description/meshes/caster_rear_link.STL
[0.376s] -- Up-to-date: /home/v120506/rmitbot_v4/lesson5_ws/install/rmitbot_description/share/rmitbot_description/meshes/imu_link.STL
[0.377s] -- Up-to-date: /home/v120506/rmitbot_v4/lesson5_ws/install/rmitbot_description/share/rmitbot_description/urdf
[0.377s] -- Up-to-date: /home/v120506/rmitbot_v4/lesson5_ws/install/rmitbot_description/share/rmitbot_description/urdf/rmitbot.urdf.xacro
[0.377s] -- Up-to-date: /home/v120506/rmitbot_v4/lesson5_ws/install/rmitbot_description/share/rmitbot_description/urdf/rmitbot_imu.xacro
[0.377s] -- Up-to-date: /home/v120506/rmitbot_v4/lesson5_ws/install/rmitbot_description/share/rmitbot_description/urdf/rmitbot_gazebo.xacro
[0.377s] -- Up-to-date: /home/v120506/rmitbot_v4/lesson5_ws/install/rmitbot_description/share/rmitbot_description/urdf/rmitbot_laser.xacro
[0.377s] -- Up-to-date: /home/v120506/rmitbot_v4/lesson5_ws/install/rmitbot_description/share/rmitbot_description/urdf/rmitbot_platform.xacro
[0.378s] -- Up-to-date: /home/v120506/rmitbot_v4/lesson5_ws/install/rmitbot_description/share/rmitbot_description/urdf/rmitbot_ros2_control.xacro
[0.378s] -- Up-to-date: /home/v120506/rmitbot_v4/lesson5_ws/install/rmitbot_description/share/rmitbot_description/launch
[0.378s] -- Up-to-date: /home/v120506/rmitbot_v4/lesson5_ws/install/rmitbot_description/share/rmitbot_description/launch/gazebo.launch.py
[0.381s] -- Up-to-date: /home/v120506/rmitbot_v4/lesson5_ws/install/rmitbot_description/share/rmitbot_description/launch/display.launch.py
[0.381s] -- Up-to-date: /home/v120506/rmitbot_v4/lesson5_ws/install/rmitbot_description/share/rmitbot_description/rviz
[0.381s] -- Up-to-date: /home/v120506/rmitbot_v4/lesson5_ws/install/rmitbot_description/share/rmitbot_description/rviz/display.rviz
[0.381s] -- Up-to-date: /home/v120506/rmitbot_v4/lesson5_ws/install/rmitbot_description/share/rmitbot_description/world
[0.382s] -- Up-to-date: /home/v120506/rmitbot_v4/lesson5_ws/install/rmitbot_description/share/rmitbot_description/world/room_8x8.world
[0.383s] -- Up-to-date: /home/v120506/rmitbot_v4/lesson5_ws/install/rmitbot_description/share/rmitbot_description/world/room_8x8 copy.sdf
[0.384s] -- Up-to-date: /home/v120506/rmitbot_v4/lesson5_ws/install/rmitbot_description/share/ament_index/resource_index/package_run_dependencies/rmitbot_description
[0.384s] -- Up-to-date: /home/v120506/rmitbot_v4/lesson5_ws/install/rmitbot_description/share/ament_index/resource_index/parent_prefix_path/rmitbot_description
[0.384s] -- Up-to-date: /home/v120506/rmitbot_v4/lesson5_ws/install/rmitbot_description/share/rmitbot_description/environment/ament_prefix_path.sh
[0.384s] -- Up-to-date: /home/v120506/rmitbot_v4/lesson5_ws/install/rmitbot_description/share/rmitbot_description/environment/ament_prefix_path.dsv
[0.384s] -- Up-to-date: /home/v120506/rmitbot_v4/lesson5_ws/install/rmitbot_description/share/rmitbot_description/environment/path.sh
[0.384s] -- Up-to-date: /home/v120506/rmitbot_v4/lesson5_ws/install/rmitbot_description/share/rmitbot_description/environment/path.dsv
[0.385s] -- Up-to-date: /home/v120506/rmitbot_v4/lesson5_ws/install/rmitbot_description/share/rmitbot_description/local_setup.bash
[0.385s] -- Up-to-date: /home/v120506/rmitbot_v4/lesson5_ws/install/rmitbot_description/share/rmitbot_description/local_setup.sh
[0.385s] -- Up-to-date: /home/v120506/rmitbot_v4/lesson5_ws/install/rmitbot_description/share/rmitbot_description/local_setup.zsh
[0.385s] -- Up-to-date: /home/v120506/rmitbot_v4/lesson5_ws/install/rmitbot_description/share/rmitbot_description/local_setup.dsv
[0.385s] -- Installing: /home/v120506/rmitbot_v4/lesson5_ws/install/rmitbot_description/share/rmitbot_description/package.dsv
[0.385s] -- Up-to-date: /home/v120506/rmitbot_v4/lesson5_ws/install/rmitbot_description/share/ament_index/resource_index/packages/rmitbot_description
[0.386s] -- Up-to-date: /home/v120506/rmitbot_v4/lesson5_ws/install/rmitbot_description/share/rmitbot_description/cmake/rmitbot_descriptionConfig.cmake
[0.386s] -- Up-to-date: /home/v120506/rmitbot_v4/lesson5_ws/install/rmitbot_description/share/rmitbot_description/cmake/rmitbot_descriptionConfig-version.cmake
[0.386s] -- Up-to-date: /home/v120506/rmitbot_v4/lesson5_ws/install/rmitbot_description/share/rmitbot_description/package.xml
[0.599s] Invoked command in '/home/v120506/rmitbot_v4/lesson5_ws/build/rmitbot_description' returned '0': CMAKE_PREFIX_PATH=${CMAKE_PREFIX_PATH}:/opt/ros/jazzy DEBUGINFOD_URLS=https://debuginfod.ubuntu.com /usr/bin/cmake --install /home/v120506/rmitbot_v4/lesson5_ws/build/rmitbot_description
